Component: ARM Compiler 5.06 update 6 (build 750) Tool: armlink [4d35ed]

==============================================================================

Section Cross References

    main.o(i.SystemClock_Config) refers to stm32f1xx_ll_utils.o(i.LL_Init1msTick) for LL_Init1msTick
    main.o(i.SystemClock_Config) refers to stm32f1xx_ll_utils.o(i.LL_SetSystemCoreClock) for LL_SetSystemCoreClock
    main.o(i.main) refers to main.o(i.SystemClock_Config) for SystemClock_Config
    main.o(i.main) refers to orientation.o(i.gerer_orientation) for gerer_orientation
    orientation.o(i.LL_TIM_IC_SetPolarity) refers to orientation.o(.constdata) for SHIFT_TAB_CCxP
    orientation.o(i.LL_TIM_OC_EnablePreload) refers to orientation.o(.constdata) for OFFSET_TAB_CCMRx
    orientation.o(i.LL_TIM_OC_SetMode) refers to orientation.o(.constdata) for OFFSET_TAB_CCMRx
    orientation.o(i.cap_generate_pwm) refers to dmul.o(.text) for __aeabi_dmul
    orientation.o(i.cap_generate_pwm) refers to dfixui.o(.text) for __aeabi_d2uiz
    orientation.o(i.cap_init) refers to orientation.o(i.LL_APB1_GRP1_EnableClock) for LL_APB1_GRP1_EnableClock
    orientation.o(i.cap_init) refers to stm32f1xx_ll_tim.o(i.LL_TIM_StructInit) for LL_TIM_StructInit
    orientation.o(i.cap_init) refers to dfixui.o(.text) for __aeabi_d2uiz
    orientation.o(i.cap_init) refers to stm32f1xx_ll_tim.o(i.LL_TIM_Init) for LL_TIM_Init
    orientation.o(i.cap_init) refers to stm32f1xx_ll_gpio.o(i.LL_GPIO_StructInit) for LL_GPIO_StructInit
    orientation.o(i.cap_init) refers to orientation.o(i.LL_GPIO_SetPinMode) for LL_GPIO_SetPinMode
    orientation.o(i.cap_init) refers to stm32f1xx_ll_tim.o(i.LL_TIM_OC_StructInit) for LL_TIM_OC_StructInit
    orientation.o(i.cap_init) refers to stm32f1xx_ll_tim.o(i.LL_TIM_OC_Init) for LL_TIM_OC_Init
    orientation.o(i.cap_init) refers to orientation.o(i.LL_TIM_OC_SetMode) for LL_TIM_OC_SetMode
    orientation.o(i.cap_init) refers to orientation.o(i.LL_TIM_OC_EnablePreload) for LL_TIM_OC_EnablePreload
    orientation.o(i.cap_init) refers to orientation.o(i.LL_TIM_EnableCounter) for LL_TIM_EnableCounter
    orientation.o(i.cap_send_to_moteur) refers to cdcmple.o(.text) for __aeabi_cdcmple
    orientation.o(i.cap_send_to_moteur) refers to dadd.o(.text) for __aeabi_drsub
    orientation.o(i.cap_send_to_moteur) refers to orientation.o(i.cap_generate_pwm) for cap_generate_pwm
    orientation.o(i.cap_send_to_moteur) refers to cap.o(i.cap_generate_pwm) for cap_generate_pwm
    orientation.o(i.cap_send_to_moteur) refers to cdrcmple.o(.text) for __aeabi_cdrcmple
    orientation.o(i.cap_send_to_moteur) refers to orientation.o(i.LL_GPIO_ResetOutputPin) for LL_GPIO_ResetOutputPin
    orientation.o(i.gerer_orientation) refers to round.o(i.round) for round
    orientation.o(i.gerer_orientation) refers to dmul.o(.text) for __aeabi_dmul
    orientation.o(i.gerer_orientation) refers to orientation.o(i.telecommandeRF_init) for telecommandeRF_init
    orientation.o(i.gerer_orientation) refers to telecommande_rf.o(i.telecommandeRF_init) for telecommandeRF_init
    orientation.o(i.gerer_orientation) refers to orientation.o(i.cap_init) for cap_init
    orientation.o(i.gerer_orientation) refers to cap.o(i.cap_init) for cap_init
    orientation.o(i.gerer_orientation) refers to orientation.o(i.cap_send_to_moteur) for cap_send_to_moteur
    orientation.o(i.gerer_orientation) refers to cap.o(i.cap_send_to_moteur) for cap_send_to_moteur
    orientation.o(i.telecommandeRF_getpwm) refers to dfltui.o(.text) for __aeabi_ui2d
    orientation.o(i.telecommandeRF_getpwm) refers to ddiv.o(.text) for __aeabi_ddiv
    orientation.o(i.telecommandeRF_getpwm) refers to dmul.o(.text) for __aeabi_dmul
    orientation.o(i.telecommandeRF_init) refers to orientation.o(i.LL_APB1_GRP1_EnableClock) for LL_APB1_GRP1_EnableClock
    orientation.o(i.telecommandeRF_init) refers to stm32f1xx_ll_gpio.o(i.LL_GPIO_StructInit) for LL_GPIO_StructInit
    orientation.o(i.telecommandeRF_init) refers to orientation.o(i.LL_GPIO_SetPinMode) for LL_GPIO_SetPinMode
    orientation.o(i.telecommandeRF_init) refers to stm32f1xx_ll_tim.o(i.LL_TIM_StructInit) for LL_TIM_StructInit
    orientation.o(i.telecommandeRF_init) refers to stm32f1xx_ll_tim.o(i.LL_TIM_Init) for LL_TIM_Init
    orientation.o(i.telecommandeRF_init) refers to stm32f1xx_ll_tim.o(i.LL_TIM_IC_StructInit) for LL_TIM_IC_StructInit
    orientation.o(i.telecommandeRF_init) refers to stm32f1xx_ll_tim.o(i.LL_TIM_IC_Init) for LL_TIM_IC_Init
    orientation.o(i.telecommandeRF_init) refers to orientation.o(i.LL_TIM_CC_EnableChannel) for LL_TIM_CC_EnableChannel
    orientation.o(i.telecommandeRF_init) refers to orientation.o(i.LL_TIM_IC_SetPolarity) for LL_TIM_IC_SetPolarity
    orientation.o(i.telecommandeRF_init) refers to orientation.o(i.LL_TIM_EnableCounter) for LL_TIM_EnableCounter
    telecommande_rf.o(i.LL_TIM_IC_SetPolarity) refers to telecommande_rf.o(.constdata) for SHIFT_TAB_CCxP
    telecommande_rf.o(i.telecommandeRF_getpwm) refers to dfltui.o(.text) for __aeabi_ui2d
    telecommande_rf.o(i.telecommandeRF_getpwm) refers to ddiv.o(.text) for __aeabi_ddiv
    telecommande_rf.o(i.telecommandeRF_getpwm) refers to dmul.o(.text) for __aeabi_dmul
    telecommande_rf.o(i.telecommandeRF_init) refers to stm32f1xx_ll_gpio.o(i.LL_GPIO_StructInit) for LL_GPIO_StructInit
    telecommande_rf.o(i.telecommandeRF_init) refers to telecommande_rf.o(i.LL_GPIO_SetPinMode) for LL_GPIO_SetPinMode
    telecommande_rf.o(i.telecommandeRF_init) refers to stm32f1xx_ll_tim.o(i.LL_TIM_StructInit) for LL_TIM_StructInit
    telecommande_rf.o(i.telecommandeRF_init) refers to stm32f1xx_ll_tim.o(i.LL_TIM_Init) for LL_TIM_Init
    telecommande_rf.o(i.telecommandeRF_init) refers to stm32f1xx_ll_tim.o(i.LL_TIM_IC_StructInit) for LL_TIM_IC_StructInit
    telecommande_rf.o(i.telecommandeRF_init) refers to stm32f1xx_ll_tim.o(i.LL_TIM_IC_Init) for LL_TIM_IC_Init
    telecommande_rf.o(i.telecommandeRF_init) refers to telecommande_rf.o(i.LL_TIM_CC_EnableChannel) for LL_TIM_CC_EnableChannel
    telecommande_rf.o(i.telecommandeRF_init) refers to telecommande_rf.o(i.LL_TIM_IC_SetPolarity) for LL_TIM_IC_SetPolarity
    cap.o(i.LL_TIM_OC_EnablePreload) refers to cap.o(.constdata) for OFFSET_TAB_CCMRx
    cap.o(i.LL_TIM_OC_SetMode) refers to cap.o(.constdata) for OFFSET_TAB_CCMRx
    cap.o(i.cap_generate_pwm) refers to dmul.o(.text) for __aeabi_dmul
    cap.o(i.cap_generate_pwm) refers to dfixui.o(.text) for __aeabi_d2uiz
    cap.o(i.cap_init) refers to stm32f1xx_ll_tim.o(i.LL_TIM_StructInit) for LL_TIM_StructInit
    cap.o(i.cap_init) refers to dfixui.o(.text) for __aeabi_d2uiz
    cap.o(i.cap_init) refers to stm32f1xx_ll_tim.o(i.LL_TIM_Init) for LL_TIM_Init
    cap.o(i.cap_init) refers to stm32f1xx_ll_gpio.o(i.LL_GPIO_StructInit) for LL_GPIO_StructInit
    cap.o(i.cap_init) refers to cap.o(i.LL_GPIO_SetPinMode) for LL_GPIO_SetPinMode
    cap.o(i.cap_init) refers to stm32f1xx_ll_tim.o(i.LL_TIM_OC_StructInit) for LL_TIM_OC_StructInit
    cap.o(i.cap_init) refers to stm32f1xx_ll_tim.o(i.LL_TIM_OC_Init) for LL_TIM_OC_Init
    cap.o(i.cap_init) refers to cap.o(i.LL_TIM_OC_SetMode) for LL_TIM_OC_SetMode
    cap.o(i.cap_init) refers to cap.o(i.LL_TIM_OC_EnablePreload) for LL_TIM_OC_EnablePreload
    cap.o(i.cap_send_to_moteur) refers to cdcmple.o(.text) for __aeabi_cdcmple
    cap.o(i.cap_send_to_moteur) refers to dadd.o(.text) for __aeabi_drsub
    cap.o(i.cap_send_to_moteur) refers to orientation.o(i.cap_generate_pwm) for cap_generate_pwm
    cap.o(i.cap_send_to_moteur) refers to cap.o(i.cap_generate_pwm) for cap_generate_pwm
    cap.o(i.cap_send_to_moteur) refers to cdrcmple.o(.text) for __aeabi_cdrcmple
    cap.o(i.cap_send_to_moteur) refers to cap.o(i.LL_GPIO_ResetOutputPin) for LL_GPIO_ResetOutputPin
    stm32f1xx_ll_rcc.o(i.LL_RCC_DeInit) refers to stm32f1xx_ll_rcc.o(i.LL_RCC_PLL_IsReady) for LL_RCC_PLL_IsReady
    stm32f1xx_ll_rcc.o(i.LL_RCC_GetADCClockFreq) refers to main.o(i.assert_failed) for assert_failed
    stm32f1xx_ll_rcc.o(i.LL_RCC_GetADCClockFreq) refers to stm32f1xx_ll_rcc.o(i.RCC_GetSystemClockFreq) for RCC_GetSystemClockFreq
    stm32f1xx_ll_rcc.o(i.LL_RCC_GetADCClockFreq) refers to stm32f1xx_ll_rcc.o(i.RCC_GetHCLKClockFreq) for RCC_GetHCLKClockFreq
    stm32f1xx_ll_rcc.o(i.LL_RCC_GetADCClockFreq) refers to stm32f1xx_ll_rcc.o(i.RCC_GetPCLK2ClockFreq) for RCC_GetPCLK2ClockFreq
    stm32f1xx_ll_rcc.o(i.LL_RCC_GetSystemClocksFreq) refers to stm32f1xx_ll_rcc.o(i.RCC_GetSystemClockFreq) for RCC_GetSystemClockFreq
    stm32f1xx_ll_rcc.o(i.LL_RCC_GetSystemClocksFreq) refers to stm32f1xx_ll_rcc.o(i.RCC_GetHCLKClockFreq) for RCC_GetHCLKClockFreq
    stm32f1xx_ll_rcc.o(i.LL_RCC_GetSystemClocksFreq) refers to stm32f1xx_ll_rcc.o(i.RCC_GetPCLK1ClockFreq) for RCC_GetPCLK1ClockFreq
    stm32f1xx_ll_rcc.o(i.LL_RCC_GetSystemClocksFreq) refers to stm32f1xx_ll_rcc.o(i.RCC_GetPCLK2ClockFreq) for RCC_GetPCLK2ClockFreq
    stm32f1xx_ll_rcc.o(i.LL_RCC_GetUSBClockFreq) refers to main.o(i.assert_failed) for assert_failed
    stm32f1xx_ll_rcc.o(i.LL_RCC_GetUSBClockFreq) refers to stm32f1xx_ll_rcc.o(i.LL_RCC_PLL_IsReady) for LL_RCC_PLL_IsReady
    stm32f1xx_ll_rcc.o(i.LL_RCC_GetUSBClockFreq) refers to stm32f1xx_ll_rcc.o(i.RCC_PLL_GetFreqDomain_SYS) for RCC_PLL_GetFreqDomain_SYS
    stm32f1xx_ll_rcc.o(i.RCC_GetHCLKClockFreq) refers to system_stm32f1xx.o(.constdata) for AHBPrescTable
    stm32f1xx_ll_rcc.o(i.RCC_GetPCLK1ClockFreq) refers to system_stm32f1xx.o(.constdata) for APBPrescTable
    stm32f1xx_ll_rcc.o(i.RCC_GetPCLK2ClockFreq) refers to system_stm32f1xx.o(.constdata) for APBPrescTable
    stm32f1xx_ll_rcc.o(i.RCC_GetSystemClockFreq) refers to stm32f1xx_ll_rcc.o(i.RCC_PLL_GetFreqDomain_SYS) for RCC_PLL_GetFreqDomain_SYS
    stm32f1xx_ll_utils.o(i.LL_PLL_ConfigSystemClock_HSE) refers to main.o(i.assert_failed) for assert_failed
    stm32f1xx_ll_utils.o(i.LL_PLL_ConfigSystemClock_HSE) refers to stm32f1xx_ll_utils.o(i.UTILS_PLL_IsBusy) for UTILS_PLL_IsBusy
    stm32f1xx_ll_utils.o(i.LL_PLL_ConfigSystemClock_HSE) refers to stm32f1xx_ll_utils.o(i.UTILS_GetPLLOutputFrequency) for UTILS_GetPLLOutputFrequency
    stm32f1xx_ll_utils.o(i.LL_PLL_ConfigSystemClock_HSE) refers to stm32f1xx_ll_utils.o(i.LL_RCC_HSE_IsReady) for LL_RCC_HSE_IsReady
    stm32f1xx_ll_utils.o(i.LL_PLL_ConfigSystemClock_HSE) refers to stm32f1xx_ll_utils.o(i.LL_RCC_PLL_ConfigDomain_SYS) for LL_RCC_PLL_ConfigDomain_SYS
    stm32f1xx_ll_utils.o(i.LL_PLL_ConfigSystemClock_HSE) refers to stm32f1xx_ll_utils.o(i.UTILS_EnablePLLAndSwitchSystem) for UTILS_EnablePLLAndSwitchSystem
    stm32f1xx_ll_utils.o(i.LL_PLL_ConfigSystemClock_HSI) refers to stm32f1xx_ll_utils.o(i.UTILS_PLL_IsBusy) for UTILS_PLL_IsBusy
    stm32f1xx_ll_utils.o(i.LL_PLL_ConfigSystemClock_HSI) refers to stm32f1xx_ll_utils.o(i.UTILS_GetPLLOutputFrequency) for UTILS_GetPLLOutputFrequency
    stm32f1xx_ll_utils.o(i.LL_PLL_ConfigSystemClock_HSI) refers to stm32f1xx_ll_utils.o(i.LL_RCC_HSI_IsReady) for LL_RCC_HSI_IsReady
    stm32f1xx_ll_utils.o(i.LL_PLL_ConfigSystemClock_HSI) refers to stm32f1xx_ll_utils.o(i.LL_RCC_PLL_ConfigDomain_SYS) for LL_RCC_PLL_ConfigDomain_SYS
    stm32f1xx_ll_utils.o(i.LL_PLL_ConfigSystemClock_HSI) refers to stm32f1xx_ll_utils.o(i.UTILS_EnablePLLAndSwitchSystem) for UTILS_EnablePLLAndSwitchSystem
    stm32f1xx_ll_utils.o(i.LL_SetSystemCoreClock) refers to system_stm32f1xx.o(.data) for SystemCoreClock
    stm32f1xx_ll_utils.o(i.UTILS_EnablePLLAndSwitchSystem) refers to main.o(i.assert_failed) for assert_failed
    stm32f1xx_ll_utils.o(i.UTILS_EnablePLLAndSwitchSystem) refers to stm32f1xx_ll_utils.o(i.UTILS_SetFlashLatency) for UTILS_SetFlashLatency
    stm32f1xx_ll_utils.o(i.UTILS_EnablePLLAndSwitchSystem) refers to stm32f1xx_ll_utils.o(i.LL_RCC_PLL_IsReady) for LL_RCC_PLL_IsReady
    stm32f1xx_ll_utils.o(i.UTILS_EnablePLLAndSwitchSystem) refers to stm32f1xx_ll_utils.o(i.LL_SetSystemCoreClock) for LL_SetSystemCoreClock
    stm32f1xx_ll_utils.o(i.UTILS_EnablePLLAndSwitchSystem) refers to system_stm32f1xx.o(.constdata) for AHBPrescTable
    stm32f1xx_ll_utils.o(i.UTILS_EnablePLLAndSwitchSystem) refers to system_stm32f1xx.o(.data) for SystemCoreClock
    stm32f1xx_ll_utils.o(i.UTILS_GetPLLOutputFrequency) refers to main.o(i.assert_failed) for assert_failed
    stm32f1xx_ll_utils.o(i.UTILS_PLL_IsBusy) refers to stm32f1xx_ll_utils.o(i.LL_RCC_PLL_IsReady) for LL_RCC_PLL_IsReady
    stm32f1xx_ll_tim.o(i.IC1Config) refers to main.o(i.assert_failed) for assert_failed
    stm32f1xx_ll_tim.o(i.IC2Config) refers to main.o(i.assert_failed) for assert_failed
    stm32f1xx_ll_tim.o(i.IC3Config) refers to main.o(i.assert_failed) for assert_failed
    stm32f1xx_ll_tim.o(i.IC4Config) refers to main.o(i.assert_failed) for assert_failed
    stm32f1xx_ll_tim.o(i.LL_TIM_BDTR_Init) refers to main.o(i.assert_failed) for assert_failed
    stm32f1xx_ll_tim.o(i.LL_TIM_DeInit) refers to main.o(i.assert_failed) for assert_failed
    stm32f1xx_ll_tim.o(i.LL_TIM_DeInit) refers to stm32f1xx_ll_tim.o(i.LL_APB1_GRP1_ForceReset) for LL_APB1_GRP1_ForceReset
    stm32f1xx_ll_tim.o(i.LL_TIM_DeInit) refers to stm32f1xx_ll_tim.o(i.LL_APB1_GRP1_ReleaseReset) for LL_APB1_GRP1_ReleaseReset
    stm32f1xx_ll_tim.o(i.LL_TIM_ENCODER_Init) refers to main.o(i.assert_failed) for assert_failed
    stm32f1xx_ll_tim.o(i.LL_TIM_HALLSENSOR_Init) refers to main.o(i.assert_failed) for assert_failed
    stm32f1xx_ll_tim.o(i.LL_TIM_HALLSENSOR_Init) refers to stm32f1xx_ll_tim.o(i.LL_TIM_OC_SetCompareCH2) for LL_TIM_OC_SetCompareCH2
    stm32f1xx_ll_tim.o(i.LL_TIM_IC_Init) refers to stm32f1xx_ll_tim.o(i.IC1Config) for IC1Config
    stm32f1xx_ll_tim.o(i.LL_TIM_IC_Init) refers to stm32f1xx_ll_tim.o(i.IC2Config) for IC2Config
    stm32f1xx_ll_tim.o(i.LL_TIM_IC_Init) refers to stm32f1xx_ll_tim.o(i.IC3Config) for IC3Config
    stm32f1xx_ll_tim.o(i.LL_TIM_IC_Init) refers to stm32f1xx_ll_tim.o(i.IC4Config) for IC4Config
    stm32f1xx_ll_tim.o(i.LL_TIM_Init) refers to main.o(i.assert_failed) for assert_failed
    stm32f1xx_ll_tim.o(i.LL_TIM_OC_Init) refers to stm32f1xx_ll_tim.o(i.OC1Config) for OC1Config
    stm32f1xx_ll_tim.o(i.LL_TIM_OC_Init) refers to stm32f1xx_ll_tim.o(i.OC2Config) for OC2Config
    stm32f1xx_ll_tim.o(i.LL_TIM_OC_Init) refers to stm32f1xx_ll_tim.o(i.OC3Config) for OC3Config
    stm32f1xx_ll_tim.o(i.LL_TIM_OC_Init) refers to stm32f1xx_ll_tim.o(i.OC4Config) for OC4Config
    stm32f1xx_ll_tim.o(i.OC1Config) refers to main.o(i.assert_failed) for assert_failed
    stm32f1xx_ll_tim.o(i.OC2Config) refers to main.o(i.assert_failed) for assert_failed
    stm32f1xx_ll_tim.o(i.OC2Config) refers to stm32f1xx_ll_tim.o(i.LL_TIM_OC_SetCompareCH2) for LL_TIM_OC_SetCompareCH2
    stm32f1xx_ll_tim.o(i.OC3Config) refers to main.o(i.assert_failed) for assert_failed
    stm32f1xx_ll_tim.o(i.OC4Config) refers to main.o(i.assert_failed) for assert_failed
    stm32f1xx_ll_usart.o(i.LL_USART_ClockInit) refers to main.o(i.assert_failed) for assert_failed
    stm32f1xx_ll_usart.o(i.LL_USART_ClockInit) refers to stm32f1xx_ll_usart.o(i.LL_USART_IsEnabled) for LL_USART_IsEnabled
    stm32f1xx_ll_usart.o(i.LL_USART_DeInit) refers to main.o(i.assert_failed) for assert_failed
    stm32f1xx_ll_usart.o(i.LL_USART_DeInit) refers to stm32f1xx_ll_usart.o(i.LL_APB1_GRP1_ForceReset) for LL_APB1_GRP1_ForceReset
    stm32f1xx_ll_usart.o(i.LL_USART_DeInit) refers to stm32f1xx_ll_usart.o(i.LL_APB1_GRP1_ReleaseReset) for LL_APB1_GRP1_ReleaseReset
    stm32f1xx_ll_usart.o(i.LL_USART_Init) refers to main.o(i.assert_failed) for assert_failed
    stm32f1xx_ll_usart.o(i.LL_USART_Init) refers to stm32f1xx_ll_usart.o(i.LL_USART_IsEnabled) for LL_USART_IsEnabled
    stm32f1xx_ll_usart.o(i.LL_USART_Init) refers to stm32f1xx_ll_rcc.o(i.LL_RCC_GetSystemClocksFreq) for LL_RCC_GetSystemClocksFreq
    stm32f1xx_ll_usart.o(i.LL_USART_Init) refers to stm32f1xx_ll_usart.o(i.LL_USART_SetBaudRate) for LL_USART_SetBaudRate
    stm32f1xx_ll_gpio.o(i.LL_GPIO_DeInit) refers to main.o(i.assert_failed) for assert_failed
    stm32f1xx_ll_gpio.o(i.LL_GPIO_DeInit) refers to stm32f1xx_ll_gpio.o(i.LL_APB2_GRP1_ForceReset) for LL_APB2_GRP1_ForceReset
    stm32f1xx_ll_gpio.o(i.LL_GPIO_DeInit) refers to stm32f1xx_ll_gpio.o(i.LL_APB2_GRP1_ReleaseReset) for LL_APB2_GRP1_ReleaseReset
    stm32f1xx_ll_gpio.o(i.LL_GPIO_Init) refers to main.o(i.assert_failed) for assert_failed
    system_stm32f1xx.o(i.SystemCoreClockUpdate) refers to system_stm32f1xx.o(.data) for SystemCoreClock
    system_stm32f1xx.o(i.SystemCoreClockUpdate) refers to system_stm32f1xx.o(.constdata) for AHBPrescTable
    startup_stm32f103xb.o(RESET) refers to startup_stm32f103xb.o(STACK) for __initial_sp
    startup_stm32f103xb.o(RESET) refers to startup_stm32f103xb.o(.text) for Reset_Handler
    startup_stm32f103xb.o(.text) refers to system_stm32f1xx.o(i.SystemInit) for SystemInit
    startup_stm32f103xb.o(.text) refers to entry.o(.ARM.Collect$$$$00000000) for __main
    round.o(i.round) refers (Special) to iusefp.o(.text) for __I$use$fp
    round.o(i.round) refers to drnd.o(.text) for _drnd
    round.o(i.round) refers to dadd.o(.text) for __aeabi_drsub
    round.o(i.round) refers to cdcmple.o(.text) for __aeabi_cdcmple
    round.o(i.round) refers to cdrcmple.o(.text) for __aeabi_cdrcmple
    entry.o(.ARM.Collect$$$$00000000) refers (Special) to entry10a.o(.ARM.Collect$$$$0000000D) for __rt_final_cpp
    entry.o(.ARM.Collect$$$$00000000) refers (Special) to entry11a.o(.ARM.Collect$$$$0000000F) for __rt_final_exit
    entry.o(.ARM.Collect$$$$00000000) refers (Special) to entry7b.o(.ARM.Collect$$$$00000008) for _main_clock
    entry.o(.ARM.Collect$$$$00000000) refers (Special) to entry8b.o(.ARM.Collect$$$$0000000A) for _main_cpp_init
    entry.o(.ARM.Collect$$$$00000000) refers (Special) to entry9a.o(.ARM.Collect$$$$0000000B) for _main_init
    entry.o(.ARM.Collect$$$$00000000) refers (Special) to entry5.o(.ARM.Collect$$$$00000004) for _main_scatterload
    entry.o(.ARM.Collect$$$$00000000) refers (Special) to entry2.o(.ARM.Collect$$$$00000001) for _main_stk
    dadd.o(.text) refers (Special) to iusefp.o(.text) for __I$use$fp
    dadd.o(.text) refers to llshl.o(.text) for __aeabi_llsl
    dadd.o(.text) refers to llsshr.o(.text) for __aeabi_lasr
    dadd.o(.text) refers to depilogue.o(.text) for _double_epilogue
    dmul.o(.text) refers (Special) to iusefp.o(.text) for __I$use$fp
    dmul.o(.text) refers to depilogue.o(.text) for _double_epilogue
    ddiv.o(.text) refers (Special) to iusefp.o(.text) for __I$use$fp
    ddiv.o(.text) refers to depilogue.o(.text) for _double_round
    dfltui.o(.text) refers (Special) to iusefp.o(.text) for __I$use$fp
    dfltui.o(.text) refers to depilogue.o(.text) for _double_epilogue
    dfixui.o(.text) refers (Special) to iusefp.o(.text) for __I$use$fp
    dfixui.o(.text) refers to llushr.o(.text) for __aeabi_llsr
    cdcmple.o(.text) refers (Special) to iusefp.o(.text) for __I$use$fp
    cdrcmple.o(.text) refers (Special) to iusefp.o(.text) for __I$use$fp
    entry2.o(.ARM.Collect$$$$00000001) refers to entry2.o(.ARM.Collect$$$$00002712) for __lit__00000000
    entry2.o(.ARM.Collect$$$$00002712) refers to startup_stm32f103xb.o(STACK) for __initial_sp
    entry2.o(__vectab_stack_and_reset_area) refers to startup_stm32f103xb.o(STACK) for __initial_sp
    entry2.o(__vectab_stack_and_reset_area) refers to entry.o(.ARM.Collect$$$$00000000) for __main
    entry5.o(.ARM.Collect$$$$00000004) refers to init.o(.text) for __scatterload
    entry9a.o(.ARM.Collect$$$$0000000B) refers to main.o(i.main) for main
    entry9b.o(.ARM.Collect$$$$0000000C) refers to main.o(i.main) for main
    depilogue.o(.text) refers to llshl.o(.text) for __aeabi_llsl
    depilogue.o(.text) refers to llushr.o(.text) for __aeabi_llsr
    drnd.o(.text) refers to llshl.o(.text) for __aeabi_llsl
    drnd.o(.text) refers to llushr.o(.text) for __aeabi_llsr
    drnd.o(.text) refers to depilogue.o(.text) for _double_round
    init.o(.text) refers to entry5.o(.ARM.Collect$$$$00000004) for __main_after_scatterload

