Component: ARM Compiler 5.06 update 6 (build 750) Tool: armlink [4d35ed]

==============================================================================

Section Cross References

    main.o(i.SystemClock_Config) refers to stm32f1xx_ll_utils.o(i.LL_Init1msTick) for LL_Init1msTick
    main.o(i.SystemClock_Config) refers to stm32f1xx_ll_utils.o(i.LL_SetSystemCoreClock) for LL_SetSystemCoreClock
    main.o(i.assert_failed) refers to orientation.o(i.gerer_orientation) for gerer_orientation
    main.o(i.main) refers to main.o(i.SystemClock_Config) for SystemClock_Config
    main.o(i.main) refers to bordage.o(i.bordage_conf_IO) for bordage_conf_IO
    main.o(i.main) refers to orientation.o(i.orientation_init) for orientation_init
    main.o(i.main) refers to affichage.o(i.DATA_init) for DATA_init
    main.o(i.main) refers to bordage.o(i.Bordage_Background) for Bordage_Background
    bordage.o(i.Bordage_Background) refers to girouette.o(i.get_alpha) for get_alpha
    bordage.o(i.Bordage_Background) refers to bordage.o(i.bordage_border_voiles) for bordage_border_voiles
    bordage.o(i.Bordage_Background) refers to bordage.o(.data) for alpha
    bordage.o(i.bordage_border_voiles) refers to voiles.o(i.voiles_alpha_to_teta) for voiles_alpha_to_teta
    bordage.o(i.bordage_border_voiles) refers to voiles.o(i.voiles_teta_to_ms) for voiles_teta_to_ms
    bordage.o(i.bordage_border_voiles) refers to voiles.o(i.voiles_rapport_cyclique) for voiles_rapport_cyclique
    bordage.o(i.bordage_border_voiles) refers to voiles.o(i.rapport_cyclique_to_comparevalue) for rapport_cyclique_to_comparevalue
    bordage.o(i.bordage_border_voiles) refers to ffixi.o(.text) for __aeabi_f2iz
    bordage.o(i.bordage_border_voiles) refers to voiles.o(i.voiles_compare) for voiles_compare
    bordage.o(i.bordage_border_voiles) refers to bordage.o(.data) for teta1
    bordage.o(i.bordage_conf_IO) refers to girouette.o(i.Girouette_Conf) for Girouette_Conf
    bordage.o(i.bordage_conf_IO) refers to voiles.o(i.voiles_conf) for voiles_conf
    bordage.o(i.bordage_lacher_voiles) refers to voiles.o(i.voiles_teta_to_ms) for voiles_teta_to_ms
    bordage.o(i.bordage_lacher_voiles) refers to voiles.o(i.voiles_rapport_cyclique) for voiles_rapport_cyclique
    bordage.o(i.bordage_lacher_voiles) refers to voiles.o(i.rapport_cyclique_to_comparevalue) for rapport_cyclique_to_comparevalue
    bordage.o(i.bordage_lacher_voiles) refers to ffixi.o(.text) for __aeabi_f2iz
    bordage.o(i.bordage_lacher_voiles) refers to voiles.o(i.voiles_compare) for voiles_compare
    bordage.o(i.bordage_lacher_voiles) refers to bordage.o(.data) for MS
    bordage.o(i.set_index) refers to girouette.o(i.Enable_Counter) for Enable_Counter
    affichage.o(i.DATA_init) refers to data.o(i.DATA_USART_init) for DATA_USART_init
    affichage.o(i.DATA_init) refers to data.o(i.DATA_GPIO_init) for DATA_GPIO_init
    affichage.o(i.affichage_3sec) refers to printf1.o(i.__0sprintf$1) for __2sprintf
    affichage.o(i.affichage_3sec) refers to data.o(i.DATA_USART_send) for DATA_USART_send
    affichage.o(i.affichage_background) refers to affichage.o(i.affichage_3sec) for affichage_3sec
    affichage.o(i.affichage_background) refers to affichage.o(i.envoi_roulis) for envoi_roulis
    affichage.o(i.affichage_background) refers to affichage.o(i.envoi_batterie) for envoi_batterie
    affichage.o(i.envoi_batterie) refers to data.o(i.DATA_USART_send) for DATA_USART_send
    affichage.o(i.envoi_roulis) refers to data.o(i.DATA_USART_send) for DATA_USART_send
    orientation.o(i.gerer_orientation) refers to telecommande_rf.o(i.telecommandeRF_getpwm) for telecommandeRF_getpwm
    orientation.o(i.gerer_orientation) refers to cap.o(i.cap_send_to_moteur) for cap_send_to_moteur
    orientation.o(i.orientation_init) refers to cap.o(i.cap_init) for cap_init
    orientation.o(i.orientation_init) refers to telecommande_rf.o(i.telecommandeRF_init) for telecommandeRF_init
    girouette.o(i.Girouette_Conf) refers to stm32f1xx_ll_tim.o(i.LL_TIM_Init) for LL_TIM_Init
    girouette.o(i.Girouette_Conf) refers to girouette.o(i.LL_TIM_CC_EnableChannel) for LL_TIM_CC_EnableChannel
    girouette.o(i.Girouette_Conf) refers to girouette.o(i.LL_TIM_IC_SetPolarity) for LL_TIM_IC_SetPolarity
    girouette.o(i.Girouette_Conf) refers to girouette.o(i.LL_GPIO_SetPinMode) for LL_GPIO_SetPinMode
    girouette.o(i.LL_TIM_IC_SetPolarity) refers to girouette.o(.constdata) for SHIFT_TAB_CCxP
    telecommande_rf.o(i.LL_TIM_IC_SetActiveInput) refers to telecommande_rf.o(.constdata) for OFFSET_TAB_CCMRx
    telecommande_rf.o(i.LL_TIM_IC_SetPolarity) refers to telecommande_rf.o(.constdata) for SHIFT_TAB_CCxP
    telecommande_rf.o(i.telecommandeRF_init) refers to stm32f1xx_ll_gpio.o(i.LL_GPIO_StructInit) for LL_GPIO_StructInit
    telecommande_rf.o(i.telecommandeRF_init) refers to stm32f1xx_ll_gpio.o(i.LL_GPIO_Init) for LL_GPIO_Init
[...]
    stm32f1xx_ll_tim.o(i.LL_TIM_OC_Init) refers to stm32f1xx_ll_tim.o(i.OC4Config) for OC4Config
    stm32f1xx_ll_tim.o(i.OC1Config) refers to main.o(i.assert_failed) for assert_failed
    stm32f1xx_ll_tim.o(i.OC2Config) refers to main.o(i.assert_failed) for assert_failed
    stm32f1xx_ll_tim.o(i.OC2Config) refers to stm32f1xx_ll_tim.o(i.LL_TIM_OC_SetCompareCH2) for LL_TIM_OC_SetCompareCH2
    stm32f1xx_ll_tim.o(i.OC3Config) refers to main.o(i.assert_failed) for assert_failed
    stm32f1xx_ll_tim.o(i.OC4Config) refers to main.o(i.assert_failed) for assert_failed
    stm32f1xx_ll_usart.o(i.LL_USART_ClockInit) refers to main.o(i.assert_failed) for assert_failed
    stm32f1xx_ll_usart.o(i.LL_USART_ClockInit) refers to stm32f1xx_ll_usart.o(i.LL_USART_IsEnabled) for LL_USART_IsEnabled
    stm32f1xx_ll_usart.o(i.LL_USART_DeInit) refers to main.o(i.assert_failed) for assert_failed
    stm32f1xx_ll_usart.o(i.LL_USART_DeInit) refers to stm32f1xx_ll_usart.o(i.LL_APB1_GRP1_ForceReset) for LL_APB1_GRP1_ForceReset
    stm32f1xx_ll_usart.o(i.LL_USART_DeInit) refers to stm32f1xx_ll_usart.o(i.LL_APB1_GRP1_ReleaseReset) for LL_APB1_GRP1_ReleaseReset
    stm32f1xx_ll_usart.o(i.LL_USART_Init) refers to main.o(i.assert_failed) for assert_failed
    stm32f1xx_ll_usart.o(i.LL_USART_Init) refers to stm32f1xx_ll_usart.o(i.LL_USART_IsEnabled) for LL_USART_IsEnabled
    stm32f1xx_ll_usart.o(i.LL_USART_Init) refers to stm32f1xx_ll_rcc.o(i.LL_RCC_GetSystemClocksFreq) for LL_RCC_GetSystemClocksFreq
    stm32f1xx_ll_usart.o(i.LL_USART_Init) refers to stm32f1xx_ll_usart.o(i.LL_USART_SetBaudRate) for LL_USART_SetBaudRate
    stm32f1xx_ll_gpio.o(i.LL_GPIO_DeInit) refers to main.o(i.assert_failed) for assert_failed
    stm32f1xx_ll_gpio.o(i.LL_GPIO_DeInit) refers to stm32f1xx_ll_gpio.o(i.LL_APB2_GRP1_ForceReset) for LL_APB2_GRP1_ForceReset
    stm32f1xx_ll_gpio.o(i.LL_GPIO_DeInit) refers to stm32f1xx_ll_gpio.o(i.LL_APB2_GRP1_ReleaseReset) for LL_APB2_GRP1_ReleaseReset
    stm32f1xx_ll_gpio.o(i.LL_GPIO_Init) refers to main.o(i.assert_failed) for assert_failed
    stm32f1xx_ll_adc.o(i.LL_ADC_CommonDeInit) refers to main.o(i.assert_failed) for assert_failed
    stm32f1xx_ll_adc.o(i.LL_ADC_CommonInit) refers to main.o(i.assert_failed) for assert_failed
    stm32f1xx_ll_adc.o(i.LL_ADC_CommonInit) refers to stm32f1xx_ll_adc.o(i.LL_ADC_IsEnabled) for LL_ADC_IsEnabled
    stm32f1xx_ll_adc.o(i.LL_ADC_DeInit) refers to main.o(i.assert_failed) for assert_failed
    stm32f1xx_ll_adc.o(i.LL_ADC_DeInit) refers to stm32f1xx_ll_adc.o(i.LL_ADC_IsEnabled) for LL_ADC_IsEnabled
    stm32f1xx_ll_adc.o(i.LL_ADC_INJ_Init) refers to main.o(i.assert_failed) for assert_failed
    stm32f1xx_ll_adc.o(i.LL_ADC_INJ_Init) refers to stm32f1xx_ll_adc.o(i.LL_ADC_IsEnabled) for LL_ADC_IsEnabled
    stm32f1xx_ll_adc.o(i.LL_ADC_Init) refers to main.o(i.assert_failed) for assert_failed
    stm32f1xx_ll_adc.o(i.LL_ADC_Init) refers to stm32f1xx_ll_adc.o(i.LL_ADC_IsEnabled) for LL_ADC_IsEnabled
    stm32f1xx_ll_adc.o(i.LL_ADC_REG_Init) refers to main.o(i.assert_failed) for assert_failed
    stm32f1xx_ll_adc.o(i.LL_ADC_REG_Init) refers to stm32f1xx_ll_adc.o(i.LL_ADC_IsEnabled) for LL_ADC_IsEnabled
    system_stm32f1xx.o(i.SystemCoreClockUpdate) refers to system_stm32f1xx.o(.data) for SystemCoreClock
    system_stm32f1xx.o(i.SystemCoreClockUpdate) refers to system_stm32f1xx.o(.constdata) for AHBPrescTable
    startup_stm32f103xb.o(RESET) refers to startup_stm32f103xb.o(STACK) for __initial_sp
    startup_stm32f103xb.o(RESET) refers to startup_stm32f103xb.o(.text) for Reset_Handler
    startup_stm32f103xb.o(.text) refers to system_stm32f1xx.o(i.SystemInit) for SystemInit
    startup_stm32f103xb.o(.text) refers to entry.o(.ARM.Collect$$$$00000000) for __main
    entry.o(.ARM.Collect$$$$00000000) refers (Special) to entry10a.o(.ARM.Collect$$$$0000000D) for __rt_final_cpp
    entry.o(.ARM.Collect$$$$00000000) refers (Special) to entry11a.o(.ARM.Collect$$$$0000000F) for __rt_final_exit
    entry.o(.ARM.Collect$$$$00000000) refers (Special) to entry7b.o(.ARM.Collect$$$$00000008) for _main_clock
    entry.o(.ARM.Collect$$$$00000000) refers (Special) to entry8b.o(.ARM.Collect$$$$0000000A) for _main_cpp_init
    entry.o(.ARM.Collect$$$$00000000) refers (Special) to entry9a.o(.ARM.Collect$$$$0000000B) for _main_init
    entry.o(.ARM.Collect$$$$00000000) refers (Special) to entry5.o(.ARM.Collect$$$$00000004) for _main_scatterload
    entry.o(.ARM.Collect$$$$00000000) refers (Special) to entry2.o(.ARM.Collect$$$$00000001) for _main_stk
    printfb.o(i.__0fprintf$bare) refers to printfb.o(i._printf_core) for _printf_core
    printfb.o(i.__0fprintf$bare) refers to fputc.o(i.fputc) for fputc
    printfb.o(i.__0printf$bare) refers to printfb.o(i._printf_core) for _printf_core
    printfb.o(i.__0printf$bare) refers to fputc.o(i.fputc) for fputc
    printfb.o(i.__0printf$bare) refers to stdout.o(.data) for __stdout
    printfb.o(i.__0snprintf$bare) refers to printfb.o(i._printf_core) for _printf_core
    printfb.o(i.__0snprintf$bare) refers to printfb.o(i._snputc) for _snputc
    printfb.o(i.__0sprintf$bare) refers to printfb.o(i._printf_core) for _printf_core
    printfb.o(i.__0sprintf$bare) refers to printfb.o(i._sputc) for _sputc
    printfb.o(i.__0vfprintf$bare) refers to printfb.o(i._printf_core) for _printf_core
    printfb.o(i.__0vfprintf$bare) refers to fputc.o(i.fputc) for fputc
    printfb.o(i.__0vprintf$bare) refers to printfb.o(i._printf_core) for _printf_core
    printfb.o(i.__0vprintf$bare) refers to fputc.o(i.fputc) for fputc
    printfb.o(i.__0vprintf$bare) refers to stdout.o(.data) for __stdout
    printfb.o(i.__0vsnprintf$bare) refers to printfb.o(i._printf_core) for _printf_core
    printfb.o(i.__0vsnprintf$bare) refers to printfb.o(i._snputc) for _snputc
    printfb.o(i.__0vsprintf$bare) refers to printfb.o(i._printf_core) for _printf_core
    printfb.o(i.__0vsprintf$bare) refers to printfb.o(i._sputc) for _sputc
    printf0.o(i.__0fprintf$0) refers to printf0.o(i._printf_core) for _printf_core
    printf0.o(i.__0fprintf$0) refers to fputc.o(i.fputc) for fputc
    printf0.o(i.__0printf$0) refers to printf0.o(i._printf_core) for _printf_core
    printf0.o(i.__0printf$0) refers to fputc.o(i.fputc) for fputc
    printf0.o(i.__0printf$0) refers to stdout.o(.data) for __stdout
    printf0.o(i.__0snprintf$0) refers to printf0.o(i._printf_core) for _printf_core
    printf0.o(i.__0snprintf$0) refers to printf0.o(i._snputc) for _snputc
    printf0.o(i.__0sprintf$0) refers to printf0.o(i._printf_core) for _printf_core
    printf0.o(i.__0sprintf$0) refers to printf0.o(i._sputc) for _sputc
    printf0.o(i.__0vfprintf$0) refers to printf0.o(i._printf_core) for _printf_core
    printf0.o(i.__0vfprintf$0) refers to fputc.o(i.fputc) for fputc
    printf0.o(i.__0vprintf$0) refers to printf0.o(i._printf_core) for _printf_core
    printf0.o(i.__0vprintf$0) refers to fputc.o(i.fputc) for fputc
    printf0.o(i.__0vprintf$0) refers to stdout.o(.data) for __stdout
    printf0.o(i.__0vsnprintf$0) refers to printf0.o(i._printf_core) for _printf_core
    printf0.o(i.__0vsnprintf$0) refers to printf0.o(i._snputc) for _snputc
    printf0.o(i.__0vsprintf$0) refers to printf0.o(i._printf_core) for _printf_core
    printf0.o(i.__0vsprintf$0) refers to printf0.o(i._sputc) for _sputc
    printf1.o(i.__0fprintf$1) refers to printf1.o(i._printf_core) for _printf_core
    printf1.o(i.__0fprintf$1) refers to fputc.o(i.fputc) for fputc
    printf1.o(i.__0printf$1) refers to printf1.o(i._printf_core) for _printf_core
    printf1.o(i.__0printf$1) refers to fputc.o(i.fputc) for fputc
    printf1.o(i.__0printf$1) refers to stdout.o(.data) for __stdout
    printf1.o(i.__0snprintf$1) refers to printf1.o(i._printf_core) for _printf_core
    printf1.o(i.__0snprintf$1) refers to printf1.o(i._snputc) for _snputc
    printf1.o(i.__0sprintf$1) refers to printf1.o(i._printf_core) for _printf_core
    printf1.o(i.__0sprintf$1) refers to printf1.o(i._sputc) for _sputc
    printf1.o(i.__0vfprintf$1) refers to printf1.o(i._printf_core) for _printf_core
    printf1.o(i.__0vfprintf$1) refers to fputc.o(i.fputc) for fputc
    printf1.o(i.__0vprintf$1) refers to printf1.o(i._printf_core) for _printf_core
    printf1.o(i.__0vprintf$1) refers to fputc.o(i.fputc) for fputc
    printf1.o(i.__0vprintf$1) refers to stdout.o(.data) for __stdout
    printf1.o(i.__0vsnprintf$1) refers to printf1.o(i._printf_core) for _printf_core
    printf1.o(i.__0vsnprintf$1) refers to printf1.o(i._snputc) for _snputc
    printf1.o(i.__0vsprintf$1) refers to printf1.o(i._printf_core) for _printf_core
    printf1.o(i.__0vsprintf$1) refers to printf1.o(i._sputc) for _sputc
    printf1.o(i._printf_core) refers to uidiv.o(.text) for __aeabi_uidivmod
    printf2.o(i.__0fprintf$2) refers to printf2.o(i._printf_core) for _printf_core
    printf2.o(i.__0fprintf$2) refers to fputc.o(i.fputc) for fputc
    printf2.o(i.__0printf$2) refers to printf2.o(i._printf_core) for _printf_core
    printf2.o(i.__0printf$2) refers to fputc.o(i.fputc) for fputc
    printf2.o(i.__0printf$2) refers to stdout.o(.data) for __stdout
    printf2.o(i.__0snprintf$2) refers to printf2.o(i._printf_core) for _printf_core
    printf2.o(i.__0snprintf$2) refers to printf2.o(i._snputc) for _snputc
    printf2.o(i.__0sprintf$2) refers to printf2.o(i._printf_core) for _printf_core
    printf2.o(i.__0sprintf$2) refers to printf2.o(i._sputc) for _sputc
    printf2.o(i.__0vfprintf$2) refers to printf2.o(i._printf_core) for _printf_core
    printf2.o(i.__0vfprintf$2) refers to fputc.o(i.fputc) for fputc
    printf2.o(i.__0vprintf$2) refers to printf2.o(i._printf_core) for _printf_core
    printf2.o(i.__0vprintf$2) refers to fputc.o(i.fputc) for fputc
    printf2.o(i.__0vprintf$2) refers to stdout.o(.data) for __stdout
    printf2.o(i.__0vsnprintf$2) refers to printf2.o(i._printf_core) for _printf_core
    printf2.o(i.__0vsnprintf$2) refers to printf2.o(i._snputc) for _snputc
    printf2.o(i.__0vsprintf$2) refers to printf2.o(i._printf_core) for _printf_core
    printf2.o(i.__0vsprintf$2) refers to printf2.o(i._sputc) for _sputc
    printf3.o(i.__0fprintf$3) refers to printf3.o(i._printf_core) for _printf_core
    printf3.o(i.__0fprintf$3) refers to fputc.o(i.fputc) for fputc
    printf3.o(i.__0printf$3) refers to printf3.o(i._printf_core) for _printf_core
    printf3.o(i.__0printf$3) refers to fputc.o(i.fputc) for fputc
    printf3.o(i.__0printf$3) refers to stdout.o(.data) for __stdout
    printf3.o(i.__0snprintf$3) refers to printf3.o(i._printf_core) for _printf_core
    printf3.o(i.__0snprintf$3) refers to printf3.o(i._snputc) for _snputc
    printf3.o(i.__0sprintf$3) refers to printf3.o(i._printf_core) for _printf_core
    printf3.o(i.__0sprintf$3) refers to printf3.o(i._sputc) for _sputc
    printf3.o(i.__0vfprintf$3) refers to printf3.o(i._printf_core) for _printf_core
    printf3.o(i.__0vfprintf$3) refers to fputc.o(i.fputc) for fputc
    printf3.o(i.__0vprintf$3) refers to printf3.o(i._printf_core) for _printf_core
    printf3.o(i.__0vprintf$3) refers to fputc.o(i.fputc) for fputc
    printf3.o(i.__0vprintf$3) refers to stdout.o(.data) for __stdout
    printf3.o(i.__0vsnprintf$3) refers to printf3.o(i._printf_core) for _printf_core
    printf3.o(i.__0vsnprintf$3) refers to printf3.o(i._snputc) for _snputc
    printf3.o(i.__0vsprintf$3) refers to printf3.o(i._printf_core) for _printf_core
    printf3.o(i.__0vsprintf$3) refers to printf3.o(i._sputc) for _sputc
    printf3.o(i._printf_core) refers to uidiv.o(.text) for __aeabi_uidivmod
    printf4.o(i.__0fprintf$4) refers to printf4.o(i._printf_core) for _printf_core
    printf4.o(i.__0fprintf$4) refers to fputc.o(i.fputc) for fputc
    printf4.o(i.__0printf$4) refers to printf4.o(i._printf_core) for _printf_core
    printf4.o(i.__0printf$4) refers to fputc.o(i.fputc) for fputc
    printf4.o(i.__0printf$4) refers to stdout.o(.data) for __stdout
    printf4.o(i.__0snprintf$4) refers to printf4.o(i._printf_core) for _printf_core
    printf4.o(i.__0snprintf$4) refers to printf4.o(i._snputc) for _snputc
    printf4.o(i.__0sprintf$4) refers to printf4.o(i._printf_core) for _printf_core
    printf4.o(i.__0sprintf$4) refers to printf4.o(i._sputc) for _sputc
    printf4.o(i.__0vfprintf$4) refers to printf4.o(i._printf_core) for _printf_core
    printf4.o(i.__0vfprintf$4) refers to fputc.o(i.fputc) for fputc
    printf4.o(i.__0vprintf$4) refers to printf4.o(i._printf_core) for _printf_core
    printf4.o(i.__0vprintf$4) refers to fputc.o(i.fputc) for fputc
    printf4.o(i.__0vprintf$4) refers to stdout.o(.data) for __stdout
    printf4.o(i.__0vsnprintf$4) refers to printf4.o(i._printf_core) for _printf_core
    printf4.o(i.__0vsnprintf$4) refers to printf4.o(i._snputc) for _snputc
    printf4.o(i.__0vsprintf$4) refers to printf4.o(i._printf_core) for _printf_core
    printf4.o(i.__0vsprintf$4) refers to printf4.o(i._sputc) for _sputc
    printf4.o(i._printf_core) refers to uldiv.o(.text) for __aeabi_uldivmod
    printf5.o(i.__0fprintf$5) refers to printf5.o(i._printf_core) for _printf_core
    printf5.o(i.__0fprintf$5) refers to fputc.o(i.fputc) for fputc
    printf5.o(i.__0printf$5) refers to printf5.o(i._printf_core) for _printf_core
    printf5.o(i.__0printf$5) refers to fputc.o(i.fputc) for fputc
    printf5.o(i.__0printf$5) refers to stdout.o(.data) for __stdout
    printf5.o(i.__0snprintf$5) refers to printf5.o(i._printf_core) for _printf_core
    printf5.o(i.__0snprintf$5) refers to printf5.o(i._snputc) for _snputc
    printf5.o(i.__0sprintf$5) refers to printf5.o(i._printf_core) for _printf_core
    printf5.o(i.__0sprintf$5) refers to printf5.o(i._sputc) for _sputc
    printf5.o(i.__0vfprintf$5) refers to printf5.o(i._printf_core) for _printf_core
    printf5.o(i.__0vfprintf$5) refers to fputc.o(i.fputc) for fputc
    printf5.o(i.__0vprintf$5) refers to printf5.o(i._printf_core) for _printf_core
    printf5.o(i.__0vprintf$5) refers to fputc.o(i.fputc) for fputc
    printf5.o(i.__0vprintf$5) refers to stdout.o(.data) for __stdout
    printf5.o(i.__0vsnprintf$5) refers to printf5.o(i._printf_core) for _printf_core
    printf5.o(i.__0vsnprintf$5) refers to printf5.o(i._snputc) for _snputc
    printf5.o(i.__0vsprintf$5) refers to printf5.o(i._printf_core) for _printf_core
    printf5.o(i.__0vsprintf$5) refers to printf5.o(i._sputc) for _sputc
    printf5.o(i._printf_core) refers to uldiv.o(.text) for __aeabi_uldivmod
    printf6.o(i.__0fprintf$6) refers to printf6.o(i._printf_core) for _printf_core
    printf6.o(i.__0fprintf$6) refers to fputc.o(i.fputc) for fputc
    printf6.o(i.__0printf$6) refers to printf6.o(i._printf_core) for _printf_core
    printf6.o(i.__0printf$6) refers to fputc.o(i.fputc) for fputc
    printf6.o(i.__0printf$6) refers to stdout.o(.data) for __stdout
    printf6.o(i.__0snprintf$6) refers to printf6.o(i._printf_core) for _printf_core
    printf6.o(i.__0snprintf$6) refers to printf6.o(i._snputc) for _snputc
    printf6.o(i.__0sprintf$6) refers to printf6.o(i._printf_core) for _printf_core
    printf6.o(i.__0sprintf$6) refers to printf6.o(i._sputc) for _sputc
    printf6.o(i.__0vfprintf$6) refers to printf6.o(i._printf_core) for _printf_core
    printf6.o(i.__0vfprintf$6) refers to fputc.o(i.fputc) for fputc
    printf6.o(i.__0vprintf$6) refers to printf6.o(i._printf_core) for _printf_core
    printf6.o(i.__0vprintf$6) refers to fputc.o(i.fputc) for fputc
    printf6.o(i.__0vprintf$6) refers to stdout.o(.data) for __stdout
    printf6.o(i.__0vsnprintf$6) refers to printf6.o(i._printf_core) for _printf_core
    printf6.o(i.__0vsnprintf$6) refers to printf6.o(i._snputc) for _snputc
    printf6.o(i.__0vsprintf$6) refers to printf6.o(i._printf_core) for _printf_core
    printf6.o(i.__0vsprintf$6) refers to printf6.o(i._sputc) for _sputc
    printf6.o(i._printf_core) refers to printf6.o(i._printf_pre_padding) for _printf_pre_padding
    printf6.o(i._printf_core) refers to uidiv.o(.text) for __aeabi_uidivmod
    printf6.o(i._printf_core) refers to printf6.o(i._printf_post_padding) for _printf_post_padding
    printf7.o(i.__0fprintf$7) refers to printf7.o(i._printf_core) for _printf_core
    printf7.o(i.__0fprintf$7) refers to fputc.o(i.fputc) for fputc
    printf7.o(i.__0printf$7) refers to printf7.o(i._printf_core) for _printf_core
    printf7.o(i.__0printf$7) refers to fputc.o(i.fputc) for fputc
    printf7.o(i.__0printf$7) refers to stdout.o(.data) for __stdout
    printf7.o(i.__0snprintf$7) refers to printf7.o(i._printf_core) for _printf_core
    printf7.o(i.__0snprintf$7) refers to printf7.o(i._snputc) for _snputc
    printf7.o(i.__0sprintf$7) refers to printf7.o(i._printf_core) for _printf_core
    printf7.o(i.__0sprintf$7) refers to printf7.o(i._sputc) for _sputc
    printf7.o(i.__0vfprintf$7) refers to printf7.o(i._printf_core) for _printf_core
    printf7.o(i.__0vfprintf$7) refers to fputc.o(i.fputc) for fputc
    printf7.o(i.__0vprintf$7) refers to printf7.o(i._printf_core) for _printf_core
    printf7.o(i.__0vprintf$7) refers to fputc.o(i.fputc) for fputc
    printf7.o(i.__0vprintf$7) refers to stdout.o(.data) for __stdout
    printf7.o(i.__0vsnprintf$7) refers to printf7.o(i._printf_core) for _printf_core
    printf7.o(i.__0vsnprintf$7) refers to printf7.o(i._snputc) for _snputc
    printf7.o(i.__0vsprintf$7) refers to printf7.o(i._printf_core) for _printf_core
    printf7.o(i.__0vsprintf$7) refers to printf7.o(i._sputc) for _sputc
    printf7.o(i._printf_core) refers to printf7.o(i._printf_pre_padding) for _printf_pre_padding
    printf7.o(i._printf_core) refers to uldiv.o(.text) for __aeabi_uldivmod
    printf7.o(i._printf_core) refers to printf7.o(i._printf_post_padding) for _printf_post_padding
    printf8.o(i.__0fprintf$8) refers to printf8.o(i._printf_core) for _printf_core
    printf8.o(i.__0fprintf$8) refers to fputc.o(i.fputc) for fputc
    printf8.o(i.__0printf$8) refers to printf8.o(i._printf_core) for _printf_core
    printf8.o(i.__0printf$8) refers to fputc.o(i.fputc) for fputc
    printf8.o(i.__0printf$8) refers to stdout.o(.data) for __stdout
    printf8.o(i.__0snprintf$8) refers to printf8.o(i._printf_core) for _printf_core
    printf8.o(i.__0snprintf$8) refers to printf8.o(i._snputc) for _snputc
    printf8.o(i.__0sprintf$8) refers to printf8.o(i._printf_core) for _printf_core
    printf8.o(i.__0sprintf$8) refers to printf8.o(i._sputc) for _sputc
    printf8.o(i.__0vfprintf$8) refers to printf8.o(i._printf_core) for _printf_core
    printf8.o(i.__0vfprintf$8) refers to fputc.o(i.fputc) for fputc
    printf8.o(i.__0vprintf$8) refers to printf8.o(i._printf_core) for _printf_core
    printf8.o(i.__0vprintf$8) refers to fputc.o(i.fputc) for fputc
    printf8.o(i.__0vprintf$8) refers to stdout.o(.data) for __stdout
    printf8.o(i.__0vsnprintf$8) refers to printf8.o(i._printf_core) for _printf_core
    printf8.o(i.__0vsnprintf$8) refers to printf8.o(i._snputc) for _snputc
    printf8.o(i.__0vsprintf$8) refers to printf8.o(i._printf_core) for _printf_core
    printf8.o(i.__0vsprintf$8) refers to printf8.o(i._sputc) for _sputc
    printf8.o(i._printf_core) refers to printf8.o(i._printf_pre_padding) for _printf_pre_padding
    printf8.o(i._printf_core) refers to uldiv.o(.text) for __aeabi_uldivmod
    printf8.o(i._printf_core) refers to printf8.o(i._printf_post_padding) for _printf_post_padding
    printfa.o(i.__0fprintf) refers (Special) to iusefp.o(.text) for __I$use$fp
    printfa.o(i.__0fprintf) refers to printfa.o(i._printf_core) for _printf_core
    printfa.o(i.__0fprintf) refers to fputc.o(i.fputc) for fputc
    printfa.o(i.__0printf) refers (Special) to iusefp.o(.text) for __I$use$fp
    printfa.o(i.__0printf) refers to printfa.o(i._printf_core) for _printf_core
    printfa.o(i.__0printf) refers to fputc.o(i.fputc) for fputc
    printfa.o(i.__0printf) refers to stdout.o(.data) for __stdout
    printfa.o(i.__0snprintf) refers (Special) to iusefp.o(.text) for __I$use$fp
    printfa.o(i.__0snprintf) refers to printfa.o(i._printf_core) for _printf_core
    printfa.o(i.__0snprintf) refers to printfa.o(i._snputc) for _snputc
    printfa.o(i.__0sprintf) refers (Special) to iusefp.o(.text) for __I$use$fp
    printfa.o(i.__0sprintf) refers to printfa.o(i._printf_core) for _printf_core
    printfa.o(i.__0sprintf) refers to printfa.o(i._sputc) for _sputc
    printfa.o(i.__0vfprintf) refers (Special) to iusefp.o(.text) for __I$use$fp
    printfa.o(i.__0vfprintf) refers to printfa.o(i._printf_core) for _printf_core
    printfa.o(i.__0vfprintf) refers to fputc.o(i.fputc) for fputc
    printfa.o(i.__0vprintf) refers (Special) to iusefp.o(.text) for __I$use$fp
    printfa.o(i.__0vprintf) refers to printfa.o(i._printf_core) for _printf_core
    printfa.o(i.__0vprintf) refers to fputc.o(i.fputc) for fputc
    printfa.o(i.__0vprintf) refers to stdout.o(.data) for __stdout
    printfa.o(i.__0vsnprintf) refers (Special) to iusefp.o(.text) for __I$use$fp
    printfa.o(i.__0vsnprintf) refers to printfa.o(i._printf_core) for _printf_core
    printfa.o(i.__0vsnprintf) refers to printfa.o(i._snputc) for _snputc
    printfa.o(i.__0vsprintf) refers (Special) to iusefp.o(.text) for __I$use$fp
    printfa.o(i.__0vsprintf) refers to printfa.o(i._printf_core) for _printf_core
    printfa.o(i.__0vsprintf) refers to printfa.o(i._sputc) for _sputc
    printfa.o(i._fp_digits) refers (Special) to iusefp.o(.text) for __I$use$fp
    printfa.o(i._fp_digits) refers to dmul.o(.text) for __aeabi_dmul
    printfa.o(i._fp_digits) refers to ddiv.o(.text) for __aeabi_ddiv
    printfa.o(i._fp_digits) refers to cdrcmple.o(.text) for __aeabi_cdrcmple
    printfa.o(i._fp_digits) refers to dadd.o(.text) for __aeabi_dadd
    printfa.o(i._fp_digits) refers to dfixul.o(.text) for __aeabi_d2ulz
    printfa.o(i._fp_digits) refers to uldiv.o(.text) for __aeabi_uldivmod
    printfa.o(i._printf_core) refers (Special) to iusefp.o(.text) for __I$use$fp
    printfa.o(i._printf_core) refers to printfa.o(i._printf_pre_padding) for _printf_pre_padding
    printfa.o(i._printf_core) refers to uldiv.o(.text) for __aeabi_uldivmod
    printfa.o(i._printf_core) refers to printfa.o(i._printf_post_padding) for _printf_post_padding
    printfa.o(i._printf_core) refers to printfa.o(i._fp_digits) for _fp_digits
    printfa.o(i._printf_core) refers to uidiv.o(.text) for __aeabi_uidivmod
    printfa.o(i._printf_post_padding) refers (Special) to iusefp.o(.text) for __I$use$fp
    printfa.o(i._printf_pre_padding) refers (Special) to iusefp.o(.text) for __I$use$fp
    printfa.o(i._snputc) refers (Special) to iusefp.o(.text) for __I$use$fp
    printfa.o(i._sputc) refers (Special) to iusefp.o(.text) for __I$use$fp
    dadd.o(.text) refers (Special) to iusefp.o(.text) for __I$use$fp
    dadd.o(.text) refers to llshl.o(.text) for __aeabi_llsl
    dadd.o(.text) refers to llsshr.o(.text) for __aeabi_lasr
    dadd.o(.text) refers to depilogue.o(.text) for _double_epilogue
    dmul.o(.text) refers (Special) to iusefp.o(.text) for __I$use$fp
    dmul.o(.text) refers to depilogue.o(.text) for _double_epilogue
    ddiv.o(.text) refers (Special) to iusefp.o(.text) for __I$use$fp
    ddiv.o(.text) refers to depilogue.o(.text) for _double_round
    fflti.o(.text) refers (Special) to iusefp.o(.text) for __I$use$fp
    fflti.o(.text) refers to fepilogue.o(.text) for _float_epilogue
    dflti.o(.text) refers (Special) to iusefp.o(.text) for __I$use$fp
    dflti.o(.text) refers to depilogue.o(.text) for _double_epilogue
    ffixi.o(.text) refers (Special) to iusefp.o(.text) for __I$use$fp
    dfixi.o(.text) refers (Special) to iusefp.o(.text) for __I$use$fp
    dfixi.o(.text) refers to llushr.o(.text) for __aeabi_llsr
    f2d.o(.text) refers (Special) to iusefp.o(.text) for __I$use$fp
    d2f.o(.text) refers (Special) to iusefp.o(.text) for __I$use$fp
    d2f.o(.text) refers to fepilogue.o(.text) for _float_round
    entry2.o(.ARM.Collect$$$$00000001) refers to entry2.o(.ARM.Collect$$$$00002712) for __lit__00000000
    entry2.o(.ARM.Collect$$$$00002712) refers to startup_stm32f103xb.o(STACK) for __initial_sp
    entry2.o(__vectab_stack_and_reset_area) refers to startup_stm32f103xb.o(STACK) for __initial_sp
    entry2.o(__vectab_stack_and_reset_area) refers to entry.o(.ARM.Collect$$$$00000000) for __main
    entry5.o(.ARM.Collect$$$$00000004) refers to init.o(.text) for __scatterload
    entry9a.o(.ARM.Collect$$$$0000000B) refers to main.o(i.main) for main
    entry9b.o(.ARM.Collect$$$$0000000C) refers to main.o(i.main) for main
    fputc.o(i.fputc) refers (Special) to iusesemip.o(.text) for __I$use$semihosting$fputc
    fputc.o(i.fputc) refers (Special) to semi.o(.text) for __semihosting_library_function
    uldiv.o(.text) refers to llushr.o(.text) for __aeabi_llsr
    uldiv.o(.text) refers to llshl.o(.text) for __aeabi_llsl
    depilogue.o(.text) refers to llshl.o(.text) for __aeabi_llsl
    depilogue.o(.text) refers to llushr.o(.text) for __aeabi_llsr
    dfixul.o(.text) refers to llushr.o(.text) for __aeabi_llsr
    dfixul.o(.text) refers to llshl.o(.text) for __aeabi_llsl
    init.o(.text) refers to entry5.o(.ARM.Collect$$$$00000004) for __main_after_scatterload


==============================================================================

Removing Unused input sections from the image.

    Removing main.o(.rev16_text), (4 bytes).
    Removing main.o(.revsh_text), (4 bytes).
    Removing main.o(.rrx_text), (6 bytes).
    Removing main.o(.constdata), (35 bytes).
    Removing bordage.o(.rev16_text), (4 bytes).
    Removing bordage.o(.revsh_text), (4 bytes).
    Removing bordage.o(.rrx_text), (6 bytes).
    Removing bordage.o(i.bordage_lacher_voiles), (76 bytes).
    Removing bordage.o(i.set_index), (44 bytes).
    Removing bordage.o(.constdata), (35 bytes).
    Removing affichage.o(.rev16_text), (4 bytes).
    Removing affichage.o(.revsh_text), (4 bytes).
    Removing affichage.o(.rrx_text), (6 bytes).
    Removing affichage.o(i.affichage_3sec), (72 bytes).
    Removing affichage.o(i.affichage_background), (38 bytes).
    Removing affichage.o(i.envoi_batterie), (72 bytes).
    Removing affichage.o(i.envoi_roulis), (80 bytes).
    Removing orientation.o(.rev16_text), (4 bytes).
    Removing orientation.o(.revsh_text), (4 bytes).
    Removing orientation.o(.rrx_text), (6 bytes).
    Removing orientation.o(.constdata), (35 bytes).
    Removing girouette.o(.rev16_text), (4 bytes).
    Removing girouette.o(.revsh_text), (4 bytes).
    Removing girouette.o(.rrx_text), (6 bytes).
    Removing girouette.o(i.Enable_Counter), (24 bytes).
    Removing telecommande_rf.o(.rev16_text), (4 bytes).
    Removing telecommande_rf.o(.revsh_text), (4 bytes).
    Removing telecommande_rf.o(.rrx_text), (6 bytes).
    Removing voiles.o(.rev16_text), (4 bytes).
    Removing voiles.o(.revsh_text), (4 bytes).
    Removing voiles.o(.rrx_text), (6 bytes).
    Removing voiles.o(.constdata), (35 bytes).
    Removing roulis.o(.rev16_text), (4 bytes).
    Removing roulis.o(.revsh_text), (4 bytes).
    Removing roulis.o(.rrx_text), (6 bytes).
    Removing roulis.o(i.ADC_init), (116 bytes).
    Removing roulis.o(i.LL_ADC_INJ_ReadConversionData32), (36 bytes).
    Removing roulis.o(i.LL_ADC_INJ_SetSequencerRanks), (46 bytes).
    Removing roulis.o(i.roulis_get), (112 bytes).
    Removing roulis.o(.constdata), (35 bytes).
    Removing cap.o(.rev16_text), (4 bytes).
    Removing cap.o(.revsh_text), (4 bytes).
    Removing cap.o(.rrx_text), (6 bytes).
    Removing data.o(.rev16_text), (4 bytes).
    Removing data.o(.revsh_text), (4 bytes).
    Removing data.o(.rrx_text), (6 bytes).
    Removing data.o(i.DATA_USART_send), (76 bytes).
    Removing stm32f1xx_ll_rcc.o(.rev16_text), (4 bytes).
    Removing stm32f1xx_ll_rcc.o(.revsh_text), (4 bytes).
    Removing stm32f1xx_ll_rcc.o(.rrx_text), (6 bytes).
    Removing stm32f1xx_ll_rcc.o(i.LL_RCC_DeInit), (152 bytes).
    Removing stm32f1xx_ll_rcc.o(i.LL_RCC_GetADCClockFreq), (124 bytes).
    Removing stm32f1xx_ll_rcc.o(i.LL_RCC_GetUSBClockFreq), (120 bytes).
    Removing stm32f1xx_ll_rcc.o(i.LL_RCC_PLL_IsReady), (16 bytes).
    Removing stm32f1xx_ll_utils.o(.rev16_text), (4 bytes).
    Removing stm32f1xx_ll_utils.o(.revsh_text), (4 bytes).
    Removing stm32f1xx_ll_utils.o(.rrx_text), (6 bytes).
    Removing stm32f1xx_ll_utils.o(i.LL_PLL_ConfigSystemClock_HSE), (260 bytes).
    Removing stm32f1xx_ll_utils.o(i.LL_PLL_ConfigSystemClock_HSI), (104 bytes).
    Removing stm32f1xx_ll_utils.o(i.LL_RCC_HSE_IsReady), (16 bytes).
    Removing stm32f1xx_ll_utils.o(i.LL_RCC_HSI_IsReady), (16 bytes).
    Removing stm32f1xx_ll_utils.o(i.LL_RCC_PLL_ConfigDomain_SYS), (28 bytes).
    Removing stm32f1xx_ll_utils.o(i.LL_RCC_PLL_IsReady), (16 bytes).
    Removing stm32f1xx_ll_utils.o(i.LL_mDelay), (40 bytes).
    Removing stm32f1xx_ll_utils.o(i.UTILS_EnablePLLAndSwitchSystem), (416 bytes).
    Removing stm32f1xx_ll_utils.o(i.UTILS_GetPLLOutputFrequency), (228 bytes).
    Removing stm32f1xx_ll_utils.o(i.UTILS_PLL_IsBusy), (16 bytes).
    Removing stm32f1xx_ll_utils.o(i.UTILS_SetFlashLatency), (80 bytes).
    Removing stm32f1xx_ll_tim.o(.rev16_text), (4 bytes).
    Removing stm32f1xx_ll_tim.o(.revsh_text), (4 bytes).
    Removing stm32f1xx_ll_tim.o(.rrx_text), (6 bytes).
    Removing stm32f1xx_ll_tim.o(i.LL_APB1_GRP1_ForceReset), (16 bytes).
    Removing stm32f1xx_ll_tim.o(i.LL_APB1_GRP1_ReleaseReset), (16 bytes).
    Removing stm32f1xx_ll_tim.o(i.LL_TIM_BDTR_Init), (312 bytes).
    Removing stm32f1xx_ll_tim.o(i.LL_TIM_BDTR_StructInit), (18 bytes).
    Removing stm32f1xx_ll_tim.o(i.LL_TIM_DeInit), (192 bytes).
    Removing stm32f1xx_ll_tim.o(i.LL_TIM_ENCODER_Init), (688 bytes).
    Removing stm32f1xx_ll_tim.o(i.LL_TIM_ENCODER_StructInit), (36 bytes).
    Removing stm32f1xx_ll_tim.o(i.LL_TIM_HALLSENSOR_Init), (396 bytes).
    Removing stm32f1xx_ll_tim.o(i.LL_TIM_HALLSENSOR_StructInit), (12 bytes).
    Removing stm32f1xx_ll_tim.o(i.LL_TIM_IC_StructInit), (18 bytes).
    Removing stm32f1xx_ll_tim.o(.constdata), (35 bytes).
    Removing stm32f1xx_ll_usart.o(.rev16_text), (4 bytes).
    Removing stm32f1xx_ll_usart.o(.revsh_text), (4 bytes).
    Removing stm32f1xx_ll_usart.o(.rrx_text), (6 bytes).
    Removing stm32f1xx_ll_usart.o(i.LL_APB1_GRP1_ForceReset), (16 bytes).
    Removing stm32f1xx_ll_usart.o(i.LL_APB1_GRP1_ReleaseReset), (16 bytes).
    Removing stm32f1xx_ll_usart.o(i.LL_USART_ClockInit), (276 bytes).
    Removing stm32f1xx_ll_usart.o(i.LL_USART_ClockStructInit), (12 bytes).
    Removing stm32f1xx_ll_usart.o(i.LL_USART_DeInit), (180 bytes).
    Removing stm32f1xx_ll_gpio.o(.rev16_text), (4 bytes).
    Removing stm32f1xx_ll_gpio.o(.revsh_text), (4 bytes).
    Removing stm32f1xx_ll_gpio.o(.rrx_text), (6 bytes).
    Removing stm32f1xx_ll_gpio.o(i.LL_APB2_GRP1_ForceReset), (16 bytes).
    Removing stm32f1xx_ll_gpio.o(i.LL_APB2_GRP1_ReleaseReset), (16 bytes).
    Removing stm32f1xx_ll_gpio.o(i.LL_GPIO_DeInit), (212 bytes).
    Removing stm32f1xx_ll_adc.o(.rev16_text), (4 bytes).
    Removing stm32f1xx_ll_adc.o(.revsh_text), (4 bytes).
    Removing stm32f1xx_ll_adc.o(.rrx_text), (6 bytes).
    Removing stm32f1xx_ll_adc.o(i.LL_ADC_CommonDeInit), (100 bytes).
    Removing stm32f1xx_ll_adc.o(i.LL_ADC_CommonInit), (216 bytes).
    Removing stm32f1xx_ll_adc.o(i.LL_ADC_CommonStructInit), (6 bytes).
    Removing stm32f1xx_ll_adc.o(i.LL_ADC_DeInit), (272 bytes).
    Removing stm32f1xx_ll_adc.o(i.LL_ADC_INJ_Init), (316 bytes).
    Removing stm32f1xx_ll_adc.o(i.LL_ADC_INJ_StructInit), (16 bytes).
    Removing stm32f1xx_ll_adc.o(i.LL_ADC_Init), (164 bytes).
    Removing stm32f1xx_ll_adc.o(i.LL_ADC_IsEnabled), (10 bytes).
    Removing stm32f1xx_ll_adc.o(i.LL_ADC_REG_Init), (504 bytes).
    Removing stm32f1xx_ll_adc.o(i.LL_ADC_REG_StructInit), (18 bytes).
    Removing stm32f1xx_ll_adc.o(i.LL_ADC_StructInit), (12 bytes).
    Removing system_stm32f1xx.o(.rev16_text), (4 bytes).
    Removing system_stm32f1xx.o(.revsh_text), (4 bytes).
    Removing system_stm32f1xx.o(.rrx_text), (6 bytes).
    Removing system_stm32f1xx.o(i.SystemCoreClockUpdate), (164 bytes).
    Removing startup_stm32f103xb.o(HEAP), (512 bytes).
    Removing dfixul.o(.text), (48 bytes).
    Removing cdrcmple.o(.text), (48 bytes).

117 unused section(s) (total 7726 bytes) removed from the image.

==============================================================================

Image Symbol Table

    Local Symbols

    Symbol Name                              Value     Ov Type        Size  Object(Section)

    ../Src/main.c                            0x00000000   Number         0  main.o ABSOLUTE
    ../Src/system_stm32f1xx.c                0x00000000   Number         0  system_stm32f1xx.o ABSOLUTE
    ../clib/microlib/division.c              0x00000000   Number         0  uidiv.o ABSOLUTE
    ../clib/microlib/division.c              0x00000000   Number         0  uldiv.o ABSOLUTE
    ../clib/microlib/init/entry.s            0x00000000   Number         0  entry2.o ABSOLUTE
    ../clib/microlib/init/entry.s            0x00000000   Number         0  entry8b.o ABSOLUTE
    ../clib/microlib/init/entry.s            0x00000000   Number         0  entry8a.o ABSOLUTE
    ../clib/microlib/init/entry.s            0x00000000   Number         0  entry7b.o ABSOLUTE
    ../clib/microlib/init/entry.s            0x00000000   Number         0  entry7a.o ABSOLUTE
    ../clib/microlib/init/entry.s            0x00000000   Number         0  entry5.o ABSOLUTE
    ../clib/microlib/init/entry.s            0x00000000   Number         0  entry.o ABSOLUTE
    ../clib/microlib/init/entry.s            0x00000000   Number         0  entry9b.o ABSOLUTE
    ../clib/microlib/init/entry.s            0x00000000   Number         0  entry10b.o ABSOLUTE
    ../clib/microlib/init/entry.s            0x00000000   Number         0  entry10a.o ABSOLUTE
    ../clib/microlib/init/entry.s            0x00000000   Number         0  entry11a.o ABSOLUTE
    ../clib/microlib/init/entry.s            0x00000000   Number         0  entry11b.o ABSOLUTE
    ../clib/microlib/init/entry.s            0x00000000   Number         0  entry9a.o ABSOLUTE
    ../clib/microlib/longlong.c              0x00000000   Number         0  llushr.o ABSOLUTE
    ../clib/microlib/longlong.c              0x00000000   Number         0  llshl.o ABSOLUTE
    ../clib/microlib/longlong.c              0x00000000   Number         0  llsshr.o ABSOLUTE
    ../clib/microlib/printf/printf.c         0x00000000   Number         0  printf6.o ABSOLUTE
    ../clib/microlib/printf/printf.c         0x00000000   Number         0  printf4.o ABSOLUTE
    ../clib/microlib/printf/printf.c         0x00000000   Number         0  printf3.o ABSOLUTE
    ../clib/microlib/printf/printf.c         0x00000000   Number         0  printf2.o ABSOLUTE
    ../clib/microlib/printf/printf.c         0x00000000   Number         0  printf1.o ABSOLUTE
    ../clib/microlib/printf/printf.c         0x00000000   Number         0  printf7.o ABSOLUTE
    ../clib/microlib/printf/printf.c         0x00000000   Number         0  printf0.o ABSOLUTE
    ../clib/microlib/printf/printf.c         0x00000000   Number         0  printf8.o ABSOLUTE
    ../clib/microlib/printf/printf.c         0x00000000   Number         0  printfb.o ABSOLUTE
    ../clib/microlib/printf/printf.c         0x00000000   Number         0  printfa.o ABSOLUTE
    ../clib/microlib/printf/printf.c         0x00000000   Number         0  printf5.o ABSOLUTE
    ../clib/microlib/printf/stubs.s          0x00000000   Number         0  stubs.o ABSOLUTE
    ../clib/microlib/stdio/fputc.c           0x00000000   Number         0  fputc.o ABSOLUTE
    ../clib/microlib/stdio/semi.s            0x00000000   Number         0  semi.o ABSOLUTE
    ../clib/microlib/stdio/streams.c         0x00000000   Number         0  stdout.o ABSOLUTE
    ../clib/microlib/stubs.s                 0x00000000   Number         0  iusefp.o ABSOLUTE
    ../clib/microlib/stubs.s                 0x00000000   Number         0  iusesemip.o ABSOLUTE
    ../fplib/microlib/d2f.c                  0x00000000   Number         0  d2f.o ABSOLUTE
    ../fplib/microlib/f2d.c                  0x00000000   Number         0  f2d.o ABSOLUTE
    ../fplib/microlib/fpadd.c                0x00000000   Number         0  dadd.o ABSOLUTE
    ../fplib/microlib/fpdiv.c                0x00000000   Number         0  ddiv.o ABSOLUTE
    ../fplib/microlib/fpepilogue.c           0x00000000   Number         0  depilogue.o ABSOLUTE
    ../fplib/microlib/fpepilogue.c           0x00000000   Number         0  fepilogue.o ABSOLUTE
    ../fplib/microlib/fpfix.c                0x00000000   Number         0  dfixul.o ABSOLUTE
    ../fplib/microlib/fpfix.c                0x00000000   Number         0  dfixi.o ABSOLUTE
    ../fplib/microlib/fpfix.c                0x00000000   Number         0  ffixi.o ABSOLUTE
    ../fplib/microlib/fpflt.c                0x00000000   Number         0  fflti.o ABSOLUTE
    ../fplib/microlib/fpflt.c                0x00000000   Number         0  dflti.o ABSOLUTE
    ../fplib/microlib/fpmul.c                0x00000000   Number         0  dmul.o ABSOLUTE
    ..\LLDrivers\src\stm32f1xx_ll_adc.c      0x00000000   Number         0  stm32f1xx_ll_adc.o ABSOLUTE
    ..\LLDrivers\src\stm32f1xx_ll_gpio.c     0x00000000   Number         0  stm32f1xx_ll_gpio.o ABSOLUTE
    ..\LLDrivers\src\stm32f1xx_ll_rcc.c      0x00000000   Number         0  stm32f1xx_ll_rcc.o ABSOLUTE
    ..\LLDrivers\src\stm32f1xx_ll_tim.c      0x00000000   Number         0  stm32f1xx_ll_tim.o ABSOLUTE
    ..\LLDrivers\src\stm32f1xx_ll_usart.c    0x00000000   Number         0  stm32f1xx_ll_usart.o ABSOLUTE
    ..\LLDrivers\src\stm32f1xx_ll_utils.c    0x00000000   Number         0  stm32f1xx_ll_utils.o ABSOLUTE
    ..\MyDrivers\cap.c                       0x00000000   Number         0  cap.o ABSOLUTE
    ..\MyDrivers\data.c                      0x00000000   Number         0  data.o ABSOLUTE
    ..\MyDrivers\girouette.c                 0x00000000   Number         0  girouette.o ABSOLUTE
    ..\MyDrivers\roulis.c                    0x00000000   Number         0  roulis.o ABSOLUTE
    ..\MyDrivers\telecommande_RF.c           0x00000000   Number         0  telecommande_rf.o ABSOLUTE
    ..\MyDrivers\voiles.c                    0x00000000   Number         0  voiles.o ABSOLUTE
    ..\Services\affichage.c                  0x00000000   Number         0  affichage.o ABSOLUTE
    ..\Services\bordage.c                    0x00000000   Number         0  bordage.o ABSOLUTE
    ..\Services\orientation.c                0x00000000   Number         0  orientation.o ABSOLUTE
    ..\Src\main.c                            0x00000000   Number         0  main.o ABSOLUTE
    ..\Src\system_stm32f1xx.c                0x00000000   Number         0  system_stm32f1xx.o ABSOLUTE
    ..\\LLDrivers\\src\\stm32f1xx_ll_adc.c   0x00000000   Number         0  stm32f1xx_ll_adc.o ABSOLUTE
    ..\\LLDrivers\\src\\stm32f1xx_ll_gpio.c  0x00000000   Number         0  stm32f1xx_ll_gpio.o ABSOLUTE
    ..\\LLDrivers\\src\\stm32f1xx_ll_rcc.c   0x00000000   Number         0  stm32f1xx_ll_rcc.o ABSOLUTE
    ..\\LLDrivers\\src\\stm32f1xx_ll_tim.c   0x00000000   Number         0  stm32f1xx_ll_tim.o ABSOLUTE
    ..\\LLDrivers\\src\\stm32f1xx_ll_usart.c 0x00000000   Number         0  stm32f1xx_ll_usart.o ABSOLUTE
    ..\\LLDrivers\\src\\stm32f1xx_ll_utils.c 0x00000000   Number         0  stm32f1xx_ll_utils.o ABSOLUTE
    ..\\MyDrivers\\cap.c                     0x00000000   Number         0  cap.o ABSOLUTE
    ..\\MyDrivers\\data.c                    0x00000000   Number         0  data.o ABSOLUTE
    ..\\MyDrivers\\girouette.c               0x00000000   Number         0  girouette.o ABSOLUTE
    ..\\MyDrivers\\roulis.c                  0x00000000   Number         0  roulis.o ABSOLUTE
    ..\\MyDrivers\\telecommande_RF.c         0x00000000   Number         0  telecommande_rf.o ABSOLUTE
    ..\\MyDrivers\\voiles.c                  0x00000000   Number         0  voiles.o ABSOLUTE
    ..\\Services\\affichage.c                0x00000000   Number         0  affichage.o ABSOLUTE
    ..\\Services\\bordage.c                  0x00000000   Number         0  bordage.o ABSOLUTE
    ..\\Services\\orientation.c              0x00000000   Number         0  orientation.o ABSOLUTE
    cdrcmple.s                               0x00000000   Number         0  cdrcmple.o ABSOLUTE
    dc.s                                     0x00000000   Number         0  dc.o ABSOLUTE
    handlers.s                               0x00000000   Number         0  handlers.o ABSOLUTE
    init.s                                   0x00000000   Number         0  init.o ABSOLUTE
    startup_stm32f103xb.s                    0x00000000   Number         0  startup_stm32f103xb.o ABSOLUTE
    RESET                                    0x08000000   Section      236  startup_stm32f103xb.o(RESET)
    .ARM.Collect$$$$00000000                 0x080000ec   Section        0  entry.o(.ARM.Collect$$$$00000000)
    .ARM.Collect$$$$00000001                 0x080000ec   Section        4  entry2.o(.ARM.Collect$$$$00000001)
    .ARM.Collect$$$$00000004                 0x080000f0   Section        4  entry5.o(.ARM.Collect$$$$00000004)
    .ARM.Collect$$$$00000008                 0x080000f4   Section        0  entry7b.o(.ARM.Collect$$$$00000008)
    .ARM.Collect$$$$0000000A                 0x080000f4   Section        0  entry8b.o(.ARM.Collect$$$$0000000A)
    .ARM.Collect$$$$0000000B                 0x080000f4   Section        8  entry9a.o(.ARM.Collect$$$$0000000B)
    .ARM.Collect$$$$0000000D                 0x080000fc   Section        0  entry10a.o(.ARM.Collect$$$$0000000D)
    .ARM.Collect$$$$0000000F                 0x080000fc   Section        0  entry11a.o(.ARM.Collect$$$$0000000F)
    .ARM.Collect$$$$00002712                 0x080000fc   Section        4  entry2.o(.ARM.Collect$$$$00002712)
    __lit__00000000                          0x080000fc   Data           4  entry2.o(.ARM.Collect$$$$00002712)
    .text                                    0x08000100   Section       36  startup_stm32f103xb.o(.text)
    .text                                    0x08000124   Section        0  dadd.o(.text)
    .text                                    0x08000272   Section        0  dmul.o(.text)
    .text                                    0x08000356   Section        0  ddiv.o(.text)
    .text                                    0x08000434   Section        0  fflti.o(.text)
    .text                                    0x08000446   Section        0  dflti.o(.text)
    .text                                    0x08000468   Section        0  ffixi.o(.text)
    .text                                    0x0800049a   Section        0  dfixi.o(.text)
    .text                                    0x080004d8   Section        0  f2d.o(.text)
    .text                                    0x080004fe   Section        0  d2f.o(.text)
    .text                                    0x08000536   Section        0  llshl.o(.text)
    .text                                    0x08000554   Section        0  llushr.o(.text)
    .text                                    0x08000574   Section        0  llsshr.o(.text)
    .text                                    0x08000598   Section        0  fepilogue.o(.text)
    .text                                    0x08000598   Section        0  iusefp.o(.text)
    .text                                    0x08000606   Section        0  depilogue.o(.text)
    .text                                    0x080006c0   Section       36  init.o(.text)
    i.Bordage_Background                     0x080006e4   Section        0  bordage.o(i.Bordage_Background)
    i.DATA_GPIO_init                         0x08000714   Section        0  data.o(i.DATA_GPIO_init)
    i.DATA_USART_init                        0x08000784   Section        0  data.o(i.DATA_USART_init)
    i.DATA_init                              0x080007dc   Section        0  affichage.o(i.DATA_init)
    i.Girouette_Conf                         0x080007e8   Section        0  girouette.o(i.Girouette_Conf)
    i.IC1Config                              0x080008c8   Section        0  stm32f1xx_ll_tim.o(i.IC1Config)
    IC1Config                                0x080008c9   Thumb Code   326  stm32f1xx_ll_tim.o(i.IC1Config)
    i.IC2Config                              0x08000a40   Section        0  stm32f1xx_ll_tim.o(i.IC2Config)
    IC2Config                                0x08000a41   Thumb Code   328  stm32f1xx_ll_tim.o(i.IC2Config)
    i.IC3Config                              0x08000bb8   Section        0  stm32f1xx_ll_tim.o(i.IC3Config)
    IC3Config                                0x08000bb9   Thumb Code   330  stm32f1xx_ll_tim.o(i.IC3Config)
    i.IC4Config                              0x08000d34   Section        0  stm32f1xx_ll_tim.o(i.IC4Config)
    IC4Config                                0x08000d35   Thumb Code   330  stm32f1xx_ll_tim.o(i.IC4Config)
    i.LL_GPIO_Init                           0x08000eb0   Section        0  stm32f1xx_ll_gpio.o(i.LL_GPIO_Init)
    i.LL_GPIO_ResetOutputPin                 0x080010a8   Section        0  cap.o(i.LL_GPIO_ResetOutputPin)
    LL_GPIO_ResetOutputPin                   0x080010a9   Thumb Code     8  cap.o(i.LL_GPIO_ResetOutputPin)
    i.LL_GPIO_SetPinMode                     0x080010b0   Section        0  girouette.o(i.LL_GPIO_SetPinMode)
    LL_GPIO_SetPinMode                       0x080010b1   Thumb Code    44  girouette.o(i.LL_GPIO_SetPinMode)
    i.LL_GPIO_SetPinMode                     0x080010dc   Section        0  telecommande_rf.o(i.LL_GPIO_SetPinMode)
    LL_GPIO_SetPinMode                       0x080010dd   Thumb Code    44  telecommande_rf.o(i.LL_GPIO_SetPinMode)
    i.LL_GPIO_SetPinMode                     0x08001108   Section        0  voiles.o(i.LL_GPIO_SetPinMode)
    LL_GPIO_SetPinMode                       0x08001109   Thumb Code    44  voiles.o(i.LL_GPIO_SetPinMode)
    i.LL_GPIO_SetPinMode                     0x08001134   Section        0  cap.o(i.LL_GPIO_SetPinMode)
    LL_GPIO_SetPinMode                       0x08001135   Thumb Code    44  cap.o(i.LL_GPIO_SetPinMode)
    i.LL_GPIO_SetPinMode                     0x08001160   Section        0  data.o(i.LL_GPIO_SetPinMode)
    LL_GPIO_SetPinMode                       0x08001161   Thumb Code    44  data.o(i.LL_GPIO_SetPinMode)
    i.LL_GPIO_SetPinOutputType               0x0800118c   Section        0  data.o(i.LL_GPIO_SetPinOutputType)
    LL_GPIO_SetPinOutputType                 0x0800118d   Thumb Code    44  data.o(i.LL_GPIO_SetPinOutputType)
    i.LL_GPIO_SetPinSpeed                    0x080011b8   Section        0  data.o(i.LL_GPIO_SetPinSpeed)
    LL_GPIO_SetPinSpeed                      0x080011b9   Thumb Code    44  data.o(i.LL_GPIO_SetPinSpeed)
    i.LL_GPIO_StructInit                     0x080011e4   Section        0  stm32f1xx_ll_gpio.o(i.LL_GPIO_StructInit)
    i.LL_Init1msTick                         0x080011fc   Section        0  stm32f1xx_ll_utils.o(i.LL_Init1msTick)
    i.LL_RCC_GetSystemClocksFreq             0x08001218   Section        0  stm32f1xx_ll_rcc.o(i.LL_RCC_GetSystemClocksFreq)
    i.LL_SetSystemCoreClock                  0x0800123c   Section        0  stm32f1xx_ll_utils.o(i.LL_SetSystemCoreClock)
    i.LL_TIM_CC_EnableChannel                0x08001248   Section        0  girouette.o(i.LL_TIM_CC_EnableChannel)
    LL_TIM_CC_EnableChannel                  0x08001249   Thumb Code     8  girouette.o(i.LL_TIM_CC_EnableChannel)
    i.LL_TIM_CC_EnableChannel                0x08001250   Section        0  telecommande_rf.o(i.LL_TIM_CC_EnableChannel)
    LL_TIM_CC_EnableChannel                  0x08001251   Thumb Code     8  telecommande_rf.o(i.LL_TIM_CC_EnableChannel)
    i.LL_TIM_IC_Init                         0x08001258   Section        0  stm32f1xx_ll_tim.o(i.LL_TIM_IC_Init)
    i.LL_TIM_IC_SetActiveInput               0x080012b4   Section        0  telecommande_rf.o(i.LL_TIM_IC_SetActiveInput)
    LL_TIM_IC_SetActiveInput                 0x080012b5   Thumb Code    98  telecommande_rf.o(i.LL_TIM_IC_SetActiveInput)
    i.LL_TIM_IC_SetPolarity                  0x08001320   Section        0  girouette.o(i.LL_TIM_IC_SetPolarity)
    LL_TIM_IC_SetPolarity                    0x08001321   Thumb Code    84  girouette.o(i.LL_TIM_IC_SetPolarity)
    i.LL_TIM_IC_SetPolarity                  0x08001378   Section        0  telecommande_rf.o(i.LL_TIM_IC_SetPolarity)
    LL_TIM_IC_SetPolarity                    0x08001379   Thumb Code    84  telecommande_rf.o(i.LL_TIM_IC_SetPolarity)
    i.LL_TIM_Init                            0x080013d0   Section        0  stm32f1xx_ll_tim.o(i.LL_TIM_Init)
    i.LL_TIM_OC_Init                         0x080014e4   Section        0  stm32f1xx_ll_tim.o(i.LL_TIM_OC_Init)
    i.LL_TIM_OC_SetCompareCH2                0x08001540   Section        0  stm32f1xx_ll_tim.o(i.LL_TIM_OC_SetCompareCH2)
    LL_TIM_OC_SetCompareCH2                  0x08001541   Thumb Code     4  stm32f1xx_ll_tim.o(i.LL_TIM_OC_SetCompareCH2)
    i.LL_TIM_OC_SetMode                      0x08001544   Section        0  cap.o(i.LL_TIM_OC_SetMode)
    LL_TIM_OC_SetMode                        0x08001545   Thumb Code    98  cap.o(i.LL_TIM_OC_SetMode)
    i.LL_TIM_OC_StructInit                   0x080015b0   Section        0  stm32f1xx_ll_tim.o(i.LL_TIM_OC_StructInit)
    i.LL_TIM_StructInit                      0x080015c4   Section        0  stm32f1xx_ll_tim.o(i.LL_TIM_StructInit)
    i.LL_USART_Init                          0x080015d8   Section        0  stm32f1xx_ll_usart.o(i.LL_USART_Init)
    i.LL_USART_IsEnabled                     0x08001788   Section        0  stm32f1xx_ll_usart.o(i.LL_USART_IsEnabled)
    LL_USART_IsEnabled                       0x08001789   Thumb Code    10  stm32f1xx_ll_usart.o(i.LL_USART_IsEnabled)
    i.LL_USART_SetBaudRate                   0x08001792   Section        0  stm32f1xx_ll_usart.o(i.LL_USART_SetBaudRate)
    LL_USART_SetBaudRate                     0x08001793   Thumb Code   158  stm32f1xx_ll_usart.o(i.LL_USART_SetBaudRate)
    i.LL_USART_StructInit                    0x08001830   Section        0  stm32f1xx_ll_usart.o(i.LL_USART_StructInit)
    i.OC1Config                              0x08001848   Section        0  stm32f1xx_ll_tim.o(i.OC1Config)
    OC1Config                                0x08001849   Thumb Code   354  stm32f1xx_ll_tim.o(i.OC1Config)
    i.OC2Config                              0x080019dc   Section        0  stm32f1xx_ll_tim.o(i.OC2Config)
    OC2Config                                0x080019dd   Thumb Code   356  stm32f1xx_ll_tim.o(i.OC2Config)
    i.OC3Config                              0x08001b70   Section        0  stm32f1xx_ll_tim.o(i.OC3Config)
    OC3Config                                0x08001b71   Thumb Code   354  stm32f1xx_ll_tim.o(i.OC3Config)
    i.OC4Config                              0x08001d04   Section        0  stm32f1xx_ll_tim.o(i.OC4Config)
    OC4Config                                0x08001d05   Thumb Code   324  stm32f1xx_ll_tim.o(i.OC4Config)
    i.RCC_GetHCLKClockFreq                   0x08001e78   Section        0  stm32f1xx_ll_rcc.o(i.RCC_GetHCLKClockFreq)
    i.RCC_GetPCLK1ClockFreq                  0x08001e98   Section        0  stm32f1xx_ll_rcc.o(i.RCC_GetPCLK1ClockFreq)
    i.RCC_GetPCLK2ClockFreq                  0x08001ebc   Section        0  stm32f1xx_ll_rcc.o(i.RCC_GetPCLK2ClockFreq)
    i.RCC_GetSystemClockFreq                 0x08001ee0   Section        0  stm32f1xx_ll_rcc.o(i.RCC_GetSystemClockFreq)
    i.RCC_PLL_GetFreqDomain_SYS              0x08001f1c   Section        0  stm32f1xx_ll_rcc.o(i.RCC_PLL_GetFreqDomain_SYS)
    i.SystemClock_Config                     0x08001f74   Section        0  main.o(i.SystemClock_Config)
    i.SystemInit                             0x08002054   Section        0  system_stm32f1xx.o(i.SystemInit)
    i.__scatterload_copy                     0x080020ac   Section       14  handlers.o(i.__scatterload_copy)
    i.__scatterload_null                     0x080020ba   Section        2  handlers.o(i.__scatterload_null)
    i.__scatterload_zeroinit                 0x080020bc   Section       14  handlers.o(i.__scatterload_zeroinit)
    i.assert_failed                          0x080020ca   Section        0  main.o(i.assert_failed)
    i.bordage_border_voiles                  0x080020d4   Section        0  bordage.o(i.bordage_border_voiles)
    i.bordage_conf_IO                        0x0800212c   Section        0  bordage.o(i.bordage_conf_IO)
    i.cap_generate_pwm                       0x08002144   Section        0  cap.o(i.cap_generate_pwm)
    i.cap_init                               0x08002154   Section        0  cap.o(i.cap_init)
    i.cap_send_to_moteur                     0x0800229c   Section        0  cap.o(i.cap_send_to_moteur)
    i.gerer_orientation                      0x08002308   Section        0  orientation.o(i.gerer_orientation)
    i.get_alpha                              0x08002318   Section        0  girouette.o(i.get_alpha)
    i.main                                   0x08002320   Section        0  main.o(i.main)
    i.orientation_init                       0x0800234a   Section        0  orientation.o(i.orientation_init)
    i.rapport_cyclique_to_comparevalue       0x08002360   Section        0  voiles.o(i.rapport_cyclique_to_comparevalue)
    i.telecommandeRF_getpwm                  0x080023b4   Section        0  telecommande_rf.o(i.telecommandeRF_getpwm)
    i.telecommandeRF_init                    0x080023c0   Section        0  telecommande_rf.o(i.telecommandeRF_init)
    i.voiles_alpha_to_teta                   0x080024c0   Section        0  voiles.o(i.voiles_alpha_to_teta)
    i.voiles_compare                         0x08002528   Section        0  voiles.o(i.voiles_compare)
    i.voiles_conf                            0x08002538   Section        0  voiles.o(i.voiles_conf)
    i.voiles_rapport_cyclique                0x080025dc   Section        0  voiles.o(i.voiles_rapport_cyclique)
    i.voiles_teta_to_ms                      0x08002610   Section        0  voiles.o(i.voiles_teta_to_ms)
    .constdata                               0x08002644   Section       35  girouette.o(.constdata)
    OFFSET_TAB_CCMRx                         0x08002644   Data           7  girouette.o(.constdata)
    SHIFT_TAB_OCxx                           0x0800264b   Data           7  girouette.o(.constdata)
    SHIFT_TAB_ICxx                           0x08002652   Data           7  girouette.o(.constdata)
    SHIFT_TAB_CCxP                           0x08002659   Data           7  girouette.o(.constdata)
    SHIFT_TAB_OISx                           0x08002660   Data           7  girouette.o(.constdata)
    .constdata                               0x08002667   Section       35  telecommande_rf.o(.constdata)
    OFFSET_TAB_CCMRx                         0x08002667   Data           7  telecommande_rf.o(.constdata)
    SHIFT_TAB_OCxx                           0x0800266e   Data           7  telecommande_rf.o(.constdata)
    SHIFT_TAB_ICxx                           0x08002675   Data           7  telecommande_rf.o(.constdata)
    SHIFT_TAB_CCxP                           0x0800267c   Data           7  telecommande_rf.o(.constdata)
    SHIFT_TAB_OISx                           0x08002683   Data           7  telecommande_rf.o(.constdata)
    .constdata                               0x0800268a   Section       35  cap.o(.constdata)
    OFFSET_TAB_CCMRx                         0x0800268a   Data           7  cap.o(.constdata)
    SHIFT_TAB_OCxx                           0x08002691   Data           7  cap.o(.constdata)
    SHIFT_TAB_ICxx                           0x08002698   Data           7  cap.o(.constdata)
    SHIFT_TAB_CCxP                           0x0800269f   Data           7  cap.o(.constdata)
    SHIFT_TAB_OISx                           0x080026a6   Data           7  cap.o(.constdata)
    .constdata                               0x080026ad   Section       24  system_stm32f1xx.o(.constdata)
    .data                                    0x20000000   Section       20  bordage.o(.data)
    .data                                    0x20000014   Section        4  voiles.o(.data)
    .data                                    0x20000018   Section        4  system_stm32f1xx.o(.data)
    STACK                                    0x20000020   Section     1024  startup_stm32f103xb.o(STACK)

    Global Symbols

    Symbol Name                              Value     Ov Type        Size  Object(Section)

    BuildAttributes$$THM_ISAv4$P$D$K$B$S$PE$A:L22UL41UL21$X:L11$S22US41US21$IEEE1$IW$USESV6$~STKCKD$USESV7$~SHL$OTIME$ROPI$EBA8$MICROLIB$REQ8$PRES8$EABIv2 0x00000000   Number         0  anon$$obj.o ABSOLUTE
    __ARM_use_no_argv                        0x00000000   Number         0  main.o ABSOLUTE
    _printf_a                                0x00000000   Number         0  stubs.o ABSOLUTE
    _printf_c                                0x00000000   Number         0  stubs.o ABSOLUTE
    _printf_charcount                        0x00000000   Number         0  stubs.o ABSOLUTE
    _printf_d                                0x00000000   Number         0  stubs.o ABSOLUTE
    _printf_e                                0x00000000   Number         0  stubs.o ABSOLUTE
    _printf_f                                0x00000000   Number         0  stubs.o ABSOLUTE
    _printf_flags                            0x00000000   Number         0  stubs.o ABSOLUTE
    _printf_fp_dec                           0x00000000   Number         0  stubs.o ABSOLUTE
    _printf_fp_hex                           0x00000000   Number         0  stubs.o ABSOLUTE
    _printf_g                                0x00000000   Number         0  stubs.o ABSOLUTE
    _printf_i                                0x00000000   Number         0  stubs.o ABSOLUTE
    _printf_int_dec                          0x00000000   Number         0  stubs.o ABSOLUTE
    _printf_l                                0x00000000   Number         0  stubs.o ABSOLUTE
    _printf_lc                               0x00000000   Number         0  stubs.o ABSOLUTE
    _printf_ll                               0x00000000   Number         0  stubs.o ABSOLUTE
    _printf_lld                              0x00000000   Number         0  stubs.o ABSOLUTE
    _printf_lli                              0x00000000   Number         0  stubs.o ABSOLUTE
    _printf_llo                              0x00000000   Number         0  stubs.o ABSOLUTE
    _printf_llu                              0x00000000   Number         0  stubs.o ABSOLUTE
    _printf_llx                              0x00000000   Number         0  stubs.o ABSOLUTE
    _printf_longlong_dec                     0x00000000   Number         0  stubs.o ABSOLUTE
    _printf_longlong_hex                     0x00000000   Number         0  stubs.o ABSOLUTE
    _printf_longlong_oct                     0x00000000   Number         0  stubs.o ABSOLUTE
    _printf_ls                               0x00000000   Number         0  stubs.o ABSOLUTE
    _printf_mbtowc                           0x00000000   Number         0  stubs.o ABSOLUTE
    _printf_n                                0x00000000   Number         0  stubs.o ABSOLUTE
    _printf_o                                0x00000000   Number         0  stubs.o ABSOLUTE
    _printf_p                                0x00000000   Number         0  stubs.o ABSOLUTE
    _printf_percent                          0x00000000   Number         0  stubs.o ABSOLUTE
    _printf_pre_padding                      0x00000000   Number         0  stubs.o ABSOLUTE
    _printf_return_value                     0x00000000   Number         0  stubs.o ABSOLUTE
    _printf_s                                0x00000000   Number         0  stubs.o ABSOLUTE
    _printf_sizespec                         0x00000000   Number         0  stubs.o ABSOLUTE
    _printf_str                              0x00000000   Number         0  stubs.o ABSOLUTE
    _printf_truncate_signed                  0x00000000   Number         0  stubs.o ABSOLUTE
    _printf_truncate_unsigned                0x00000000   Number         0  stubs.o ABSOLUTE
    _printf_u                                0x00000000   Number         0  stubs.o ABSOLUTE
    _printf_wc                               0x00000000   Number         0  stubs.o ABSOLUTE
    _printf_wctomb                           0x00000000   Number         0  stubs.o ABSOLUTE
    _printf_widthprec                        0x00000000   Number         0  stubs.o ABSOLUTE
    _printf_x                                0x00000000   Number         0  stubs.o ABSOLUTE
    __cpp_initialize__aeabi_                  - Undefined Weak Reference
    __cxa_finalize                            - Undefined Weak Reference
    __decompress                              - Undefined Weak Reference
    _clock_init                               - Undefined Weak Reference
    _microlib_exit                            - Undefined Weak Reference
    __Vectors_Size                           0x000000ec   Number         0  startup_stm32f103xb.o ABSOLUTE
    __Vectors                                0x08000000   Data           4  startup_stm32f103xb.o(RESET)
    __Vectors_End                            0x080000ec   Data           0  startup_stm32f103xb.o(RESET)
    __main                                   0x080000ed   Thumb Code     0  entry.o(.ARM.Collect$$$$00000000)
    _main_stk                                0x080000ed   Thumb Code     0  entry2.o(.ARM.Collect$$$$00000001)
    _main_scatterload                        0x080000f1   Thumb Code     0  entry5.o(.ARM.Collect$$$$00000004)
    __main_after_scatterload                 0x080000f5   Thumb Code     0  entry5.o(.ARM.Collect$$$$00000004)
    _main_clock                              0x080000f5   Thumb Code     0  entry7b.o(.ARM.Collect$$$$00000008)
    _main_cpp_init                           0x080000f5   Thumb Code     0  entry8b.o(.ARM.Collect$$$$0000000A)
    _main_init                               0x080000f5   Thumb Code     0  entry9a.o(.ARM.Collect$$$$0000000B)
    __rt_final_cpp                           0x080000fd   Thumb Code     0  entry10a.o(.ARM.Collect$$$$0000000D)
    __rt_final_exit                          0x080000fd   Thumb Code     0  entry11a.o(.ARM.Collect$$$$0000000F)
    Reset_Handler                            0x08000101   Thumb Code     8  startup_stm32f103xb.o(.text)
    NMI_Handler                              0x08000109   Thumb Code     2  startup_stm32f103xb.o(.text)
    HardFault_Handler                        0x0800010b   Thumb Code     2  startup_stm32f103xb.o(.text)
    MemManage_Handler                        0x0800010d   Thumb Code     2  startup_stm32f103xb.o(.text)
    BusFault_Handler                         0x0800010f   Thumb Code     2  startup_stm32f103xb.o(.text)
    UsageFault_Handler                       0x08000111   Thumb Code     2  startup_stm32f103xb.o(.text)
    SVC_Handler                              0x08000113   Thumb Code     2  startup_stm32f103xb.o(.text)
    DebugMon_Handler                         0x08000115   Thumb Code     2  startup_stm32f103xb.o(.text)
    PendSV_Handler                           0x08000117   Thumb Code     2  startup_stm32f103xb.o(.text)
    SysTick_Handler                          0x08000119   Thumb Code     2  startup_stm32f103xb.o(.text)
    ADC1_2_IRQHandler                        0x0800011b   Thumb Code     0  startup_stm32f103xb.o(.text)
    CAN1_RX1_IRQHandler                      0x0800011b   Thumb Code     0  startup_stm32f103xb.o(.text)
    CAN1_SCE_IRQHandler                      0x0800011b   Thumb Code     0  startup_stm32f103xb.o(.text)
    DMA1_Channel1_IRQHandler                 0x0800011b   Thumb Code     0  startup_stm32f103xb.o(.text)
    DMA1_Channel2_IRQHandler                 0x0800011b   Thumb Code     0  startup_stm32f103xb.o(.text)
    DMA1_Channel3_IRQHandler                 0x0800011b   Thumb Code     0  startup_stm32f103xb.o(.text)
    DMA1_Channel4_IRQHandler                 0x0800011b   Thumb Code     0  startup_stm32f103xb.o(.text)
    DMA1_Channel5_IRQHandler                 0x0800011b   Thumb Code     0  startup_stm32f103xb.o(.text)
    DMA1_Channel6_IRQHandler                 0x0800011b   Thumb Code     0  startup_stm32f103xb.o(.text)
    DMA1_Channel7_IRQHandler                 0x0800011b   Thumb Code     0  startup_stm32f103xb.o(.text)
    EXTI0_IRQHandler                         0x0800011b   Thumb Code     0  startup_stm32f103xb.o(.text)
    EXTI15_10_IRQHandler                     0x0800011b   Thumb Code     0  startup_stm32f103xb.o(.text)
    EXTI1_IRQHandler                         0x0800011b   Thumb Code     0  startup_stm32f103xb.o(.text)
    EXTI2_IRQHandler                         0x0800011b   Thumb Code     0  startup_stm32f103xb.o(.text)
    EXTI3_IRQHandler                         0x0800011b   Thumb Code     0  startup_stm32f103xb.o(.text)
    EXTI4_IRQHandler                         0x0800011b   Thumb Code     0  startup_stm32f103xb.o(.text)
    EXTI9_5_IRQHandler                       0x0800011b   Thumb Code     0  startup_stm32f103xb.o(.text)
    FLASH_IRQHandler                         0x0800011b   Thumb Code     0  startup_stm32f103xb.o(.text)
    I2C1_ER_IRQHandler                       0x0800011b   Thumb Code     0  startup_stm32f103xb.o(.text)
    I2C1_EV_IRQHandler                       0x0800011b   Thumb Code     0  startup_stm32f103xb.o(.text)
    I2C2_ER_IRQHandler                       0x0800011b   Thumb Code     0  startup_stm32f103xb.o(.text)
    I2C2_EV_IRQHandler                       0x0800011b   Thumb Code     0  startup_stm32f103xb.o(.text)
    PVD_IRQHandler                           0x0800011b   Thumb Code     0  startup_stm32f103xb.o(.text)
    RCC_IRQHandler                           0x0800011b   Thumb Code     0  startup_stm32f103xb.o(.text)
    RTC_Alarm_IRQHandler                     0x0800011b   Thumb Code     0  startup_stm32f103xb.o(.text)
    RTC_IRQHandler                           0x0800011b   Thumb Code     0  startup_stm32f103xb.o(.text)
    SPI1_IRQHandler                          0x0800011b   Thumb Code     0  startup_stm32f103xb.o(.text)
    SPI2_IRQHandler                          0x0800011b   Thumb Code     0  startup_stm32f103xb.o(.text)
    TAMPER_IRQHandler                        0x0800011b   Thumb Code     0  startup_stm32f103xb.o(.text)
    TIM1_BRK_IRQHandler                      0x0800011b   Thumb Code     0  startup_stm32f103xb.o(.text)
    TIM1_CC_IRQHandler                       0x0800011b   Thumb Code     0  startup_stm32f103xb.o(.text)
    TIM1_TRG_COM_IRQHandler                  0x0800011b   Thumb Code     0  startup_stm32f103xb.o(.text)
    TIM1_UP_IRQHandler                       0x0800011b   Thumb Code     0  startup_stm32f103xb.o(.text)
    TIM2_IRQHandler                          0x0800011b   Thumb Code     0  startup_stm32f103xb.o(.text)
    TIM3_IRQHandler                          0x0800011b   Thumb Code     0  startup_stm32f103xb.o(.text)
    TIM4_IRQHandler                          0x0800011b   Thumb Code     0  startup_stm32f103xb.o(.text)
    USART1_IRQHandler                        0x0800011b   Thumb Code     0  startup_stm32f103xb.o(.text)
    USART2_IRQHandler                        0x0800011b   Thumb Code     0  startup_stm32f103xb.o(.text)
    USART3_IRQHandler                        0x0800011b   Thumb Code     0  startup_stm32f103xb.o(.text)
    USBWakeUp_IRQHandler                     0x0800011b   Thumb Code     0  startup_stm32f103xb.o(.text)
    USB_HP_CAN1_TX_IRQHandler                0x0800011b   Thumb Code     0  startup_stm32f103xb.o(.text)
    USB_LP_CAN1_RX0_IRQHandler               0x0800011b   Thumb Code     0  startup_stm32f103xb.o(.text)
    WWDG_IRQHandler                          0x0800011b   Thumb Code     0  startup_stm32f103xb.o(.text)
    __aeabi_dadd                             0x08000125   Thumb Code   322  dadd.o(.text)
    __aeabi_dsub                             0x08000267   Thumb Code     6  dadd.o(.text)
    __aeabi_drsub                            0x0800026d   Thumb Code     6  dadd.o(.text)
    __aeabi_dmul                             0x08000273   Thumb Code   228  dmul.o(.text)
    __aeabi_ddiv                             0x08000357   Thumb Code   222  ddiv.o(.text)
    __aeabi_i2f                              0x08000435   Thumb Code    18  fflti.o(.text)
    __aeabi_i2d                              0x08000447   Thumb Code    34  dflti.o(.text)
    __aeabi_f2iz                             0x08000469   Thumb Code    50  ffixi.o(.text)
    __aeabi_d2iz                             0x0800049b   Thumb Code    62  dfixi.o(.text)
    __aeabi_f2d                              0x080004d9   Thumb Code    38  f2d.o(.text)
    __aeabi_d2f                              0x080004ff   Thumb Code    56  d2f.o(.text)
    __aeabi_llsl                             0x08000537   Thumb Code    30  llshl.o(.text)
    _ll_shift_l                              0x08000537   Thumb Code     0  llshl.o(.text)
    __aeabi_llsr                             0x08000555   Thumb Code    32  llushr.o(.text)
    _ll_ushift_r                             0x08000555   Thumb Code     0  llushr.o(.text)
    __aeabi_lasr                             0x08000575   Thumb Code    36  llsshr.o(.text)
    _ll_sshift_r                             0x08000575   Thumb Code     0  llsshr.o(.text)
    __I$use$fp                               0x08000599   Thumb Code     0  iusefp.o(.text)
    _float_round                             0x08000599   Thumb Code    18  fepilogue.o(.text)
    _float_epilogue                          0x080005ab   Thumb Code    92  fepilogue.o(.text)
    _double_round                            0x08000607   Thumb Code    30  depilogue.o(.text)
    _double_epilogue                         0x08000625   Thumb Code   156  depilogue.o(.text)
    __scatterload                            0x080006c1   Thumb Code    28  init.o(.text)
    __scatterload_rt2                        0x080006c1   Thumb Code     0  init.o(.text)
    Bordage_Background                       0x080006e5   Thumb Code    38  bordage.o(i.Bordage_Background)
    DATA_GPIO_init                           0x08000715   Thumb Code   100  data.o(i.DATA_GPIO_init)
    DATA_USART_init                          0x08000785   Thumb Code    80  data.o(i.DATA_USART_init)
    DATA_init                                0x080007dd   Thumb Code    12  affichage.o(i.DATA_init)
    Girouette_Conf                           0x080007e9   Thumb Code   212  girouette.o(i.Girouette_Conf)
    LL_GPIO_Init                             0x08000eb1   Thumb Code   442  stm32f1xx_ll_gpio.o(i.LL_GPIO_Init)
    LL_GPIO_StructInit                       0x080011e5   Thumb Code    24  stm32f1xx_ll_gpio.o(i.LL_GPIO_StructInit)
    LL_Init1msTick                           0x080011fd   Thumb Code    28  stm32f1xx_ll_utils.o(i.LL_Init1msTick)
    LL_RCC_GetSystemClocksFreq               0x08001219   Thumb Code    36  stm32f1xx_ll_rcc.o(i.LL_RCC_GetSystemClocksFreq)
    LL_SetSystemCoreClock                    0x0800123d   Thumb Code     6  stm32f1xx_ll_utils.o(i.LL_SetSystemCoreClock)
    LL_TIM_IC_Init                           0x08001259   Thumb Code    92  stm32f1xx_ll_tim.o(i.LL_TIM_IC_Init)
    LL_TIM_Init                              0x080013d1   Thumb Code   228  stm32f1xx_ll_tim.o(i.LL_TIM_Init)
    LL_TIM_OC_Init                           0x080014e5   Thumb Code    92  stm32f1xx_ll_tim.o(i.LL_TIM_OC_Init)
    LL_TIM_OC_StructInit                     0x080015b1   Thumb Code    20  stm32f1xx_ll_tim.o(i.LL_TIM_OC_StructInit)
    LL_TIM_StructInit                        0x080015c5   Thumb Code    18  stm32f1xx_ll_tim.o(i.LL_TIM_StructInit)
    LL_USART_Init                            0x080015d9   Thumb Code   376  stm32f1xx_ll_usart.o(i.LL_USART_Init)
    LL_USART_StructInit                      0x08001831   Thumb Code    24  stm32f1xx_ll_usart.o(i.LL_USART_StructInit)
    RCC_GetHCLKClockFreq                     0x08001e79   Thumb Code    24  stm32f1xx_ll_rcc.o(i.RCC_GetHCLKClockFreq)
    RCC_GetPCLK1ClockFreq                    0x08001e99   Thumb Code    26  stm32f1xx_ll_rcc.o(i.RCC_GetPCLK1ClockFreq)
    RCC_GetPCLK2ClockFreq                    0x08001ebd   Thumb Code    26  stm32f1xx_ll_rcc.o(i.RCC_GetPCLK2ClockFreq)
    RCC_GetSystemClockFreq                   0x08001ee1   Thumb Code    52  stm32f1xx_ll_rcc.o(i.RCC_GetSystemClockFreq)
    RCC_PLL_GetFreqDomain_SYS                0x08001f1d   Thumb Code    76  stm32f1xx_ll_rcc.o(i.RCC_PLL_GetFreqDomain_SYS)
    SystemClock_Config                       0x08001f75   Thumb Code   212  main.o(i.SystemClock_Config)
    SystemInit                               0x08002055   Thumb Code    70  system_stm32f1xx.o(i.SystemInit)
    __scatterload_copy                       0x080020ad   Thumb Code    14  handlers.o(i.__scatterload_copy)
    __scatterload_null                       0x080020bb   Thumb Code     2  handlers.o(i.__scatterload_null)
    __scatterload_zeroinit                   0x080020bd   Thumb Code    14  handlers.o(i.__scatterload_zeroinit)
    assert_failed                            0x080020cb   Thumb Code     8  main.o(i.assert_failed)
    bordage_border_voiles                    0x080020d5   Thumb Code    72  bordage.o(i.bordage_border_voiles)
    bordage_conf_IO                          0x0800212d   Thumb Code    24  bordage.o(i.bordage_conf_IO)
    cap_generate_pwm                         0x08002145   Thumb Code    14  cap.o(i.cap_generate_pwm)
    cap_init                                 0x08002155   Thumb Code   314  cap.o(i.cap_init)
    cap_send_to_moteur                       0x0800229d   Thumb Code   102  cap.o(i.cap_send_to_moteur)
    gerer_orientation                        0x08002309   Thumb Code    16  orientation.o(i.gerer_orientation)
    get_alpha                                0x08002319   Thumb Code     8  girouette.o(i.get_alpha)
    main                                     0x08002321   Thumb Code    42  main.o(i.main)
    orientation_init                         0x0800234b   Thumb Code    22  orientation.o(i.orientation_init)
    rapport_cyclique_to_comparevalue         0x08002361   Thumb Code    66  voiles.o(i.rapport_cyclique_to_comparevalue)
    telecommandeRF_getpwm                    0x080023b5   Thumb Code     6  telecommande_rf.o(i.telecommandeRF_getpwm)
    telecommandeRF_init                      0x080023c1   Thumb Code   242  telecommande_rf.o(i.telecommandeRF_init)
    voiles_alpha_to_teta                     0x080024c1   Thumb Code    90  voiles.o(i.voiles_alpha_to_teta)
    voiles_compare                           0x08002529   Thumb Code    10  voiles.o(i.voiles_compare)
    voiles_conf                              0x08002539   Thumb Code   148  voiles.o(i.voiles_conf)
    voiles_rapport_cyclique                  0x080025dd   Thumb Code    42  voiles.o(i.voiles_rapport_cyclique)
    voiles_teta_to_ms                        0x08002611   Thumb Code    48  voiles.o(i.voiles_teta_to_ms)
    AHBPrescTable                            0x080026ad   Data          16  system_stm32f1xx.o(.constdata)
    APBPrescTable                            0x080026bd   Data           8  system_stm32f1xx.o(.constdata)
    Region$$Table$$Base                      0x080026c8   Number         0  anon$$obj.o(Region$$Table)
    Region$$Table$$Limit                     0x080026e8   Number         0  anon$$obj.o(Region$$Table)
    alpha                                    0x20000000   Data           4  bordage.o(.data)
    teta1                                    0x20000004   Data           4  bordage.o(.data)
    MS                                       0x20000008   Data           4  bordage.o(.data)
    Rapport_Cyclique                         0x2000000c   Data           4  bordage.o(.data)
    compare_value                            0x20000010   Data           4  bordage.o(.data)
    teta                                     0x20000014   Data           4  voiles.o(.data)
    SystemCoreClock                          0x20000018   Data           4  system_stm32f1xx.o(.data)
    __initial_sp                             0x20000420   Data           0  startup_stm32f103xb.o(STACK)



==============================================================================

Memory Map of the image

  Image Entry point : 0x080000ed

  Load Region LR_IROM1 (Base: 0x08000000, Size: 0x00002704, Max: 0x00020000, ABSOLUTE)

    Execution Region ER_IROM1 (Exec base: 0x08000000, Load base: 0x08000000, Size: 0x000026e8, Max: 0x00020000, ABSOLUTE)

    Exec Addr    Load Addr    Size         Type   Attr      Idx    E Section Name        Object

    0x08000000   0x08000000   0x000000ec   Data   RO         1221    RESET               startup_stm32f103xb.o
    0x080000ec   0x080000ec   0x00000000   Code   RO         1226  * .ARM.Collect$$$$00000000  mc_w.l(entry.o)
    0x080000ec   0x080000ec   0x00000004   Code   RO         1508    .ARM.Collect$$$$00000001  mc_w.l(entry2.o)
    0x080000f0   0x080000f0   0x00000004   Code   RO         1511    .ARM.Collect$$$$00000004  mc_w.l(entry5.o)
    0x080000f4   0x080000f4   0x00000000   Code   RO         1513    .ARM.Collect$$$$00000008  mc_w.l(entry7b.o)
    0x080000f4   0x080000f4   0x00000000   Code   RO         1515    .ARM.Collect$$$$0000000A  mc_w.l(entry8b.o)
    0x080000f4   0x080000f4   0x00000008   Code   RO         1516    .ARM.Collect$$$$0000000B  mc_w.l(entry9a.o)
    0x080000fc   0x080000fc   0x00000000   Code   RO         1518    .ARM.Collect$$$$0000000D  mc_w.l(entry10a.o)
    0x080000fc   0x080000fc   0x00000000   Code   RO         1520    .ARM.Collect$$$$0000000F  mc_w.l(entry11a.o)
    0x080000fc   0x080000fc   0x00000004   Code   RO         1509    .ARM.Collect$$$$00002712  mc_w.l(entry2.o)
    0x08000100   0x08000100   0x00000024   Code   RO         1222    .text               startup_stm32f103xb.o
    0x08000124   0x08000124   0x0000014e   Code   RO         1490    .text               mf_w.l(dadd.o)
    0x08000272   0x08000272   0x000000e4   Code   RO         1492    .text               mf_w.l(dmul.o)
    0x08000356   0x08000356   0x000000de   Code   RO         1494    .text               mf_w.l(ddiv.o)
    0x08000434   0x08000434   0x00000012   Code   RO         1496    .text               mf_w.l(fflti.o)
    0x08000446   0x08000446   0x00000022   Code   RO         1498    .text               mf_w.l(dflti.o)
    0x08000468   0x08000468   0x00000032   Code   RO         1500    .text               mf_w.l(ffixi.o)
    0x0800049a   0x0800049a   0x0000003e   Code   RO         1502    .text               mf_w.l(dfixi.o)
    0x080004d8   0x080004d8   0x00000026   Code   RO         1504    .text               mf_w.l(f2d.o)
    0x080004fe   0x080004fe   0x00000038   Code   RO         1506    .text               mf_w.l(d2f.o)
    0x08000536   0x08000536   0x0000001e   Code   RO         1529    .text               mc_w.l(llshl.o)
    0x08000554   0x08000554   0x00000020   Code   RO         1531    .text               mc_w.l(llushr.o)
    0x08000574   0x08000574   0x00000024   Code   RO         1533    .text               mc_w.l(llsshr.o)
    0x08000598   0x08000598   0x00000000   Code   RO         1535    .text               mc_w.l(iusefp.o)
    0x08000598   0x08000598   0x0000006e   Code   RO         1536    .text               mf_w.l(fepilogue.o)
    0x08000606   0x08000606   0x000000ba   Code   RO         1538    .text               mf_w.l(depilogue.o)
    0x080006c0   0x080006c0   0x00000024   Code   RO         1544    .text               mc_w.l(init.o)
    0x080006e4   0x080006e4   0x00000030   Code   RO          129    i.Bordage_Background  bordage.o
    0x08000714   0x08000714   0x00000070   Code   RO          580    i.DATA_GPIO_init    data.o
    0x08000784   0x08000784   0x00000058   Code   RO          581    i.DATA_USART_init   data.o
    0x080007dc   0x080007dc   0x0000000c   Code   RO          190    i.DATA_init         affichage.o
    0x080007e8   0x080007e8   0x000000e0   Code   RO          288    i.Girouette_Conf    girouette.o
    0x080008c8   0x080008c8   0x00000178   Code   RO          817    i.IC1Config         stm32f1xx_ll_tim.o
    0x08000a40   0x08000a40   0x00000178   Code   RO          818    i.IC2Config         stm32f1xx_ll_tim.o
    0x08000bb8   0x08000bb8   0x0000017c   Code   RO          819    i.IC3Config         stm32f1xx_ll_tim.o
    0x08000d34   0x08000d34   0x0000017c   Code   RO          820    i.IC4Config         stm32f1xx_ll_tim.o
    0x08000eb0   0x08000eb0   0x000001f8   Code   RO         1050    i.LL_GPIO_Init      stm32f1xx_ll_gpio.o
    0x080010a8   0x080010a8   0x00000008   Code   RO          518    i.LL_GPIO_ResetOutputPin  cap.o
    0x080010b0   0x080010b0   0x0000002c   Code   RO          289    i.LL_GPIO_SetPinMode  girouette.o
    0x080010dc   0x080010dc   0x0000002c   Code   RO          349    i.LL_GPIO_SetPinMode  telecommande_rf.o
    0x08001108   0x08001108   0x0000002c   Code   RO          404    i.LL_GPIO_SetPinMode  voiles.o
    0x08001134   0x08001134   0x0000002c   Code   RO          519    i.LL_GPIO_SetPinMode  cap.o
    0x08001160   0x08001160   0x0000002c   Code   RO          583    i.LL_GPIO_SetPinMode  data.o
    0x0800118c   0x0800118c   0x0000002c   Code   RO          584    i.LL_GPIO_SetPinOutputType  data.o
    0x080011b8   0x080011b8   0x0000002c   Code   RO          585    i.LL_GPIO_SetPinSpeed  data.o
    0x080011e4   0x080011e4   0x00000018   Code   RO         1051    i.LL_GPIO_StructInit  stm32f1xx_ll_gpio.o
    0x080011fc   0x080011fc   0x0000001c   Code   RO          720    i.LL_Init1msTick    stm32f1xx_ll_utils.o
    0x08001218   0x08001218   0x00000024   Code   RO          639    i.LL_RCC_GetSystemClocksFreq  stm32f1xx_ll_rcc.o
    0x0800123c   0x0800123c   0x0000000c   Code   RO          727    i.LL_SetSystemCoreClock  stm32f1xx_ll_utils.o
    0x08001248   0x08001248   0x00000008   Code   RO          290    i.LL_TIM_CC_EnableChannel  girouette.o
    0x08001250   0x08001250   0x00000008   Code   RO          350    i.LL_TIM_CC_EnableChannel  telecommande_rf.o
    0x08001258   0x08001258   0x0000005c   Code   RO          830    i.LL_TIM_IC_Init    stm32f1xx_ll_tim.o
    0x080012b4   0x080012b4   0x0000006c   Code   RO          351    i.LL_TIM_IC_SetActiveInput  telecommande_rf.o
    0x08001320   0x08001320   0x00000058   Code   RO          291    i.LL_TIM_IC_SetPolarity  girouette.o
    0x08001378   0x08001378   0x00000058   Code   RO          352    i.LL_TIM_IC_SetPolarity  telecommande_rf.o
    0x080013d0   0x080013d0   0x00000114   Code   RO          832    i.LL_TIM_Init       stm32f1xx_ll_tim.o
    0x080014e4   0x080014e4   0x0000005c   Code   RO          833    i.LL_TIM_OC_Init    stm32f1xx_ll_tim.o
    0x08001540   0x08001540   0x00000004   Code   RO          834    i.LL_TIM_OC_SetCompareCH2  stm32f1xx_ll_tim.o
    0x08001544   0x08001544   0x0000006c   Code   RO          520    i.LL_TIM_OC_SetMode  cap.o
    0x080015b0   0x080015b0   0x00000014   Code   RO          835    i.LL_TIM_OC_StructInit  stm32f1xx_ll_tim.o
    0x080015c4   0x080015c4   0x00000012   Code   RO          836    i.LL_TIM_StructInit  stm32f1xx_ll_tim.o
    0x080015d6   0x080015d6   0x00000002   PAD
    0x080015d8   0x080015d8   0x000001b0   Code   RO          981    i.LL_USART_Init     stm32f1xx_ll_usart.o
    0x08001788   0x08001788   0x0000000a   Code   RO          982    i.LL_USART_IsEnabled  stm32f1xx_ll_usart.o
    0x08001792   0x08001792   0x0000009e   Code   RO          983    i.LL_USART_SetBaudRate  stm32f1xx_ll_usart.o
    0x08001830   0x08001830   0x00000018   Code   RO          984    i.LL_USART_StructInit  stm32f1xx_ll_usart.o
    0x08001848   0x08001848   0x00000194   Code   RO          837    i.OC1Config         stm32f1xx_ll_tim.o
    0x080019dc   0x080019dc   0x00000194   Code   RO          838    i.OC2Config         stm32f1xx_ll_tim.o
    0x08001b70   0x08001b70   0x00000194   Code   RO          839    i.OC3Config         stm32f1xx_ll_tim.o
    0x08001d04   0x08001d04   0x00000174   Code   RO          840    i.OC4Config         stm32f1xx_ll_tim.o
    0x08001e78   0x08001e78   0x00000020   Code   RO          642    i.RCC_GetHCLKClockFreq  stm32f1xx_ll_rcc.o
    0x08001e98   0x08001e98   0x00000024   Code   RO          643    i.RCC_GetPCLK1ClockFreq  stm32f1xx_ll_rcc.o
    0x08001ebc   0x08001ebc   0x00000024   Code   RO          644    i.RCC_GetPCLK2ClockFreq  stm32f1xx_ll_rcc.o
    0x08001ee0   0x08001ee0   0x0000003c   Code   RO          645    i.RCC_GetSystemClockFreq  stm32f1xx_ll_rcc.o
    0x08001f1c   0x08001f1c   0x00000058   Code   RO          646    i.RCC_PLL_GetFreqDomain_SYS  stm32f1xx_ll_rcc.o
    0x08001f74   0x08001f74   0x000000e0   Code   RO            4    i.SystemClock_Config  main.o
    0x08002054   0x08002054   0x00000058   Code   RO         1186    i.SystemInit        system_stm32f1xx.o
    0x080020ac   0x080020ac   0x0000000e   Code   RO         1550    i.__scatterload_copy  mc_w.l(handlers.o)
    0x080020ba   0x080020ba   0x00000002   Code   RO         1551    i.__scatterload_null  mc_w.l(handlers.o)
    0x080020bc   0x080020bc   0x0000000e   Code   RO         1552    i.__scatterload_zeroinit  mc_w.l(handlers.o)
    0x080020ca   0x080020ca   0x00000008   Code   RO            5    i.assert_failed     main.o
    0x080020d2   0x080020d2   0x00000002   PAD
    0x080020d4   0x080020d4   0x00000058   Code   RO          130    i.bordage_border_voiles  bordage.o
    0x0800212c   0x0800212c   0x00000018   Code   RO          131    i.bordage_conf_IO   bordage.o
    0x08002144   0x08002144   0x0000000e   Code   RO          521    i.cap_generate_pwm  cap.o
    0x08002152   0x08002152   0x00000002   PAD
    0x08002154   0x08002154   0x00000148   Code   RO          522    i.cap_init          cap.o
    0x0800229c   0x0800229c   0x0000006c   Code   RO          523    i.cap_send_to_moteur  cap.o
    0x08002308   0x08002308   0x00000010   Code   RO          245    i.gerer_orientation  orientation.o
    0x08002318   0x08002318   0x00000008   Code   RO          292    i.get_alpha         girouette.o
    0x08002320   0x08002320   0x0000002a   Code   RO            6    i.main              main.o
    0x0800234a   0x0800234a   0x00000016   Code   RO          246    i.orientation_init  orientation.o
    0x08002360   0x08002360   0x00000054   Code   RO          405    i.rapport_cyclique_to_comparevalue  voiles.o
    0x080023b4   0x080023b4   0x0000000c   Code   RO          353    i.telecommandeRF_getpwm  telecommande_rf.o
    0x080023c0   0x080023c0   0x00000100   Code   RO          354    i.telecommandeRF_init  telecommande_rf.o
    0x080024c0   0x080024c0   0x00000068   Code   RO          406    i.voiles_alpha_to_teta  voiles.o
    0x08002528   0x08002528   0x00000010   Code   RO          407    i.voiles_compare    voiles.o
    0x08002538   0x08002538   0x000000a4   Code   RO          408    i.voiles_conf       voiles.o
    0x080025dc   0x080025dc   0x00000034   Code   RO          409    i.voiles_rapport_cyclique  voiles.o
    0x08002610   0x08002610   0x00000034   Code   RO          410    i.voiles_teta_to_ms  voiles.o
    0x08002644   0x08002644   0x00000023   Data   RO          293    .constdata          girouette.o
    0x08002667   0x08002667   0x00000023   Data   RO          355    .constdata          telecommande_rf.o
    0x0800268a   0x0800268a   0x00000023   Data   RO          524    .constdata          cap.o
    0x080026ad   0x080026ad   0x00000018   Data   RO         1187    .constdata          system_stm32f1xx.o
    0x080026c5   0x080026c5   0x00000003   PAD
    0x080026c8   0x080026c8   0x00000020   Data   RO         1548    Region$$Table       anon$$obj.o


    Execution Region RW_IRAM1 (Exec base: 0x20000000, Load base: 0x080026e8, Size: 0x00000420, Max: 0x00005000, ABSOLUTE)

    Exec Addr    Load Addr    Size         Type   Attr      Idx    E Section Name        Object

    0x20000000   0x080026e8   0x00000014   Data   RW          135    .data               bordage.o
    0x20000014   0x080026fc   0x00000004   Data   RW          412    .data               voiles.o
    0x20000018   0x08002700   0x00000004   Data   RW         1188    .data               system_stm32f1xx.o
    0x2000001c   0x08002704   0x00000004   PAD
    0x20000020        -       0x00000400   Zero   RW         1219    STACK               startup_stm32f103xb.o


==============================================================================

Image component sizes


      Code (inc. data)   RO Data    RW Data    ZI Data      Debug   Object Name

        12          0          0          0          0        452   affichage.o
       160         26          0         20          0      11027   bordage.o
       610         30         35          0          0      38779   cap.o
       332         20          0          0          0      22259   data.o
       372         16         35          0          0      38157   girouette.o
       274         12          0          0          0     380392   main.o
        38          0          0          0          0       1023   orientation.o
        36          8        236          0       1024        780   startup_stm32f103xb.o
       528         62          0          0          0      10952   stm32f1xx_ll_gpio.o
       288         48          0          0          0      13189   stm32f1xx_ll_rcc.o
      3598        442          0          0          0      38439   stm32f1xx_ll_tim.o
       624         56          0          0          0      16446   stm32f1xx_ll_usart.o
        40          6          0          0          0       2105   stm32f1xx_ll_utils.o
        88         18         24          4          0       1171   system_stm32f1xx.o
       516         34         35          0          0      28158   telecommande_rf.o
       516         68          0          4          0      31298   voiles.o

    ----------------------------------------------------------------------
      8038        846        400         28       1028     634627   Object Totals
         0          0         32          0          0          0   (incl. Generated)
         6          0          3          0          4          0   (incl. Padding)

    ----------------------------------------------------------------------

      Code (inc. data)   RO Data    RW Data    ZI Data      Debug   Library Member Name

         0          0          0          0          0          0   entry.o
         0          0          0          0          0          0   entry10a.o
         0          0          0          0          0          0   entry11a.o
         8          4          0          0          0          0   entry2.o
         4          0          0          0          0          0   entry5.o
         0          0          0          0          0          0   entry7b.o
         0          0          0          0          0          0   entry8b.o
         8          4          0          0          0          0   entry9a.o
        30          0          0          0          0          0   handlers.o
        36          8          0          0          0         68   init.o
         0          0          0          0          0          0   iusefp.o
        30          0          0          0          0         68   llshl.o
        36          0          0          0          0         68   llsshr.o
        32          0          0          0          0         68   llushr.o
        56          0          0          0          0         88   d2f.o
       334          0          0          0          0        148   dadd.o
       222          0          0          0          0        100   ddiv.o
       186          0          0          0          0        176   depilogue.o
        62          0          0          0          0         80   dfixi.o
        34          0          0          0          0         76   dflti.o
       228          0          0          0          0         96   dmul.o
        38          0          0          0          0         68   f2d.o
       110          0          0          0          0        168   fepilogue.o
        50          0          0          0          0         68   ffixi.o
        18          0          0          0          0         68   fflti.o

    ----------------------------------------------------------------------
      1522         16          0          0          0       1408   Library Totals
         0          0          0          0          0          0   (incl. Padding)

    ----------------------------------------------------------------------

      Code (inc. data)   RO Data    RW Data    ZI Data      Debug   Library Name

       184         16          0          0          0        272   mc_w.l
      1338          0          0          0          0       1136   mf_w.l

    ----------------------------------------------------------------------
      1522         16          0          0          0       1408   Library Totals

    ----------------------------------------------------------------------

==============================================================================


      Code (inc. data)   RO Data    RW Data    ZI Data      Debug   

      9560        862        400         28       1028     632183   Grand Totals
      9560        862        400         28       1028     632183   ELF Image Totals
      9560        862        400         28          0          0   ROM Totals

==============================================================================

    Total RO  Size (Code + RO Data)                 9960 (   9.73kB)
    Total RW  Size (RW Data + ZI Data)              1056 (   1.03kB)
    Total ROM Size (Code + RO Data + RW Data)       9988 (   9.75kB)

==============================================================================

