<html>
<body>
<pre>
<h1>µVision Build Log</h1>
<h2>Tool Versions:</h2>
IDE-Version: µVision V5.29.0.0
Copyright (C) 2019 ARM Ltd and ARM Germany GmbH. All rights reserved.
License Information: lea laxague, insa, LIC=----
 
Tool Versions:
Toolchain:       MDK-Lite  Version: 5.29.0.0
Toolchain Path:  C:\Keil_v5\ARM\ARMCC\Bin
C Compiler:      Armcc.exe V5.06 update 6 (build 750)
Assembler:       Armasm.exe V5.06 update 6 (build 750)
Linker/Locator:  ArmLink.exe V5.06 update 6 (build 750)
Library Manager: ArmAr.exe V5.06 update 6 (build 750)
Hex Converter:   FromElf.exe V5.06 update 6 (build 750)
CPU DLL:         SARMCM3.DLL V5.29.0.0
Dialog DLL:      DARMSTM.DLL V1.68.0.0
Target DLL:      STLink\ST-LINKIII-KEIL_SWO.dll V3.0.7.0
Dialog DLL:      TARMSTM.DLL V1.66.0.0
 
<h2>Project:</h2>
C:\Users\leala\Documents\INSA_4A\PERIPHERIQUES\Projet_Voilier\MDK-ARM\Project.uvprojx
Project File Date:  11/13/2020

<h2>Output:</h2>
*** Using Compiler 'V5.06 update 6 (build 750)', folder: 'C:\Keil_v5\ARM\ARMCC\Bin'
Rebuild target 'Simulateur'
compiling affichage.c...
compiling telecommande_RF.c...
compiling orientation.c...
compiling cap.c...
compiling stm32f1xx_ll_rcc.c...
compiling stm32f1xx_ll_utils.c...
compiling voiles.c...
..\MyDrivers\voiles.c(77): warning:  #940-D: missing return statement at end of non-void function "voiles_compare" 
  }
..\MyDrivers\voiles.c: 1 warning, 0 errors
compiling main.c...
..\MyDrivers\roulis.h(6): warning:  #1295-D: Deprecated declaration roulis_init - give arg types
  int roulis_init();
..\MyDrivers\roulis.h(7): warning:  #1295-D: Deprecated declaration roulis_get - give arg types
  int roulis_get();
../Src/main.c: 2 warnings, 0 errors
compiling bordage.c...
..\MyDrivers\roulis.h(6): warning:  #1295-D: Deprecated declaration roulis_init - give arg types
  int roulis_init();
..\MyDrivers\roulis.h(7): warning:  #1295-D: Deprecated declaration roulis_get - give arg types
  int roulis_get();
..\Services\bordage.c: 2 warnings, 0 errors
compiling girouette.c...
compiling roulis.c...
..\MyDrivers\roulis.h(6): warning:  #1295-D: Deprecated declaration roulis_init - give arg types
  int roulis_init();
..\MyDrivers\roulis.h(7): warning:  #1295-D: Deprecated declaration roulis_get - give arg types
  int roulis_get();
..\MyDrivers\roulis.c(20): warning:  #940-D: missing return statement at end of non-void function "roulis_init" 
  }
..\MyDrivers\roulis.c(25): warning:  #940-D: missing return statement at end of non-void function "roulis_get" 
  }
..\MyDrivers\roulis.c: 4 warnings, 0 errors
assembling startup_stm32f103xb.s...
compiling system_stm32f1xx.c...
compiling stm32f1xx_ll_gpio.c...
compiling stm32f1xx_ll_usart.c...
compiling stm32f1xx_ll_tim.c...
linking...
Program Size: Code=3096 RO-data=340 RW-data=24 ZI-data=1024  
"NUCLEO-F103RB\NUCLEO-F103RB.axf" - 0 Error(s), 9 Warning(s).

<h2>Software Packages used:</h2>

Package Vendor: ARM
                http://www.keil.com/pack/ARM.CMSIS.5.6.0.pack
                ARM.CMSIS.5.6.0
                CMSIS (Cortex Microcontroller Software Interface Standard)
   * Component: CORE Version: 5.3.0

Package Vendor: Keil
                http://www.keil.com/pack/Keil.STM32F1xx_DFP.2.3.0.pack
                Keil.STM32F1xx_DFP.2.3.0
                STMicroelectronics STM32F1 Series Device Support, Drivers and Examples

<h2>Collection of Component include folders:</h2>
  .\RTE\_Simulateur
  C:\Users\leala\AppData\Local\Arm\Packs\ARM\CMSIS\5.6.0\CMSIS\Core\Include
  C:\Users\leala\AppData\Local\Arm\Packs\Keil\STM32F1xx_DFP\2.3.0\Device\Include

<h2>Collection of Component Files used:</h2>

   * Component: ARM::CMSIS:CORE:5.3.0
Build Time Elapsed:  00:00:08
</pre>
</body>
</html>
