Component: ARM Compiler 5.06 update 6 (build 750) Tool: armlink [4d35ed]

==============================================================================

Section Cross References

    main.o(i.SystemClock_Config) refers to stm32f1xx_ll_utils.o(i.LL_Init1msTick) for LL_Init1msTick
    main.o(i.SystemClock_Config) refers to stm32f1xx_ll_utils.o(i.LL_SetSystemCoreClock) for LL_SetSystemCoreClock
    main.o(i.main) refers to main.o(i.SystemClock_Config) for SystemClock_Config
    main.o(i.main) refers to bordage.o(i.bordage_conf_IO) for bordage_conf_IO
    main.o(i.main) refers to bordage.o(i.Bordage_Background) for Bordage_Background
    bordage.o(i.Bordage_Background) refers to girouette.o(i.get_alpha) for get_alpha
    bordage.o(i.Bordage_Background) refers to voiles.o(i.voiles_alpha_to_teta) for voiles_alpha_to_teta
    bordage.o(i.Bordage_Background) refers to voiles.o(i.voiles_teta_to_ms) for voiles_teta_to_ms
    bordage.o(i.Bordage_Background) refers to voiles.o(i.voiles_rapport_cyclique) for voiles_rapport_cyclique
    bordage.o(i.Bordage_Background) refers to ffixi.o(.text) for __aeabi_f2iz
    bordage.o(i.Bordage_Background) refers to fflti.o(.text) for __aeabi_i2f
    bordage.o(i.Bordage_Background) refers to voiles.o(i.rapport_cyclique_to_comparevalue) for rapport_cyclique_to_comparevalue
    bordage.o(i.Bordage_Background) refers to voiles.o(i.voiles_compare) for voiles_compare
    bordage.o(i.Bordage_Background) refers to bordage.o(.data) for alpha
    bordage.o(i.bordage_conf_IO) refers to bordage.o(i.LL_GPIO_SetPinMode) for LL_GPIO_SetPinMode
    bordage.o(i.bordage_conf_IO) refers to girouette.o(i.Timer_Girouette_Conf) for Timer_Girouette_Conf
    bordage.o(i.bordage_conf_IO) refers to voiles.o(i.timer_voiles_conf) for timer_voiles_conf
    girouette.o(i.LL_TIM_IC_SetPolarity) refers to girouette.o(.constdata) for SHIFT_TAB_CCxP
    girouette.o(i.Timer_Girouette_Conf) refers to stm32f1xx_ll_tim.o(i.LL_TIM_Init) for LL_TIM_Init
    girouette.o(i.Timer_Girouette_Conf) refers to girouette.o(i.LL_TIM_CC_EnableChannel) for LL_TIM_CC_EnableChannel
    girouette.o(i.Timer_Girouette_Conf) refers to girouette.o(i.LL_TIM_IC_SetPolarity) for LL_TIM_IC_SetPolarity
    voiles.o(i.LL_TIM_OC_SetMode) refers to voiles.o(.constdata) for OFFSET_TAB_CCMRx
    voiles.o(i.rapport_cyclique_to_comparevalue) refers to fmul.o(.text) for __aeabi_fmul
    voiles.o(i.rapport_cyclique_to_comparevalue) refers to ffixi.o(.text) for __aeabi_f2iz
    voiles.o(i.timer_voiles_conf) refers to stm32f1xx_ll_tim.o(i.LL_TIM_Init) for LL_TIM_Init
    voiles.o(i.timer_voiles_conf) refers to voiles.o(i.LL_TIM_OC_SetMode) for LL_TIM_OC_SetMode
    voiles.o(i.voiles_alpha_to_teta) refers to fflti.o(.text) for __aeabi_i2f
    voiles.o(i.voiles_alpha_to_teta) refers to f2d.o(.text) for __aeabi_f2d
    voiles.o(i.voiles_alpha_to_teta) refers to dmul.o(.text) for __aeabi_dmul
    voiles.o(i.voiles_alpha_to_teta) refers to dadd.o(.text) for __aeabi_dsub
    voiles.o(i.voiles_alpha_to_teta) refers to d2f.o(.text) for __aeabi_d2f
    voiles.o(i.voiles_rapport_cyclique) refers to f2d.o(.text) for __aeabi_f2d
    voiles.o(i.voiles_rapport_cyclique) refers to ddiv.o(.text) for __aeabi_ddiv
    voiles.o(i.voiles_rapport_cyclique) refers to dmul.o(.text) for __aeabi_dmul
    voiles.o(i.voiles_rapport_cyclique) refers to d2f.o(.text) for __aeabi_d2f
    voiles.o(i.voiles_teta_to_ms) refers to f2d.o(.text) for __aeabi_f2d
    voiles.o(i.voiles_teta_to_ms) refers to ddiv.o(.text) for __aeabi_ddiv
    voiles.o(i.voiles_teta_to_ms) refers to dadd.o(.text) for __aeabi_dadd
    voiles.o(i.voiles_teta_to_ms) refers to d2f.o(.text) for __aeabi_d2f
    stm32f1xx_ll_rcc.o(i.LL_RCC_DeInit) refers to stm32f1xx_ll_rcc.o(i.LL_RCC_PLL_IsReady) for LL_RCC_PLL_IsReady
    stm32f1xx_ll_rcc.o(i.LL_RCC_GetADCClockFreq) refers to main.o(i.assert_failed) for assert_failed
    stm32f1xx_ll_rcc.o(i.LL_RCC_GetADCClockFreq) refers to stm32f1xx_ll_rcc.o(i.RCC_GetSystemClockFreq) for RCC_GetSystemClockFreq
    stm32f1xx_ll_rcc.o(i.LL_RCC_GetADCClockFreq) refers to stm32f1xx_ll_rcc.o(i.RCC_GetHCLKClockFreq) for RCC_GetHCLKClockFreq
    stm32f1xx_ll_rcc.o(i.LL_RCC_GetADCClockFreq) refers to stm32f1xx_ll_rcc.o(i.RCC_GetPCLK2ClockFreq) for RCC_GetPCLK2ClockFreq
    stm32f1xx_ll_rcc.o(i.LL_RCC_GetSystemClocksFreq) refers to stm32f1xx_ll_rcc.o(i.RCC_GetSystemClockFreq) for RCC_GetSystemClockFreq
    stm32f1xx_ll_rcc.o(i.LL_RCC_GetSystemClocksFreq) refers to stm32f1xx_ll_rcc.o(i.RCC_GetHCLKClockFreq) for RCC_GetHCLKClockFreq
    stm32f1xx_ll_rcc.o(i.LL_RCC_GetSystemClocksFreq) refers to stm32f1xx_ll_rcc.o(i.RCC_GetPCLK1ClockFreq) for RCC_GetPCLK1ClockFreq
    stm32f1xx_ll_rcc.o(i.LL_RCC_GetSystemClocksFreq) refers to stm32f1xx_ll_rcc.o(i.RCC_GetPCLK2ClockFreq) for RCC_GetPCLK2ClockFreq
    stm32f1xx_ll_rcc.o(i.LL_RCC_GetUSBClockFreq) refers to main.o(i.assert_failed) for assert_failed
    stm32f1xx_ll_rcc.o(i.LL_RCC_GetUSBClockFreq) refers to stm32f1xx_ll_rcc.o(i.LL_RCC_PLL_IsReady) for LL_RCC_PLL_IsReady
    stm32f1xx_ll_rcc.o(i.LL_RCC_GetUSBClockFreq) refers to stm32f1xx_ll_rcc.o(i.RCC_PLL_GetFreqDomain_SYS) for RCC_PLL_GetFreqDomain_SYS
    stm32f1xx_ll_rcc.o(i.RCC_GetHCLKClockFreq) refers to system_stm32f1xx.o(.constdata) for AHBPrescTable
    stm32f1xx_ll_rcc.o(i.RCC_GetPCLK1ClockFreq) refers to system_stm32f1xx.o(.constdata) for APBPrescTable
    stm32f1xx_ll_rcc.o(i.RCC_GetPCLK2ClockFreq) refers to system_stm32f1xx.o(.constdata) for APBPrescTable
    stm32f1xx_ll_rcc.o(i.RCC_GetSystemClockFreq) refers to stm32f1xx_ll_rcc.o(i.RCC_PLL_GetFreqDomain_SYS) for RCC_PLL_GetFreqDomain_SYS
    stm32f1xx_ll_utils.o(i.LL_PLL_ConfigSystemClock_HSE) refers to main.o(i.assert_failed) for assert_failed
    stm32f1xx_ll_utils.o(i.LL_PLL_ConfigSystemClock_HSE) refers to stm32f1xx_ll_utils.o(i.UTILS_PLL_IsBusy) for UTILS_PLL_IsBusy
    stm32f1xx_ll_utils.o(i.LL_PLL_ConfigSystemClock_HSE) refers to stm32f1xx_ll_utils.o(i.UTILS_GetPLLOutputFrequency) for UTILS_GetPLLOutputFrequency
    stm32f1xx_ll_utils.o(i.LL_PLL_ConfigSystemClock_HSE) refers to stm32f1xx_ll_utils.o(i.LL_RCC_HSE_IsReady) for LL_RCC_HSE_IsReady
    stm32f1xx_ll_utils.o(i.LL_PLL_ConfigSystemClock_HSE) refers to stm32f1xx_ll_utils.o(i.LL_RCC_PLL_ConfigDomain_SYS) for LL_RCC_PLL_ConfigDomain_SYS
    stm32f1xx_ll_utils.o(i.LL_PLL_ConfigSystemClock_HSE) refers to stm32f1xx_ll_utils.o(i.UTILS_EnablePLLAndSwitchSystem) for UTILS_EnablePLLAndSwitchSystem
    stm32f1xx_ll_utils.o(i.LL_PLL_ConfigSystemClock_HSI) refers to stm32f1xx_ll_utils.o(i.UTILS_PLL_IsBusy) for UTILS_PLL_IsBusy
    stm32f1xx_ll_utils.o(i.LL_PLL_ConfigSystemClock_HSI) refers to stm32f1xx_ll_utils.o(i.UTILS_GetPLLOutputFrequency) for UTILS_GetPLLOutputFrequency
    stm32f1xx_ll_utils.o(i.LL_PLL_ConfigSystemClock_HSI) refers to stm32f1xx_ll_utils.o(i.LL_RCC_HSI_IsReady) for LL_RCC_HSI_IsReady
    stm32f1xx_ll_utils.o(i.LL_PLL_ConfigSystemClock_HSI) refers to stm32f1xx_ll_utils.o(i.LL_RCC_PLL_ConfigDomain_SYS) for LL_RCC_PLL_ConfigDomain_SYS
    stm32f1xx_ll_utils.o(i.LL_PLL_ConfigSystemClock_HSI) refers to stm32f1xx_ll_utils.o(i.UTILS_EnablePLLAndSwitchSystem) for UTILS_EnablePLLAndSwitchSystem
    stm32f1xx_ll_utils.o(i.LL_SetSystemCoreClock) refers to system_stm32f1xx.o(.data) for SystemCoreClock
    stm32f1xx_ll_utils.o(i.UTILS_EnablePLLAndSwitchSystem) refers to main.o(i.assert_failed) for assert_failed
    stm32f1xx_ll_utils.o(i.UTILS_EnablePLLAndSwitchSystem) refers to stm32f1xx_ll_utils.o(i.UTILS_SetFlashLatency) for UTILS_SetFlashLatency
    stm32f1xx_ll_utils.o(i.UTILS_EnablePLLAndSwitchSystem) refers to stm32f1xx_ll_utils.o(i.LL_RCC_PLL_IsReady) for LL_RCC_PLL_IsReady
    stm32f1xx_ll_utils.o(i.UTILS_EnablePLLAndSwitchSystem) refers to stm32f1xx_ll_utils.o(i.LL_SetSystemCoreClock) for LL_SetSystemCoreClock
    stm32f1xx_ll_utils.o(i.UTILS_EnablePLLAndSwitchSystem) refers to system_stm32f1xx.o(.constdata) for AHBPrescTable
    stm32f1xx_ll_utils.o(i.UTILS_EnablePLLAndSwitchSystem) refers to system_stm32f1xx.o(.data) for SystemCoreClock
    stm32f1xx_ll_utils.o(i.UTILS_GetPLLOutputFrequency) refers to main.o(i.assert_failed) for assert_failed
    stm32f1xx_ll_utils.o(i.UTILS_PLL_IsBusy) refers to stm32f1xx_ll_utils.o(i.LL_RCC_PLL_IsReady) for LL_RCC_PLL_IsReady
    stm32f1xx_ll_tim.o(i.IC1Config) refers to main.o(i.assert_failed) for assert_failed
    stm32f1xx_ll_tim.o(i.IC2Config) refers to main.o(i.assert_failed) for assert_failed
    stm32f1xx_ll_tim.o(i.IC3Config) refers to main.o(i.assert_failed) for assert_failed
    stm32f1xx_ll_tim.o(i.IC4Config) refers to main.o(i.assert_failed) for assert_failed
    stm32f1xx_ll_tim.o(i.LL_TIM_BDTR_Init) refers to main.o(i.assert_failed) for assert_failed
    stm32f1xx_ll_tim.o(i.LL_TIM_DeInit) refers to main.o(i.assert_failed) for assert_failed
    stm32f1xx_ll_tim.o(i.LL_TIM_DeInit) refers to stm32f1xx_ll_tim.o(i.LL_APB1_GRP1_ForceReset) for LL_APB1_GRP1_ForceReset
    stm32f1xx_ll_tim.o(i.LL_TIM_DeInit) refers to stm32f1xx_ll_tim.o(i.LL_APB1_GRP1_ReleaseReset) for LL_APB1_GRP1_ReleaseReset
    stm32f1xx_ll_tim.o(i.LL_TIM_ENCODER_Init) refers to main.o(i.assert_failed) for assert_failed
    stm32f1xx_ll_tim.o(i.LL_TIM_HALLSENSOR_Init) refers to main.o(i.assert_failed) for assert_failed
    stm32f1xx_ll_tim.o(i.LL_TIM_HALLSENSOR_Init) refers to stm32f1xx_ll_tim.o(i.LL_TIM_OC_SetCompareCH2) for LL_TIM_OC_SetCompareCH2
    stm32f1xx_ll_tim.o(i.LL_TIM_IC_Init) refers to stm32f1xx_ll_tim.o(i.IC1Config) for IC1Config
    stm32f1xx_ll_tim.o(i.LL_TIM_IC_Init) refers to stm32f1xx_ll_tim.o(i.IC2Config) for IC2Config
    stm32f1xx_ll_tim.o(i.LL_TIM_IC_Init) refers to stm32f1xx_ll_tim.o(i.IC3Config) for IC3Config
    stm32f1xx_ll_tim.o(i.LL_TIM_IC_Init) refers to stm32f1xx_ll_tim.o(i.IC4Config) for IC4Config
    stm32f1xx_ll_tim.o(i.LL_TIM_Init) refers to main.o(i.assert_failed) for assert_failed
    stm32f1xx_ll_tim.o(i.LL_TIM_OC_Init) refers to stm32f1xx_ll_tim.o(i.OC1Config) for OC1Config
    stm32f1xx_ll_tim.o(i.LL_TIM_OC_Init) refers to stm32f1xx_ll_tim.o(i.OC2Config) for OC2Config
    stm32f1xx_ll_tim.o(i.LL_TIM_OC_Init) refers to stm32f1xx_ll_tim.o(i.OC3Config) for OC3Config
    stm32f1xx_ll_tim.o(i.LL_TIM_OC_Init) refers to stm32f1xx_ll_tim.o(i.OC4Config) for OC4Config
    stm32f1xx_ll_tim.o(i.OC1Config) refers to main.o(i.assert_failed) for assert_failed
    stm32f1xx_ll_tim.o(i.OC2Config) refers to main.o(i.assert_failed) for assert_failed
    stm32f1xx_ll_tim.o(i.OC2Config) refers to stm32f1xx_ll_tim.o(i.LL_TIM_OC_SetCompareCH2) for LL_TIM_OC_SetCompareCH2
    stm32f1xx_ll_tim.o(i.OC3Config) refers to main.o(i.assert_failed) for assert_failed
    stm32f1xx_ll_tim.o(i.OC4Config) refers to main.o(i.assert_failed) for assert_failed
    stm32f1xx_ll_usart.o(i.LL_USART_ClockInit) refers to main.o(i.assert_failed) for assert_failed
    stm32f1xx_ll_usart.o(i.LL_USART_ClockInit) refers to stm32f1xx_ll_usart.o(i.LL_USART_IsEnabled) for LL_USART_IsEnabled
    stm32f1xx_ll_usart.o(i.LL_USART_DeInit) refers to main.o(i.assert_failed) for assert_failed
    stm32f1xx_ll_usart.o(i.LL_USART_DeInit) refers to stm32f1xx_ll_usart.o(i.LL_APB1_GRP1_ForceReset) for LL_APB1_GRP1_ForceReset
    stm32f1xx_ll_usart.o(i.LL_USART_DeInit) refers to stm32f1xx_ll_usart.o(i.LL_APB1_GRP1_ReleaseReset) for LL_APB1_GRP1_ReleaseReset
    stm32f1xx_ll_usart.o(i.LL_USART_Init) refers to main.o(i.assert_failed) for assert_failed
    stm32f1xx_ll_usart.o(i.LL_USART_Init) refers to stm32f1xx_ll_usart.o(i.LL_USART_IsEnabled) for LL_USART_IsEnabled
    stm32f1xx_ll_usart.o(i.LL_USART_Init) refers to stm32f1xx_ll_rcc.o(i.LL_RCC_GetSystemClocksFreq) for LL_RCC_GetSystemClocksFreq
    stm32f1xx_ll_usart.o(i.LL_USART_Init) refers to stm32f1xx_ll_usart.o(i.LL_USART_SetBaudRate) for LL_USART_SetBaudRate
    stm32f1xx_ll_gpio.o(i.LL_GPIO_DeInit) refers to main.o(i.assert_failed) for assert_failed
    stm32f1xx_ll_gpio.o(i.LL_GPIO_DeInit) refers to stm32f1xx_ll_gpio.o(i.LL_APB2_GRP1_ForceReset) for LL_APB2_GRP1_ForceReset
    stm32f1xx_ll_gpio.o(i.LL_GPIO_DeInit) refers to stm32f1xx_ll_gpio.o(i.LL_APB2_GRP1_ReleaseReset) for LL_APB2_GRP1_ReleaseReset
    stm32f1xx_ll_gpio.o(i.LL_GPIO_Init) refers to main.o(i.assert_failed) for assert_failed
    system_stm32f1xx.o(i.SystemCoreClockUpdate) refers to system_stm32f1xx.o(.data) for SystemCoreClock
    system_stm32f1xx.o(i.SystemCoreClockUpdate) refers to system_stm32f1xx.o(.constdata) for AHBPrescTable
    startup_stm32f103xb.o(RESET) refers to startup_stm32f103xb.o(STACK) for __initial_sp
    startup_stm32f103xb.o(RESET) refers to startup_stm32f103xb.o(.text) for Reset_Handler
    startup_stm32f103xb.o(.text) refers to system_stm32f1xx.o(i.SystemInit) for SystemInit
    startup_stm32f103xb.o(.text) refers to entry.o(.ARM.Collect$$$$00000000) for __main
    entry.o(.ARM.Collect$$$$00000000) refers (Special) to entry10a.o(.ARM.Collect$$$$0000000D) for __rt_final_cpp
    entry.o(.ARM.Collect$$$$00000000) refers (Special) to entry11a.o(.ARM.Collect$$$$0000000F) for __rt_final_exit
    entry.o(.ARM.Collect$$$$00000000) refers (Special) to entry7b.o(.ARM.Collect$$$$00000008) for _main_clock
    entry.o(.ARM.Collect$$$$00000000) refers (Special) to entry8b.o(.ARM.Collect$$$$0000000A) for _main_cpp_init
    entry.o(.ARM.Collect$$$$00000000) refers (Special) to entry9a.o(.ARM.Collect$$$$0000000B) for _main_init
    entry.o(.ARM.Collect$$$$00000000) refers (Special) to entry5.o(.ARM.Collect$$$$00000004) for _main_scatterload
    entry.o(.ARM.Collect$$$$00000000) refers (Special) to entry2.o(.ARM.Collect$$$$00000001) for _main_stk
    fmul.o(.text) refers (Special) to iusefp.o(.text) for __I$use$fp
    dadd.o(.text) refers (Special) to iusefp.o(.text) for __I$use$fp
    dadd.o(.text) refers to llshl.o(.text) for __aeabi_llsl
    dadd.o(.text) refers to llsshr.o(.text) for __aeabi_lasr
    dadd.o(.text) refers to depilogue.o(.text) for _double_epilogue
    dmul.o(.text) refers (Special) to iusefp.o(.text) for __I$use$fp
    dmul.o(.text) refers to depilogue.o(.text) for _double_epilogue
    ddiv.o(.text) refers (Special) to iusefp.o(.text) for __I$use$fp
    ddiv.o(.text) refers to depilogue.o(.text) for _double_round
    fflti.o(.text) refers (Special) to iusefp.o(.text) for __I$use$fp
    fflti.o(.text) refers to fepilogue.o(.text) for _float_epilogue
    ffixi.o(.text) refers (Special) to iusefp.o(.text) for __I$use$fp
    f2d.o(.text) refers (Special) to iusefp.o(.text) for __I$use$fp
    d2f.o(.text) refers (Special) to iusefp.o(.text) for __I$use$fp
    d2f.o(.text) refers to fepilogue.o(.text) for _float_round
    entry2.o(.ARM.Collect$$$$00000001) refers to entry2.o(.ARM.Collect$$$$00002712) for __lit__00000000
    entry2.o(.ARM.Collect$$$$00002712) refers to startup_stm32f103xb.o(STACK) for __initial_sp
    entry2.o(__vectab_stack_and_reset_area) refers to startup_stm32f103xb.o(STACK) for __initial_sp
    entry2.o(__vectab_stack_and_reset_area) refers to entry.o(.ARM.Collect$$$$00000000) for __main
    entry5.o(.ARM.Collect$$$$00000004) refers to init.o(.text) for __scatterload
    entry9a.o(.ARM.Collect$$$$0000000B) refers to main.o(i.main) for main
    entry9b.o(.ARM.Collect$$$$0000000C) refers to main.o(i.main) for main
    depilogue.o(.text) refers to llshl.o(.text) for __aeabi_llsl
    depilogue.o(.text) refers to llushr.o(.text) for __aeabi_llsr
    init.o(.text) refers to entry5.o(.ARM.Collect$$$$00000004) for __main_after_scatterload


==============================================================================

Removing Unused input sections from the image.

    Removing main.o(.rev16_text), (4 bytes).
    Removing main.o(.revsh_text), (4 bytes).
    Removing main.o(.rrx_text), (6 bytes).
    Removing main.o(.constdata), (35 bytes).
    Removing bordage.o(.rev16_text), (4 bytes).
    Removing bordage.o(.revsh_text), (4 bytes).
    Removing bordage.o(.rrx_text), (6 bytes).
    Removing bordage.o(.constdata), (35 bytes).
    Removing girouette.o(.rev16_text), (4 bytes).
    Removing girouette.o(.revsh_text), (4 bytes).
    Removing girouette.o(.rrx_text), (6 bytes).
    Removing voiles.o(.rev16_text), (4 bytes).
    Removing voiles.o(.revsh_text), (4 bytes).
    Removing voiles.o(.rrx_text), (6 bytes).
    Removing roulis.o(.rev16_text), (4 bytes).
    Removing roulis.o(.revsh_text), (4 bytes).
    Removing roulis.o(.rrx_text), (6 bytes).
    Removing roulis.o(i.roulis_get), (2 bytes).
    Removing roulis.o(i.roulis_init), (2 bytes).
    Removing stm32f1xx_ll_rcc.o(.rev16_text), (4 bytes).
    Removing stm32f1xx_ll_rcc.o(.revsh_text), (4 bytes).
    Removing stm32f1xx_ll_rcc.o(.rrx_text), (6 bytes).
    Removing stm32f1xx_ll_rcc.o(i.LL_RCC_DeInit), (152 bytes).
    Removing stm32f1xx_ll_rcc.o(i.LL_RCC_GetADCClockFreq), (124 bytes).
    Removing stm32f1xx_ll_rcc.o(i.LL_RCC_GetSystemClocksFreq), (36 bytes).
    Removing stm32f1xx_ll_rcc.o(i.LL_RCC_GetUSBClockFreq), (120 bytes).
    Removing stm32f1xx_ll_rcc.o(i.LL_RCC_PLL_IsReady), (16 bytes).
    Removing stm32f1xx_ll_rcc.o(i.RCC_GetHCLKClockFreq), (32 bytes).
    Removing stm32f1xx_ll_rcc.o(i.RCC_GetPCLK1ClockFreq), (36 bytes).
    Removing stm32f1xx_ll_rcc.o(i.RCC_GetPCLK2ClockFreq), (36 bytes).
    Removing stm32f1xx_ll_rcc.o(i.RCC_GetSystemClockFreq), (60 bytes).
    Removing stm32f1xx_ll_rcc.o(i.RCC_PLL_GetFreqDomain_SYS), (88 bytes).
    Removing stm32f1xx_ll_utils.o(.rev16_text), (4 bytes).
    Removing stm32f1xx_ll_utils.o(.revsh_text), (4 bytes).
    Removing stm32f1xx_ll_utils.o(.rrx_text), (6 bytes).
    Removing stm32f1xx_ll_utils.o(i.LL_PLL_ConfigSystemClock_HSE), (260 bytes).
    Removing stm32f1xx_ll_utils.o(i.LL_PLL_ConfigSystemClock_HSI), (104 bytes).
    Removing stm32f1xx_ll_utils.o(i.LL_RCC_HSE_IsReady), (16 bytes).
    Removing stm32f1xx_ll_utils.o(i.LL_RCC_HSI_IsReady), (16 bytes).
    Removing stm32f1xx_ll_utils.o(i.LL_RCC_PLL_ConfigDomain_SYS), (28 bytes).
    Removing stm32f1xx_ll_utils.o(i.LL_RCC_PLL_IsReady), (16 bytes).
    Removing stm32f1xx_ll_utils.o(i.LL_mDelay), (40 bytes).
    Removing stm32f1xx_ll_utils.o(i.UTILS_EnablePLLAndSwitchSystem), (416 bytes).
    Removing stm32f1xx_ll_utils.o(i.UTILS_GetPLLOutputFrequency), (228 bytes).
    Removing stm32f1xx_ll_utils.o(i.UTILS_PLL_IsBusy), (16 bytes).
    Removing stm32f1xx_ll_utils.o(i.UTILS_SetFlashLatency), (80 bytes).
    Removing stm32f1xx_ll_tim.o(.rev16_text), (4 bytes).
    Removing stm32f1xx_ll_tim.o(.revsh_text), (4 bytes).
    Removing stm32f1xx_ll_tim.o(.rrx_text), (6 bytes).
    Removing stm32f1xx_ll_tim.o(i.IC1Config), (376 bytes).
    Removing stm32f1xx_ll_tim.o(i.IC2Config), (376 bytes).
    Removing stm32f1xx_ll_tim.o(i.IC3Config), (380 bytes).
    Removing stm32f1xx_ll_tim.o(i.IC4Config), (380 bytes).
    Removing stm32f1xx_ll_tim.o(i.LL_APB1_GRP1_ForceReset), (16 bytes).
    Removing stm32f1xx_ll_tim.o(i.LL_APB1_GRP1_ReleaseReset), (16 bytes).
    Removing stm32f1xx_ll_tim.o(i.LL_TIM_BDTR_Init), (312 bytes).
    Removing stm32f1xx_ll_tim.o(i.LL_TIM_BDTR_StructInit), (18 bytes).
    Removing stm32f1xx_ll_tim.o(i.LL_TIM_DeInit), (192 bytes).
    Removing stm32f1xx_ll_tim.o(i.LL_TIM_ENCODER_Init), (688 bytes).
    Removing stm32f1xx_ll_tim.o(i.LL_TIM_ENCODER_StructInit), (36 bytes).
    Removing stm32f1xx_ll_tim.o(i.LL_TIM_HALLSENSOR_Init), (396 bytes).
    Removing stm32f1xx_ll_tim.o(i.LL_TIM_HALLSENSOR_StructInit), (12 bytes).
    Removing stm32f1xx_ll_tim.o(i.LL_TIM_IC_Init), (92 bytes).
    Removing stm32f1xx_ll_tim.o(i.LL_TIM_IC_StructInit), (18 bytes).
    Removing stm32f1xx_ll_tim.o(i.LL_TIM_OC_Init), (92 bytes).
    Removing stm32f1xx_ll_tim.o(i.LL_TIM_OC_SetCompareCH2), (4 bytes).
    Removing stm32f1xx_ll_tim.o(i.LL_TIM_OC_StructInit), (20 bytes).
    Removing stm32f1xx_ll_tim.o(i.LL_TIM_StructInit), (18 bytes).
    Removing stm32f1xx_ll_tim.o(i.OC1Config), (404 bytes).
    Removing stm32f1xx_ll_tim.o(i.OC2Config), (404 bytes).
    Removing stm32f1xx_ll_tim.o(i.OC3Config), (404 bytes).
    Removing stm32f1xx_ll_tim.o(i.OC4Config), (372 bytes).
    Removing stm32f1xx_ll_tim.o(.constdata), (35 bytes).
    Removing stm32f1xx_ll_usart.o(.rev16_text), (4 bytes).
    Removing stm32f1xx_ll_usart.o(.revsh_text), (4 bytes).
    Removing stm32f1xx_ll_usart.o(.rrx_text), (6 bytes).
    Removing stm32f1xx_ll_usart.o(i.LL_APB1_GRP1_ForceReset), (16 bytes).
    Removing stm32f1xx_ll_usart.o(i.LL_APB1_GRP1_ReleaseReset), (16 bytes).
    Removing stm32f1xx_ll_usart.o(i.LL_USART_ClockInit), (276 bytes).
    Removing stm32f1xx_ll_usart.o(i.LL_USART_ClockStructInit), (12 bytes).
    Removing stm32f1xx_ll_usart.o(i.LL_USART_DeInit), (180 bytes).
    Removing stm32f1xx_ll_usart.o(i.LL_USART_Init), (432 bytes).
    Removing stm32f1xx_ll_usart.o(i.LL_USART_IsEnabled), (10 bytes).
    Removing stm32f1xx_ll_usart.o(i.LL_USART_SetBaudRate), (158 bytes).
    Removing stm32f1xx_ll_usart.o(i.LL_USART_StructInit), (24 bytes).
    Removing stm32f1xx_ll_gpio.o(.rev16_text), (4 bytes).
    Removing stm32f1xx_ll_gpio.o(.revsh_text), (4 bytes).
    Removing stm32f1xx_ll_gpio.o(.rrx_text), (6 bytes).
    Removing stm32f1xx_ll_gpio.o(i.LL_APB2_GRP1_ForceReset), (16 bytes).
    Removing stm32f1xx_ll_gpio.o(i.LL_APB2_GRP1_ReleaseReset), (16 bytes).
    Removing stm32f1xx_ll_gpio.o(i.LL_GPIO_DeInit), (212 bytes).
    Removing stm32f1xx_ll_gpio.o(i.LL_GPIO_Init), (504 bytes).
    Removing stm32f1xx_ll_gpio.o(i.LL_GPIO_StructInit), (24 bytes).
    Removing system_stm32f1xx.o(.rev16_text), (4 bytes).
    Removing system_stm32f1xx.o(.revsh_text), (4 bytes).
    Removing system_stm32f1xx.o(.rrx_text), (6 bytes).
    Removing system_stm32f1xx.o(i.SystemCoreClockUpdate), (164 bytes).
    Removing system_stm32f1xx.o(.constdata), (24 bytes).
    Removing startup_stm32f103xb.o(HEAP), (512 bytes).

99 unused section(s) (total 9805 bytes) removed from the image.

==============================================================================

Image Symbol Table

    Local Symbols

    Symbol Name                              Value     Ov Type        Size  Object(Section)

    ../Src/main.c                            0x00000000   Number         0  main.o ABSOLUTE
    ../Src/system_stm32f1xx.c                0x00000000   Number         0  system_stm32f1xx.o ABSOLUTE
    ../clib/microlib/init/entry.s            0x00000000   Number         0  entry7b.o ABSOLUTE
    ../clib/microlib/init/entry.s            0x00000000   Number         0  entry8a.o ABSOLUTE
    ../clib/microlib/init/entry.s            0x00000000   Number         0  entry8b.o ABSOLUTE
    ../clib/microlib/init/entry.s            0x00000000   Number         0  entry9a.o ABSOLUTE
    ../clib/microlib/init/entry.s            0x00000000   Number         0  entry9b.o ABSOLUTE
    ../clib/microlib/init/entry.s            0x00000000   Number         0  entry10a.o ABSOLUTE
    ../clib/microlib/init/entry.s            0x00000000   Number         0  entry10b.o ABSOLUTE
    ../clib/microlib/init/entry.s            0x00000000   Number         0  entry11a.o ABSOLUTE
    ../clib/microlib/init/entry.s            0x00000000   Number         0  entry11b.o ABSOLUTE
    ../clib/microlib/init/entry.s            0x00000000   Number         0  entry.o ABSOLUTE
    ../clib/microlib/init/entry.s            0x00000000   Number         0  entry7a.o ABSOLUTE
    ../clib/microlib/init/entry.s            0x00000000   Number         0  entry5.o ABSOLUTE
    ../clib/microlib/init/entry.s            0x00000000   Number         0  entry2.o ABSOLUTE
    ../clib/microlib/longlong.c              0x00000000   Number         0  llsshr.o ABSOLUTE
    ../clib/microlib/longlong.c              0x00000000   Number         0  llshl.o ABSOLUTE
    ../clib/microlib/longlong.c              0x00000000   Number         0  llushr.o ABSOLUTE
    ../clib/microlib/stubs.s                 0x00000000   Number         0  iusefp.o ABSOLUTE
    ../fplib/microlib/d2f.c                  0x00000000   Number         0  d2f.o ABSOLUTE
    ../fplib/microlib/f2d.c                  0x00000000   Number         0  f2d.o ABSOLUTE
    ../fplib/microlib/fpadd.c                0x00000000   Number         0  dadd.o ABSOLUTE
    ../fplib/microlib/fpdiv.c                0x00000000   Number         0  ddiv.o ABSOLUTE
    ../fplib/microlib/fpepilogue.c           0x00000000   Number         0  fepilogue.o ABSOLUTE
    ../fplib/microlib/fpepilogue.c           0x00000000   Number         0  depilogue.o ABSOLUTE
    ../fplib/microlib/fpfix.c                0x00000000   Number         0  ffixi.o ABSOLUTE
    ../fplib/microlib/fpflt.c                0x00000000   Number         0  fflti.o ABSOLUTE
    ../fplib/microlib/fpmul.c                0x00000000   Number         0  dmul.o ABSOLUTE
    ../fplib/microlib/fpmul.c                0x00000000   Number         0  fmul.o ABSOLUTE
    ..\LLDrivers\src\stm32f1xx_ll_gpio.c     0x00000000   Number         0  stm32f1xx_ll_gpio.o ABSOLUTE
    ..\LLDrivers\src\stm32f1xx_ll_rcc.c      0x00000000   Number         0  stm32f1xx_ll_rcc.o ABSOLUTE
    ..\LLDrivers\src\stm32f1xx_ll_tim.c      0x00000000   Number         0  stm32f1xx_ll_tim.o ABSOLUTE
    ..\LLDrivers\src\stm32f1xx_ll_usart.c    0x00000000   Number         0  stm32f1xx_ll_usart.o ABSOLUTE
    ..\LLDrivers\src\stm32f1xx_ll_utils.c    0x00000000   Number         0  stm32f1xx_ll_utils.o ABSOLUTE
    ..\MyDrivers\cap.c                       0x00000000   Number         0  cap.o ABSOLUTE
    ..\MyDrivers\girouette.c                 0x00000000   Number         0  girouette.o ABSOLUTE
    ..\MyDrivers\roulis.c                    0x00000000   Number         0  roulis.o ABSOLUTE
    ..\MyDrivers\telecommande_RF.c           0x00000000   Number         0  telecommande_rf.o ABSOLUTE
    ..\MyDrivers\voiles.c                    0x00000000   Number         0  voiles.o ABSOLUTE
    ..\Services\affichage.c                  0x00000000   Number         0  affichage.o ABSOLUTE
    ..\Services\bordage.c                    0x00000000   Number         0  bordage.o ABSOLUTE
    ..\Services\orientation.c                0x00000000   Number         0  orientation.o ABSOLUTE
    ..\Src\main.c                            0x00000000   Number         0  main.o ABSOLUTE
    ..\Src\system_stm32f1xx.c                0x00000000   Number         0  system_stm32f1xx.o ABSOLUTE
    ..\\LLDrivers\\src\\stm32f1xx_ll_gpio.c  0x00000000   Number         0  stm32f1xx_ll_gpio.o ABSOLUTE
    ..\\LLDrivers\\src\\stm32f1xx_ll_rcc.c   0x00000000   Number         0  stm32f1xx_ll_rcc.o ABSOLUTE
    ..\\LLDrivers\\src\\stm32f1xx_ll_tim.c   0x00000000   Number         0  stm32f1xx_ll_tim.o ABSOLUTE
    ..\\LLDrivers\\src\\stm32f1xx_ll_usart.c 0x00000000   Number         0  stm32f1xx_ll_usart.o ABSOLUTE
    ..\\LLDrivers\\src\\stm32f1xx_ll_utils.c 0x00000000   Number         0  stm32f1xx_ll_utils.o ABSOLUTE
    ..\\MyDrivers\\girouette.c               0x00000000   Number         0  girouette.o ABSOLUTE
    ..\\MyDrivers\\roulis.c                  0x00000000   Number         0  roulis.o ABSOLUTE
    ..\\MyDrivers\\voiles.c                  0x00000000   Number         0  voiles.o ABSOLUTE
    ..\\Services\\bordage.c                  0x00000000   Number         0  bordage.o ABSOLUTE
    dc.s                                     0x00000000   Number         0  dc.o ABSOLUTE
    handlers.s                               0x00000000   Number         0  handlers.o ABSOLUTE
    init.s                                   0x00000000   Number         0  init.o ABSOLUTE
    startup_stm32f103xb.s                    0x00000000   Number         0  startup_stm32f103xb.o ABSOLUTE
    RESET                                    0x08000000   Section      236  startup_stm32f103xb.o(RESET)
    .ARM.Collect$$$$00000000                 0x080000ec   Section        0  entry.o(.ARM.Collect$$$$00000000)
    .ARM.Collect$$$$00000001                 0x080000ec   Section        4  entry2.o(.ARM.Collect$$$$00000001)
    .ARM.Collect$$$$00000004                 0x080000f0   Section        4  entry5.o(.ARM.Collect$$$$00000004)
    .ARM.Collect$$$$00000008                 0x080000f4   Section        0  entry7b.o(.ARM.Collect$$$$00000008)
    .ARM.Collect$$$$0000000A                 0x080000f4   Section        0  entry8b.o(.ARM.Collect$$$$0000000A)
    .ARM.Collect$$$$0000000B                 0x080000f4   Section        8  entry9a.o(.ARM.Collect$$$$0000000B)
    .ARM.Collect$$$$0000000D                 0x080000fc   Section        0  entry10a.o(.ARM.Collect$$$$0000000D)
    .ARM.Collect$$$$0000000F                 0x080000fc   Section        0  entry11a.o(.ARM.Collect$$$$0000000F)
    .ARM.Collect$$$$00002712                 0x080000fc   Section        4  entry2.o(.ARM.Collect$$$$00002712)
    __lit__00000000                          0x080000fc   Data           4  entry2.o(.ARM.Collect$$$$00002712)
    .text                                    0x08000100   Section       36  startup_stm32f103xb.o(.text)
    .text                                    0x08000124   Section        0  fmul.o(.text)
    .text                                    0x08000188   Section        0  dadd.o(.text)
    .text                                    0x080002d6   Section        0  dmul.o(.text)
    .text                                    0x080003ba   Section        0  ddiv.o(.text)
    .text                                    0x08000498   Section        0  fflti.o(.text)
    .text                                    0x080004aa   Section        0  ffixi.o(.text)
    .text                                    0x080004dc   Section        0  f2d.o(.text)
    .text                                    0x08000502   Section        0  d2f.o(.text)
    .text                                    0x0800053a   Section        0  llshl.o(.text)
    .text                                    0x08000558   Section        0  llsshr.o(.text)
    .text                                    0x0800057c   Section        0  fepilogue.o(.text)
    .text                                    0x0800057c   Section        0  iusefp.o(.text)
    .text                                    0x080005ea   Section        0  depilogue.o(.text)
    .text                                    0x080006a4   Section       36  init.o(.text)
    .text                                    0x080006c8   Section        0  llushr.o(.text)
    i.Bordage_Background                     0x080006e8   Section        0  bordage.o(i.Bordage_Background)
    i.LL_GPIO_SetPinMode                     0x08000754   Section        0  bordage.o(i.LL_GPIO_SetPinMode)
    LL_GPIO_SetPinMode                       0x08000755   Thumb Code    44  bordage.o(i.LL_GPIO_SetPinMode)
    i.LL_Init1msTick                         0x08000780   Section        0  stm32f1xx_ll_utils.o(i.LL_Init1msTick)
    i.LL_SetSystemCoreClock                  0x0800079c   Section        0  stm32f1xx_ll_utils.o(i.LL_SetSystemCoreClock)
    i.LL_TIM_CC_EnableChannel                0x080007a8   Section        0  girouette.o(i.LL_TIM_CC_EnableChannel)
    LL_TIM_CC_EnableChannel                  0x080007a9   Thumb Code     8  girouette.o(i.LL_TIM_CC_EnableChannel)
    i.LL_TIM_IC_SetPolarity                  0x080007b0   Section        0  girouette.o(i.LL_TIM_IC_SetPolarity)
    LL_TIM_IC_SetPolarity                    0x080007b1   Thumb Code    84  girouette.o(i.LL_TIM_IC_SetPolarity)
    i.LL_TIM_Init                            0x08000808   Section        0  stm32f1xx_ll_tim.o(i.LL_TIM_Init)
    i.LL_TIM_OC_SetMode                      0x0800091c   Section        0  voiles.o(i.LL_TIM_OC_SetMode)
    LL_TIM_OC_SetMode                        0x0800091d   Thumb Code    98  voiles.o(i.LL_TIM_OC_SetMode)
    i.SystemClock_Config                     0x08000988   Section        0  main.o(i.SystemClock_Config)
    i.SystemInit                             0x08000a78   Section        0  system_stm32f1xx.o(i.SystemInit)
    i.Timer_Girouette_Conf                   0x08000ad0   Section        0  girouette.o(i.Timer_Girouette_Conf)
    i.__scatterload_copy                     0x08000b4c   Section       14  handlers.o(i.__scatterload_copy)
    i.__scatterload_null                     0x08000b5a   Section        2  handlers.o(i.__scatterload_null)
    i.__scatterload_zeroinit                 0x08000b5c   Section       14  handlers.o(i.__scatterload_zeroinit)
    i.assert_failed                          0x08000b6a   Section        0  main.o(i.assert_failed)
    i.bordage_conf_IO                        0x08000b70   Section        0  bordage.o(i.bordage_conf_IO)
    i.get_alpha                              0x08000c08   Section        0  girouette.o(i.get_alpha)
    i.main                                   0x08000c10   Section        0  main.o(i.main)
    i.rapport_cyclique_to_comparevalue       0x08000c20   Section        0  voiles.o(i.rapport_cyclique_to_comparevalue)
    i.timer_voiles_conf                      0x08000c3c   Section        0  voiles.o(i.timer_voiles_conf)
    i.voiles_alpha_to_teta                   0x08000ca0   Section        0  voiles.o(i.voiles_alpha_to_teta)
    i.voiles_compare                         0x08000cfc   Section        0  voiles.o(i.voiles_compare)
    i.voiles_rapport_cyclique                0x08000d0c   Section        0  voiles.o(i.voiles_rapport_cyclique)
    i.voiles_teta_to_ms                      0x08000d40   Section        0  voiles.o(i.voiles_teta_to_ms)
    .constdata                               0x08000d74   Section       35  girouette.o(.constdata)
    OFFSET_TAB_CCMRx                         0x08000d74   Data           7  girouette.o(.constdata)
    SHIFT_TAB_OCxx                           0x08000d7b   Data           7  girouette.o(.constdata)
    SHIFT_TAB_ICxx                           0x08000d82   Data           7  girouette.o(.constdata)
    SHIFT_TAB_CCxP                           0x08000d89   Data           7  girouette.o(.constdata)
    SHIFT_TAB_OISx                           0x08000d90   Data           7  girouette.o(.constdata)
    .constdata                               0x08000d97   Section       35  voiles.o(.constdata)
    OFFSET_TAB_CCMRx                         0x08000d97   Data           7  voiles.o(.constdata)
    SHIFT_TAB_OCxx                           0x08000d9e   Data           7  voiles.o(.constdata)
    SHIFT_TAB_ICxx                           0x08000da5   Data           7  voiles.o(.constdata)
    SHIFT_TAB_CCxP                           0x08000dac   Data           7  voiles.o(.constdata)
    SHIFT_TAB_OISx                           0x08000db3   Data           7  voiles.o(.constdata)
    .data                                    0x20000000   Section       20  bordage.o(.data)
    .data                                    0x20000014   Section        4  system_stm32f1xx.o(.data)
    STACK                                    0x20000018   Section     1024  startup_stm32f103xb.o(STACK)

    Global Symbols

    Symbol Name                              Value     Ov Type        Size  Object(Section)

    BuildAttributes$$THM_ISAv4$P$D$K$B$S$PE$A:L22UL41UL21$X:L11$S22US41US21$IEEE1$IW$USESV6$~STKCKD$USESV7$~SHL$OTIME$ROPI$EBA8$MICROLIB$REQ8$PRES8$EABIv2 0x00000000   Number         0  anon$$obj.o ABSOLUTE
    __ARM_use_no_argv                        0x00000000   Number         0  main.o ABSOLUTE
    __cpp_initialize__aeabi_                  - Undefined Weak Reference
    __cxa_finalize                            - Undefined Weak Reference
    __decompress                              - Undefined Weak Reference
    _clock_init                               - Undefined Weak Reference
    _microlib_exit                            - Undefined Weak Reference
    __Vectors_Size                           0x000000ec   Number         0  startup_stm32f103xb.o ABSOLUTE
    __Vectors                                0x08000000   Data           4  startup_stm32f103xb.o(RESET)
    __Vectors_End                            0x080000ec   Data           0  startup_stm32f103xb.o(RESET)
    __main                                   0x080000ed   Thumb Code     0  entry.o(.ARM.Collect$$$$00000000)
    _main_stk                                0x080000ed   Thumb Code     0  entry2.o(.ARM.Collect$$$$00000001)
    _main_scatterload                        0x080000f1   Thumb Code     0  entry5.o(.ARM.Collect$$$$00000004)
    __main_after_scatterload                 0x080000f5   Thumb Code     0  entry5.o(.ARM.Collect$$$$00000004)
    _main_clock                              0x080000f5   Thumb Code     0  entry7b.o(.ARM.Collect$$$$00000008)
    _main_cpp_init                           0x080000f5   Thumb Code     0  entry8b.o(.ARM.Collect$$$$0000000A)
    _main_init                               0x080000f5   Thumb Code     0  entry9a.o(.ARM.Collect$$$$0000000B)
    __rt_final_cpp                           0x080000fd   Thumb Code     0  entry10a.o(.ARM.Collect$$$$0000000D)
    __rt_final_exit                          0x080000fd   Thumb Code     0  entry11a.o(.ARM.Collect$$$$0000000F)
    Reset_Handler                            0x08000101   Thumb Code     8  startup_stm32f103xb.o(.text)
    NMI_Handler                              0x08000109   Thumb Code     2  startup_stm32f103xb.o(.text)
    HardFault_Handler                        0x0800010b   Thumb Code     2  startup_stm32f103xb.o(.text)
    MemManage_Handler                        0x0800010d   Thumb Code     2  startup_stm32f103xb.o(.text)
    BusFault_Handler                         0x0800010f   Thumb Code     2  startup_stm32f103xb.o(.text)
    UsageFault_Handler                       0x08000111   Thumb Code     2  startup_stm32f103xb.o(.text)
    SVC_Handler                              0x08000113   Thumb Code     2  startup_stm32f103xb.o(.text)
    DebugMon_Handler                         0x08000115   Thumb Code     2  startup_stm32f103xb.o(.text)
    PendSV_Handler                           0x08000117   Thumb Code     2  startup_stm32f103xb.o(.text)
    SysTick_Handler                          0x08000119   Thumb Code     2  startup_stm32f103xb.o(.text)
    ADC1_2_IRQHandler                        0x0800011b   Thumb Code     0  startup_stm32f103xb.o(.text)
    CAN1_RX1_IRQHandler                      0x0800011b   Thumb Code     0  startup_stm32f103xb.o(.text)
    CAN1_SCE_IRQHandler                      0x0800011b   Thumb Code     0  startup_stm32f103xb.o(.text)
    DMA1_Channel1_IRQHandler                 0x0800011b   Thumb Code     0  startup_stm32f103xb.o(.text)
    DMA1_Channel2_IRQHandler                 0x0800011b   Thumb Code     0  startup_stm32f103xb.o(.text)
    DMA1_Channel3_IRQHandler                 0x0800011b   Thumb Code     0  startup_stm32f103xb.o(.text)
    DMA1_Channel4_IRQHandler                 0x0800011b   Thumb Code     0  startup_stm32f103xb.o(.text)
    DMA1_Channel5_IRQHandler                 0x0800011b   Thumb Code     0  startup_stm32f103xb.o(.text)
    DMA1_Channel6_IRQHandler                 0x0800011b   Thumb Code     0  startup_stm32f103xb.o(.text)
    DMA1_Channel7_IRQHandler                 0x0800011b   Thumb Code     0  startup_stm32f103xb.o(.text)
    EXTI0_IRQHandler                         0x0800011b   Thumb Code     0  startup_stm32f103xb.o(.text)
    EXTI15_10_IRQHandler                     0x0800011b   Thumb Code     0  startup_stm32f103xb.o(.text)
    EXTI1_IRQHandler                         0x0800011b   Thumb Code     0  startup_stm32f103xb.o(.text)
    EXTI2_IRQHandler                         0x0800011b   Thumb Code     0  startup_stm32f103xb.o(.text)
    EXTI3_IRQHandler                         0x0800011b   Thumb Code     0  startup_stm32f103xb.o(.text)
    EXTI4_IRQHandler                         0x0800011b   Thumb Code     0  startup_stm32f103xb.o(.text)
    EXTI9_5_IRQHandler                       0x0800011b   Thumb Code     0  startup_stm32f103xb.o(.text)
    FLASH_IRQHandler                         0x0800011b   Thumb Code     0  startup_stm32f103xb.o(.text)
    I2C1_ER_IRQHandler                       0x0800011b   Thumb Code     0  startup_stm32f103xb.o(.text)
    I2C1_EV_IRQHandler                       0x0800011b   Thumb Code     0  startup_stm32f103xb.o(.text)
    I2C2_ER_IRQHandler                       0x0800011b   Thumb Code     0  startup_stm32f103xb.o(.text)
    I2C2_EV_IRQHandler                       0x0800011b   Thumb Code     0  startup_stm32f103xb.o(.text)
    PVD_IRQHandler                           0x0800011b   Thumb Code     0  startup_stm32f103xb.o(.text)
    RCC_IRQHandler                           0x0800011b   Thumb Code     0  startup_stm32f103xb.o(.text)
    RTC_Alarm_IRQHandler                     0x0800011b   Thumb Code     0  startup_stm32f103xb.o(.text)
    RTC_IRQHandler                           0x0800011b   Thumb Code     0  startup_stm32f103xb.o(.text)
    SPI1_IRQHandler                          0x0800011b   Thumb Code     0  startup_stm32f103xb.o(.text)
    SPI2_IRQHandler                          0x0800011b   Thumb Code     0  startup_stm32f103xb.o(.text)
    TAMPER_IRQHandler                        0x0800011b   Thumb Code     0  startup_stm32f103xb.o(.text)
    TIM1_BRK_IRQHandler                      0x0800011b   Thumb Code     0  startup_stm32f103xb.o(.text)
    TIM1_CC_IRQHandler                       0x0800011b   Thumb Code     0  startup_stm32f103xb.o(.text)
    TIM1_TRG_COM_IRQHandler                  0x0800011b   Thumb Code     0  startup_stm32f103xb.o(.text)
    TIM1_UP_IRQHandler                       0x0800011b   Thumb Code     0  startup_stm32f103xb.o(.text)
    TIM2_IRQHandler                          0x0800011b   Thumb Code     0  startup_stm32f103xb.o(.text)
    TIM3_IRQHandler                          0x0800011b   Thumb Code     0  startup_stm32f103xb.o(.text)
    TIM4_IRQHandler                          0x0800011b   Thumb Code     0  startup_stm32f103xb.o(.text)
    USART1_IRQHandler                        0x0800011b   Thumb Code     0  startup_stm32f103xb.o(.text)
    USART2_IRQHandler                        0x0800011b   Thumb Code     0  startup_stm32f103xb.o(.text)
    USART3_IRQHandler                        0x0800011b   Thumb Code     0  startup_stm32f103xb.o(.text)
    USBWakeUp_IRQHandler                     0x0800011b   Thumb Code     0  startup_stm32f103xb.o(.text)
    USB_HP_CAN1_TX_IRQHandler                0x0800011b   Thumb Code     0  startup_stm32f103xb.o(.text)
    USB_LP_CAN1_RX0_IRQHandler               0x0800011b   Thumb Code     0  startup_stm32f103xb.o(.text)
    WWDG_IRQHandler                          0x0800011b   Thumb Code     0  startup_stm32f103xb.o(.text)
    __aeabi_fmul                             0x08000125   Thumb Code   100  fmul.o(.text)
    __aeabi_dadd                             0x08000189   Thumb Code   322  dadd.o(.text)
    __aeabi_dsub                             0x080002cb   Thumb Code     6  dadd.o(.text)
    __aeabi_drsub                            0x080002d1   Thumb Code     6  dadd.o(.text)
    __aeabi_dmul                             0x080002d7   Thumb Code   228  dmul.o(.text)
    __aeabi_ddiv                             0x080003bb   Thumb Code   222  ddiv.o(.text)
    __aeabi_i2f                              0x08000499   Thumb Code    18  fflti.o(.text)
    __aeabi_f2iz                             0x080004ab   Thumb Code    50  ffixi.o(.text)
    __aeabi_f2d                              0x080004dd   Thumb Code    38  f2d.o(.text)
    __aeabi_d2f                              0x08000503   Thumb Code    56  d2f.o(.text)
    __aeabi_llsl                             0x0800053b   Thumb Code    30  llshl.o(.text)
    _ll_shift_l                              0x0800053b   Thumb Code     0  llshl.o(.text)
    __aeabi_lasr                             0x08000559   Thumb Code    36  llsshr.o(.text)
    _ll_sshift_r                             0x08000559   Thumb Code     0  llsshr.o(.text)
    __I$use$fp                               0x0800057d   Thumb Code     0  iusefp.o(.text)
    _float_round                             0x0800057d   Thumb Code    18  fepilogue.o(.text)
    _float_epilogue                          0x0800058f   Thumb Code    92  fepilogue.o(.text)
    _double_round                            0x080005eb   Thumb Code    30  depilogue.o(.text)
    _double_epilogue                         0x08000609   Thumb Code   156  depilogue.o(.text)
    __scatterload                            0x080006a5   Thumb Code    28  init.o(.text)
    __scatterload_rt2                        0x080006a5   Thumb Code     0  init.o(.text)
    __aeabi_llsr                             0x080006c9   Thumb Code    32  llushr.o(.text)
    _ll_ushift_r                             0x080006c9   Thumb Code     0  llushr.o(.text)
    Bordage_Background                       0x080006e9   Thumb Code    82  bordage.o(i.Bordage_Background)
    LL_Init1msTick                           0x08000781   Thumb Code    28  stm32f1xx_ll_utils.o(i.LL_Init1msTick)
    LL_SetSystemCoreClock                    0x0800079d   Thumb Code     6  stm32f1xx_ll_utils.o(i.LL_SetSystemCoreClock)
    LL_TIM_Init                              0x08000809   Thumb Code   228  stm32f1xx_ll_tim.o(i.LL_TIM_Init)
    SystemClock_Config                       0x08000989   Thumb Code   226  main.o(i.SystemClock_Config)
    SystemInit                               0x08000a79   Thumb Code    70  system_stm32f1xx.o(i.SystemInit)
    Timer_Girouette_Conf                     0x08000ad1   Thumb Code   116  girouette.o(i.Timer_Girouette_Conf)
    __scatterload_copy                       0x08000b4d   Thumb Code    14  handlers.o(i.__scatterload_copy)
    __scatterload_null                       0x08000b5b   Thumb Code     2  handlers.o(i.__scatterload_null)
    __scatterload_zeroinit                   0x08000b5d   Thumb Code    14  handlers.o(i.__scatterload_zeroinit)
    assert_failed                            0x08000b6b   Thumb Code     4  main.o(i.assert_failed)
    bordage_conf_IO                          0x08000b71   Thumb Code   140  bordage.o(i.bordage_conf_IO)
    get_alpha                                0x08000c09   Thumb Code     8  girouette.o(i.get_alpha)
    main                                     0x08000c11   Thumb Code    16  main.o(i.main)
    rapport_cyclique_to_comparevalue         0x08000c21   Thumb Code    26  voiles.o(i.rapport_cyclique_to_comparevalue)
    timer_voiles_conf                        0x08000c3d   Thumb Code    90  voiles.o(i.timer_voiles_conf)
    voiles_alpha_to_teta                     0x08000ca1   Thumb Code    84  voiles.o(i.voiles_alpha_to_teta)
    voiles_compare                           0x08000cfd   Thumb Code    12  voiles.o(i.voiles_compare)
    voiles_rapport_cyclique                  0x08000d0d   Thumb Code    42  voiles.o(i.voiles_rapport_cyclique)
    voiles_teta_to_ms                        0x08000d41   Thumb Code    48  voiles.o(i.voiles_teta_to_ms)
    Region$$Table$$Base                      0x08000dbc   Number         0  anon$$obj.o(Region$$Table)
    Region$$Table$$Limit                     0x08000ddc   Number         0  anon$$obj.o(Region$$Table)
    alpha                                    0x20000000   Data           4  bordage.o(.data)
    teta                                     0x20000004   Data           4  bordage.o(.data)
    MS                                       0x20000008   Data           4  bordage.o(.data)
    Rapport_Cyclique                         0x2000000c   Data           4  bordage.o(.data)
    compare_value                            0x20000010   Data           4  bordage.o(.data)
    SystemCoreClock                          0x20000014   Data           4  system_stm32f1xx.o(.data)
    __initial_sp                             0x20000418   Data           0  startup_stm32f103xb.o(STACK)



==============================================================================

Memory Map of the image

  Image Entry point : 0x080000ed

  Load Region LR_IROM1 (Base: 0x08000000, Size: 0x00000df4, Max: 0x00020000, ABSOLUTE)

    Execution Region ER_IROM1 (Exec base: 0x08000000, Load base: 0x08000000, Size: 0x00000ddc, Max: 0x00020000, ABSOLUTE)

    Exec Addr    Load Addr    Size         Type   Attr      Idx    E Section Name        Object

    0x08000000   0x08000000   0x000000ec   Data   RO          807    RESET               startup_stm32f103xb.o
    0x080000ec   0x080000ec   0x00000000   Code   RO          812  * .ARM.Collect$$$$00000000  mc_w.l(entry.o)
    0x080000ec   0x080000ec   0x00000004   Code   RO          831    .ARM.Collect$$$$00000001  mc_w.l(entry2.o)
    0x080000f0   0x080000f0   0x00000004   Code   RO          834    .ARM.Collect$$$$00000004  mc_w.l(entry5.o)
    0x080000f4   0x080000f4   0x00000000   Code   RO          836    .ARM.Collect$$$$00000008  mc_w.l(entry7b.o)
    0x080000f4   0x080000f4   0x00000000   Code   RO          838    .ARM.Collect$$$$0000000A  mc_w.l(entry8b.o)
    0x080000f4   0x080000f4   0x00000008   Code   RO          839    .ARM.Collect$$$$0000000B  mc_w.l(entry9a.o)
    0x080000fc   0x080000fc   0x00000000   Code   RO          841    .ARM.Collect$$$$0000000D  mc_w.l(entry10a.o)
    0x080000fc   0x080000fc   0x00000000   Code   RO          843    .ARM.Collect$$$$0000000F  mc_w.l(entry11a.o)
    0x080000fc   0x080000fc   0x00000004   Code   RO          832    .ARM.Collect$$$$00002712  mc_w.l(entry2.o)
    0x08000100   0x08000100   0x00000024   Code   RO          808    .text               startup_stm32f103xb.o
    0x08000124   0x08000124   0x00000064   Code   RO          815    .text               mf_w.l(fmul.o)
    0x08000188   0x08000188   0x0000014e   Code   RO          817    .text               mf_w.l(dadd.o)
    0x080002d6   0x080002d6   0x000000e4   Code   RO          819    .text               mf_w.l(dmul.o)
    0x080003ba   0x080003ba   0x000000de   Code   RO          821    .text               mf_w.l(ddiv.o)
    0x08000498   0x08000498   0x00000012   Code   RO          823    .text               mf_w.l(fflti.o)
    0x080004aa   0x080004aa   0x00000032   Code   RO          825    .text               mf_w.l(ffixi.o)
    0x080004dc   0x080004dc   0x00000026   Code   RO          827    .text               mf_w.l(f2d.o)
    0x08000502   0x08000502   0x00000038   Code   RO          829    .text               mf_w.l(d2f.o)
    0x0800053a   0x0800053a   0x0000001e   Code   RO          845    .text               mc_w.l(llshl.o)
    0x08000558   0x08000558   0x00000024   Code   RO          847    .text               mc_w.l(llsshr.o)
    0x0800057c   0x0800057c   0x00000000   Code   RO          849    .text               mc_w.l(iusefp.o)
    0x0800057c   0x0800057c   0x0000006e   Code   RO          850    .text               mf_w.l(fepilogue.o)
    0x080005ea   0x080005ea   0x000000ba   Code   RO          852    .text               mf_w.l(depilogue.o)
    0x080006a4   0x080006a4   0x00000024   Code   RO          854    .text               mc_w.l(init.o)
    0x080006c8   0x080006c8   0x00000020   Code   RO          856    .text               mc_w.l(llushr.o)
    0x080006e8   0x080006e8   0x0000006c   Code   RO          101    i.Bordage_Background  bordage.o
    0x08000754   0x08000754   0x0000002c   Code   RO          102    i.LL_GPIO_SetPinMode  bordage.o
    0x08000780   0x08000780   0x0000001c   Code   RO          392    i.LL_Init1msTick    stm32f1xx_ll_utils.o
    0x0800079c   0x0800079c   0x0000000c   Code   RO          399    i.LL_SetSystemCoreClock  stm32f1xx_ll_utils.o
    0x080007a8   0x080007a8   0x00000008   Code   RO          161    i.LL_TIM_CC_EnableChannel  girouette.o
    0x080007b0   0x080007b0   0x00000058   Code   RO          162    i.LL_TIM_IC_SetPolarity  girouette.o
    0x08000808   0x08000808   0x00000114   Code   RO          504    i.LL_TIM_Init       stm32f1xx_ll_tim.o
    0x0800091c   0x0800091c   0x0000006c   Code   RO          212    i.LL_TIM_OC_SetMode  voiles.o
    0x08000988   0x08000988   0x000000f0   Code   RO            4    i.SystemClock_Config  main.o
    0x08000a78   0x08000a78   0x00000058   Code   RO          772    i.SystemInit        system_stm32f1xx.o
    0x08000ad0   0x08000ad0   0x0000007c   Code   RO          163    i.Timer_Girouette_Conf  girouette.o
    0x08000b4c   0x08000b4c   0x0000000e   Code   RO          860    i.__scatterload_copy  mc_w.l(handlers.o)
    0x08000b5a   0x08000b5a   0x00000002   Code   RO          861    i.__scatterload_null  mc_w.l(handlers.o)
    0x08000b5c   0x08000b5c   0x0000000e   Code   RO          862    i.__scatterload_zeroinit  mc_w.l(handlers.o)
    0x08000b6a   0x08000b6a   0x00000004   Code   RO            5    i.assert_failed     main.o
    0x08000b6e   0x08000b6e   0x00000002   PAD
    0x08000b70   0x08000b70   0x00000098   Code   RO          103    i.bordage_conf_IO   bordage.o
    0x08000c08   0x08000c08   0x00000008   Code   RO          164    i.get_alpha         girouette.o
    0x08000c10   0x08000c10   0x00000010   Code   RO            6    i.main              main.o
    0x08000c20   0x08000c20   0x0000001a   Code   RO          213    i.rapport_cyclique_to_comparevalue  voiles.o
    0x08000c3a   0x08000c3a   0x00000002   PAD
    0x08000c3c   0x08000c3c   0x00000064   Code   RO          214    i.timer_voiles_conf  voiles.o
    0x08000ca0   0x08000ca0   0x0000005c   Code   RO          215    i.voiles_alpha_to_teta  voiles.o
    0x08000cfc   0x08000cfc   0x00000010   Code   RO          216    i.voiles_compare    voiles.o
    0x08000d0c   0x08000d0c   0x00000034   Code   RO          217    i.voiles_rapport_cyclique  voiles.o
    0x08000d40   0x08000d40   0x00000034   Code   RO          218    i.voiles_teta_to_ms  voiles.o
    0x08000d74   0x08000d74   0x00000023   Data   RO          165    .constdata          girouette.o
    0x08000d97   0x08000d97   0x00000023   Data   RO          219    .constdata          voiles.o
    0x08000dba   0x08000dba   0x00000002   PAD
    0x08000dbc   0x08000dbc   0x00000020   Data   RO          858    Region$$Table       anon$$obj.o


    Execution Region RW_IRAM1 (Exec base: 0x20000000, Load base: 0x08000ddc, Size: 0x00000418, Max: 0x00005000, ABSOLUTE)

    Exec Addr    Load Addr    Size         Type   Attr      Idx    E Section Name        Object

    0x20000000   0x08000ddc   0x00000014   Data   RW          105    .data               bordage.o
    0x20000014   0x08000df0   0x00000004   Data   RW          774    .data               system_stm32f1xx.o
    0x20000018        -       0x00000400   Zero   RW          805    STACK               startup_stm32f103xb.o


==============================================================================

Image component sizes


      Code (inc. data)   RO Data    RW Data    ZI Data      Debug   Object Name

       304         38          0         20          0      12486   bordage.o
       228         12         35          0          0      29703   girouette.o
       260         14          0          0          0     380284   main.o
        36          8        236          0       1024        780   startup_stm32f103xb.o
       276         48          0          0          0      28994   stm32f1xx_ll_tim.o
        40          6          0          0          0       2105   stm32f1xx_ll_utils.o
        88         18          0          4          0       1171   system_stm32f1xx.o
       446         46         35          0          0      28681   voiles.o

    ----------------------------------------------------------------------
      1682        190        340         24       1024     484204   Object Totals
         0          0         32          0          0          0   (incl. Generated)
         4          0          2          0          0          0   (incl. Padding)

    ----------------------------------------------------------------------

      Code (inc. data)   RO Data    RW Data    ZI Data      Debug   Library Member Name

         0          0          0          0          0          0   entry.o
         0          0          0          0          0          0   entry10a.o
         0          0          0          0          0          0   entry11a.o
         8          4          0          0          0          0   entry2.o
         4          0          0          0          0          0   entry5.o
         0          0          0          0          0          0   entry7b.o
         0          0          0          0          0          0   entry8b.o
         8          4          0          0          0          0   entry9a.o
        30          0          0          0          0          0   handlers.o
        36          8          0          0          0         68   init.o
         0          0          0          0          0          0   iusefp.o
        30          0          0          0          0         68   llshl.o
        36          0          0          0          0         68   llsshr.o
        32          0          0          0          0         68   llushr.o
        56          0          0          0          0         88   d2f.o
       334          0          0          0          0        148   dadd.o
       222          0          0          0          0        100   ddiv.o
       186          0          0          0          0        176   depilogue.o
       228          0          0          0          0         96   dmul.o
        38          0          0          0          0         68   f2d.o
       110          0          0          0          0        168   fepilogue.o
        50          0          0          0          0         68   ffixi.o
        18          0          0          0          0         68   fflti.o
       100          0          0          0          0         76   fmul.o

    ----------------------------------------------------------------------
      1526         16          0          0          0       1328   Library Totals
         0          0          0          0          0          0   (incl. Padding)

    ----------------------------------------------------------------------

      Code (inc. data)   RO Data    RW Data    ZI Data      Debug   Library Name

       184         16          0          0          0        272   mc_w.l
      1342          0          0          0          0       1056   mf_w.l

    ----------------------------------------------------------------------
      1526         16          0          0          0       1328   Library Totals

    ----------------------------------------------------------------------

==============================================================================


      Code (inc. data)   RO Data    RW Data    ZI Data      Debug   

      3208        206        340         24       1024     484072   Grand Totals
      3208        206        340         24       1024     484072   ELF Image Totals
      3208        206        340         24          0          0   ROM Totals

==============================================================================

    Total RO  Size (Code + RO Data)                 3548 (   3.46kB)
    Total RW  Size (RW Data + ZI Data)              1048 (   1.02kB)
    Total ROM Size (Code + RO Data + RW Data)       3572 (   3.49kB)

==============================================================================

